---
http_interactions:
- request:
    method: get
    uri: http://say.ly/TCc1CEp
    body:
      encoding: US-ASCII
      string: ''
    headers:
      accept:
      - ! '*/*'
      user-agent:
      - Ruby
  response:
    status:
      code: 301
      message: Moved Permanently
    headers:
      date:
      - Mon, 03 Dec 2012 07:57:02 GMT
      location:
      - http://www.whosay.com/TomHanks/content/250253?code=TCc1CEp
      content-type:
      - text/html;charset=UTF-8
      content-length:
      - '0'
      set-cookie:
      - SERVERID=i-8431d4fe; path=/
      connection:
      - close
      x-pad:
      - avoid browser bug
    body:
      encoding: US-ASCII
      string: ''
    http_version: '1.1'
  recorded_at: Mon, 03 Dec 2012 07:57:02 GMT
- request:
    method: get
    uri: http://www.whosay.com/TomHanks/content/250253?code=TCc1CEp
    body:
      encoding: US-ASCII
      string: ''
    headers:
      accept:
      - ! '*/*'
      user-agent:
      - Ruby
  response:
    status:
      code: 302
      message: Moved Temporarily
    headers:
      date:
      - Mon, 03 Dec 2012 07:57:02 GMT
      server:
      - Apache/2.2.3 (CentOS)
      location:
      - http://www.whosay.com/TomHanks/photos/148406
      content-length:
      - '0'
      vary:
      - Accept-Encoding
      content-type:
      - text/html;charset=UTF-8
      set-cookie:
      - JSESSIONID=60D29468DCF751D51E7268FB1D5490E8-n1; Expires=Tue, 03-Dec-2013 07:57:02
        GMT; Path=/; HttpOnly
      - SERVERID=i-80fc19fa; path=/
      connection:
      - close
    body:
      encoding: US-ASCII
      string: ''
    http_version: '1.1'
  recorded_at: Mon, 03 Dec 2012 07:57:02 GMT
- request:
    method: get
    uri: http://www.whosay.com/TomHanks/photos/148406
    body:
      encoding: US-ASCII
      string: ''
    headers:
      accept:
      - ! '*/*'
      user-agent:
      - Ruby
  response:
    status:
      code: 200
      message: OK
    headers:
      date:
      - Mon, 03 Dec 2012 07:57:03 GMT
      server:
      - Apache/2.2.3 (CentOS)
      vary:
      - Accept-Encoding
      content-type:
      - text/html;charset=UTF-8
      set-cookie:
      - JSESSIONID=99A24A2432FAF74A0AB0CC6799051414-n2; Expires=Tue, 03-Dec-2013 07:57:03
        GMT; Path=/; HttpOnly
      - SERVERID=i-8431d4fe; path=/
      connection:
      - close
      transfer-encoding:
      - chunked
    body:
      encoding: US-ASCII
      string: ! "\n\n\n\n\n\n\n\n\n\n\n\n\n\n\n\n\n\n\n\n\n\n\n\n\n\n\n\n\n\n\n\n\n\n\n\n\n\n\n\n\t\n\n\n\n\n\n\n\n
        \t\n\n\t\n\n    \n\n\n    \n\n\n\n\n\n\n\n\n\n\n\n\n\n\n\n\n\n\n\n\n\n\n<!DOCTYPE
        html PUBLIC \"-//W3C//DTD XHTML 1.0 Transitional//EN\" \"http://www.w3.org/TR/xhtml1/DTD/xhtml1-transitional.dtd\">\n<html
        xmlns=\"http://www.w3.org/1999/xhtml\" xml:lang=\"en\" lang=\"en\" xmlns:og=\"http://opengraphprotocol.org/schema/\"
        xmlns:fb=\"http://www.facebook.com/2008/fbml\">\n<head prefix=\"og: http://ogp.me/ns#
        fb: http://ogp.me/ns/fb# whosayforfans: http://ogp.me/ns/fb/whosayforfans#\">\n\n\t\n\n<script>\n\t(function(){\n\t\tvar
        bust=function(){\n\t\t\tdocument.write=\"\";\n\t\t\twindow.top.location=window.self.location;\n\t\t\tsetTimeout(function(){document.body.innerHTML='';},0);\n\t\t\twindow.self.onload=function(e){document.body.innerHTML='';};\n\t\t};\n\t\tif(
        window.top !== window.self ) {\n\t\t\ttry{if(window.top.location.host){}else{bust();}}catch(e){bust();}\n\t\t}\n\t})();\n</script>\n\n\t<title>Tom
        Hanks' photo on WhoSay</title>\n\n\t<meta http-equiv=\"Content-type\" content=\"text/html;
        charset=utf-8\" />\n\t<meta name=\"msvalidate.01\" content=\"A5F63D7827880406169F9B08961541D7\"
        />\n\n\t<meta property=\"fb:app_id\" content=\"173208492764455\" />\n\n\t\n\t\n\t<link
        rel=\"shortcut icon\" href=\"http://cdn1.whosaystatic.com/app/20121016.540c338/favicon.ico\"
        />\n\n\t\n\t\n\n\t<link rel=\"canonical\" href=\"http://www.whosay.com/TomHanks/photos/148406\"
        />\n\n\t<meta name=\"pageName\" content=\"mediaCenterPhoto\" />\n\n\t<meta
        name=\"keywords\" content=\"Tom Hanks, pictures, videos, bio, celebrity, twitter\"
        />\n\n\t\n\t\t<meta name=\"description\" content=\"Tom Hanks Photo on WhoSay
        - \" />\n\t\n\n\t\n\n\t\n\n\n\n<meta name=\"authRootUrl\" content=\"https://www.whosay.com\"
        />\n<meta name=\"authOrigin\" content=\"https://www.whosay.com\" />\n<meta
        name=\"authSourceOrigin\" content=\"http://www.whosay.com\" />\n\n\t<meta
        name=\"disqus-remote-auth-s3\" content=\"  \" />\n    <meta name=\"disqus-short-name\"
        content=\"whosay\" />\n    <meta name=\"disqus-identifier\" content=\"http:\\/\\/www.whosay.com\\/TomHanks\\/photos\\/148406\"
        />\n\n\t\n\t\n\t\n\t\t\n\t\t\t\n\t\t\t\n\n\t\t\n\n\t\t\t\n\t\t\t\t\n\t\t\t\t\t<meta
        property=\"og:type\"\tcontent=\"whosayforfans:photo\" />\n\t\t\t\t\t<meta
        property=\"og:title\"\tcontent=\"Tom Hanks&#039; Photo\" />\n\n\t\t\t\t\t\n\t\t\t\t\t\t<meta
        property=\"whosayforfans:posted_by\" content=\"http://www.whosay.com/TomHanks\"
        />\n\t\t\t\t\t\n\t\t\t\t\t\n  \t\t\t\t\t\t<meta property=\"whosayforfans:posted_on\"
        content=\"1332388800\" />\n  \t\t\t\t\t\n  \t\t\t\t\t<meta name=\"twitter:card\"
        value=\"photo\" />\n  \t\t\t\t\t<meta name=\"twitter:site\" value=\"@WhoSay\"
        />\n  \t\t\t\t\t<meta name=\"twitter:creator\" value=\"@tomhanks\" />\n  \t\t\t\t\t<meta
        name=\"twitter:url\" value=\"http://www.whosay.com/TomHanks/photos/148406\"
        />\n  \t\t\t\t\t<meta name=\"twitter:title\" value=\"Tom Hanks&#039; photo\"
        />\n  \t\t\t\t\t<meta name=\"twitter:description\" value=\"Tom Hanks posted
        a photo on WhoSay\" />\n  \t\t\t\t\t<meta name=\"twitter:image\" value=\"http://media.whosay.com/148406/148406_lalt.jpg\"
        />\n  \t\t\t\t\t<meta name=\"twitter:image:width\" value=\"800\" />\n  \t\t\t\t\t<meta
        name=\"twitter:image:height\" value=\"600\" />\n\n\t\t\t\t\n\t\t\t\t\n\t\t\t\n\n\t\t\t\n\t\t\t<meta
        property=\"og:url\"         content=\"http://www.whosay.com/TomHanks/photos/148406\"
        />\n\t\t\t<meta property=\"og:description\" content=\"Tom Hanks&#039; photo\"
        />\n\t\t\t<meta property=\"og:image\"\t\tcontent=\"http://media.whosay.com/148406/148406_mesq.jpg\"
        />\n\t\t\t\n\n\t\t\n\n \t\n\t\t\n\t\t\n\t\n\n\t\n\t\t\n\t\t\n\t\t\n\t\t\n\t\t\n\t\t\n\t\t\n\t\t\n\t\t\n\t\t\n\t<link
        rel=\"stylesheet\" type=\"text/css\" href=\"http://combo.whosaystatic.com/combo/20121016.540c338/lib/yui_2.9.0/reset/reset-min.css;20121016.540c338/lib/yui_2.9.0/fonts/fonts-min.css;20121016.540c338/css/mediacenter/iPad-min.css;20121016.540c338/css/www-common.v2-min.css;20121016.540c338/css/form-styles-min.css;20121016.540c338/css/mediacenter/template-public-min.css;20121016.540c338/css/whosay/snippets/tray-min.css;20121016.540c338/css/whosay/snippets/notifications-min.css;20121016.540c338/css/whosay/snippets/login-modal-min.css;20121016.540c338/css/whosay/snippets/login-buttons-min.css;\"
        media=\"screen, print\" />\n\n\t\n        \n        \n        \n        \n
        \       \n    <script type=\"text/javascript\" src=\"http://combo.whosaystatic.com/combo/20121016.540c338/js/whosay/environment/env-min.js;20121016.540c338/lib/yui_3.4.1/yui/yui-min.js;20121016.540c338/js/whosay/config/modules-min.js;20121016.540c338/js/whosay/router-min.js;20121016.540c338/js/whosay/helpers/module-helpers-min.js;\"></script>\n\n\t\n\t\n\t\n\n\t\n\n\t\n\n\t\t\n\t\t<!--[if
        lte IE 8]>\n\t\t\t<style type=\"text/css\">\n\t\t\t\t#contentMediaNavTools
        li a span,\n\t\t\t\t#contentMediaTools li.content-toolbar-tool a {\n\t\t\t\t\tbackground-color:
        transparent;\n\t\t\t\t}\n\t\t\t</style>\n\t\t<![endif]-->\n\t\t<!--[if gte
        IE 9]>\n\t\t\t<style type=\"text/css\">\n\t\t\t\t#contentMediaNavTools li
        a span,\n\t\t\t\t#contentMediaNavTools li a:hover span,\n\t\t\t\t#contentMediaNavTools
        li a:active span,\n\t\t\t\t#contentMediaTools li.content-toolbar-tool a,\n\t\t\t\t#contentMediaTools
        li.content-toolbar-tool a:hover,\n\t\t\t\t#contentMediaTools li.content-toolbar-tool
        a:active {\n\t\t\t\t\tfilter: progid:DXImageTransform.Microsoft.gradient(enabled='false');\n\t\t\t\t}\n\t\t\t</style>\n\t\t<![endif]-->\n\n\t\t\n\n\t\t<!--
        Google Plus -->\n\t\t<script type=\"text/javascript\" src=\"https://apis.google.com/js/plusone.js\">\n\t\t
        \   {\"parsetags\": \"explicit\"}\n\t\t</script>\n\t\n\n\t\n\n\t\n\t\n\t\n\t\n\t\n\t\n\t\n\t\n\n\t\n\t\n\t\n\t\n\t\n\t\n\t\n\n\t<style
        type=\"text/css\" id=\"mediaCenterSkinStyleSheet\">\n\t    #gigyaCommentsContainer-loginDropdown
        {\n\t       content: \"Comment\";\n\t    }\n\n\t\t\n\t\tbody {\n\t\t\tbackground-color:
        #6e8978;\n\t\t\tbackground-image: url(\"http://d1au12fyca1yp1.cloudfront.net/46834/tom-hanks-whosay.jpg\");\n\t\t}\n\n\t\t\n\t\t\n\n\t\t\n\t\t\n\t\t\t#page
        {\n\t\t\t\t\n\t\t\t\t\n\t\t\t\t\n\t\t\t\tmin-height: 924px;\n\t\t\t}\n\t\t\n\n\t\t\n\t\t\n\t\t\th1#header
        {\n\t\t\t\ttext-indent: -9999em;\n\t\t\t\ttext-align: left;\n\t\t\t\toverflow:
        hidden;\n\t\t\t}\n\t\t\n\n\t\t\n\t\t#page a, #page a:focus, #page a:active,
        #page a:visited,\n\t\t#footerCopyrightNotice a, #footerCopyrightNotice a:focus,
        #footerCopyrightNotice a:active, #footerCopyrightNotice a:visited\t{\n\t\t\tcolor:
        #609718;\n\t\t}\n\t\t#page a:hover,\n\t\t#footerCopyrightNotice a:hover {\n\t\t\tcolor:
        #70b01c;\n\t\t}\n\t\t#page a.highlighted {\n\t\t\tbackground-color: #e3f0d2;\n\t\t\tpadding:
        2px;\n\t\t}\n\n\t\t#contentWidgets a, #contentWidgets a:focus, #contentWidgets
        a:active, #contentWidgets a:visited {\n\t\t\tcolor: #72b31b;\n\t\t}\n\t\t#contentWidgets
        a:hover {\n\t\t\tcolor: #81cc1f;\n\t\t}\n\n\t\t\n\t\t#mediaCenterMainNav li
        a:hover,\n\t\t.media-center-page-header h2 {\n\t\t\tcolor: #70b01c;\n\t\t}\n\n\t\t.media-center-media-list-item:hover
        {\n\t\t\tborder-color: #70b01c;\n\t\t}\n\n\t\t\n\t\t#contentEmbedDialog form
        a, #contentEmbedDialog form a:focus, #contentEmbedDialog form a:active, #contentEmbedDialog
        form a:visited\t{\n\t\t\tcolor: #609718;\n\t\t\tfont-weight: bold;\n\t\t\tborder-bottom:
        1px dotted #999999;\n\t\t}\n\t\t#contentEmbedDialog form a:hover {\n\t\t\tcolor:
        #70b01c;\n\t\t}\n\t\t#contentEmbedDialog form a.highlighted {\n\t\t\tbackground-color:
        #e3f0d2;\n\t\t\tpadding: 2px;\n\t\t}\n\n\t\t\n\t\t#posts .menu li.selected
        a,\n\t\t#posts .menu li a:hover {\n\t\t\tbackground-color: #609718;\n\t\t}\n\t\t#posts
        .menu li.selected a:after {\n\t\t\tborder-color: #609718 transparent transparent
        transparent;\n\t\t}\n\n\t\t\n\t\t#mediaCenterMainNav li i {\n\t\t\tbackground-color:
        #72b31b;\n\t\t}\n\n\t</style>\n\n</head>\n<body class=\"yui-skin-sam\">\n\n\t\n\n\n<style
        type=\"text/css\">\n\thtml {background-position: center 40px;}\n\tbody {margin-top:40px;}\n</style>\n\t\n\n\n\n\n\n\n\n\n\n\n\n\n\n\n\n\n<div
        id=\"tray\">\n\n\t<div id=\"globalNavBar\">\n\t\t<div class=\"content clearfix\">\n\t\t\t<div
        id=\"globalNavBarLeft\">\n\t\t\t\t<ul id=\"nav\">\n\t\t\t\t\t<li class=\"topNavLogo\">\n\t\t\t\t\t\t<a
        href=\"http://www.whosay.com/home\">\n\t\t\t\t\t\t\n\t\t\t\t\t\t\t\n\t\t\t\t\t\t\t\n\t\t\t\t\t\t\t\t<h2>WhoSay</h2>\n\t\t\t\t\t\t\t\n\t\t\t\t\t\t\n\t\t\t\t\t\t</a></li>\n\t\t\t\t\t<li
        class=\"second\"><a href=\"http://www.whosay.com/galleries\">Photo Galleries</a></li>\n\t\t\t\t\t<li><a
        href=\"http://www.whosay.com/talent\">Talent</a></li>\n\t\t\t\t\t<li class=\"more\"><a
        href=\"#channels\" id=\"channelsDropLink\">Channels<em>*</em></a>\n\t\t\t\t\t\t<ul>\n\t\t\t\t\t\t\n\t\t\t\t\t\t\t<li><a
        href=\"http://www.whosay.com/trending/film-television\">Film &amp; Television</a></li>\n\t\t\t\t\t\t\n\t\t\t\t\t\t\t<li><a
        href=\"http://www.whosay.com/trending/music\">Music</a></li>\n\t\t\t\t\t\t\n\t\t\t\t\t\t\t<li><a
        href=\"http://www.whosay.com/trending/sports\">Sports</a></li>\n\t\t\t\t\t\t\n\t\t\t\t\t\t\t<li><a
        href=\"http://www.whosay.com/trending/comedy\">Comedy</a></li>\n\t\t\t\t\t\t\n\t\t\t\t\t\t\t<li><a
        href=\"http://www.whosay.com/trending/fashion\">Fashion</a></li>\n\t\t\t\t\t\t\n\t\t\t\t\t\t\t<li><a
        href=\"http://www.whosay.com/trending/authors-writers\">Authors &amp; Writers</a></li>\n\t\t\t\t\t\t\n\t\t\t\t\t\t\t<li><a
        href=\"http://www.whosay.com/trending/arts-culture\">Arts &amp; Culture</a></li>\n\t\t\t\t\t\t\n\t\t\t\t\t\t</ul>\n\t\t\t\t\t</li>\n\t\t\t\t</ul>\n\t\t\t\t<div
        id=\"search\">\n\t\t\t\t\t<input id=\"autocomplete\" placeholder=\"Search
        Talent\"/>\n\t\t\t\t</div>\n\t\t\t</div>\n\t\t\t<div id=\"accountNav\">\n\t\t\t\t<div
        id=\"accountNavContent\">\n\t\t\t\t\t\n\t\t\t\t\t\t\n\t\t\t\t\t\t\n\t\t\t\t\t\t\t\n\t\t\t\t\t\t\t\t\n\t\t\t\t\t\t\t\t\n\t\t\t\t\t\t\t\t\t\n\t\t\t\t\t\t\t\t\n\t\t\t\t\t\t\t\n\t\t\t\t\t\t\t<div
        class=\"logged-in-content logged-out\">\n\t\t\t\t\t\t\t\t<div id=\"loggedInNav\">\n\t\t\t\t\t\t\t\t\t\n\t\t\t\t\t\t\t\t\t\n\t\t\t\t\t\t\t\t\t\t<img
        class=\"account-profile-avatar\" data-src-url=\"\" />\n\t\t\t\t\t\t\t\t\t\n\t\t\t\t\t\t\t\t\t<div
        id=\"settingsNavLink\">\n\t\t\t\t\t\t\t\t\t\t<a href=\"https://www.whosay.com/account/settings\"
        id=\"meLink\">\n\t\t\t\t\t\t\t\t\t\t\t<span>Me</span>\n\t\t\t\t\t\t\t\t\t\t\t<em>*</em>\n\t\t\t\t\t\t\t\t\t\t</a>\n\t\t\t\t\t\t\t\t\t\t<ul
        id=\"fanDropMenu\">\n\t\t\t\t\t\t\t\t\t\t\t<li>\n\t\t\t\t\t\t\t\t\t\t\t\t<a
        href=\"https://www.whosay.com/account/settings\">Account Settings</a>\n\t\t\t\t\t\t\t\t\t\t\t</li>\n\t\t\t\t\t\t\t\t\t\t\t<li>\n\t\t\t\t\t\t\t\t\t\t\t\t<a
        href=\"/logout\" id=\"logoutLink\" data-client-name=\"Tom Hanks\" data-client-id=\"1335\">Log
        Out</a>\n\t\t\t\t\t\t\t\t\t\t\t</li>\n\t\t\t\t\t\t\t\t\t\t</ul>\n\t\t\t\t\t\t\t\t\t</div>\n\t\t\t\t\t\t\t\t</div>\n\t\t\t\t\t\t\t</div>\n\t\t\t\t\t\t\t<div
        class=\"logged-out-content logged-out\">\n\t\t\t\t\t\t\t\t<div id=\"loginButton\">\n\t\t\t\t\t\t\t\t\t<a
        class=\"slate button\" href=\"https://www.whosay.com/login\">\n\t\t\t\t\t\t\t\t\tLog
        In\n\t\t\t\t\t\t\t\t\t</a>\n\t\t\t\t\t\t\t\t</div>\n\t\t\t\t\t\t\t\t<div id=\"signUpButton\"
        class=\"button\">\n\t\t\t\t\t\t\t\t\t<a class=\"grass button signup-btn\"
        href=\"https://www.whosay.com/create-account\" data-client-name=\"Tom Hanks\">\n\t\t\t\t\t\t\t\t\t
        \   Sign Up\n\t\t\t\t\t\t\t\t\t</a>\n\t\t\t\t\t\t\t\t</div>\n\t\t\t\t\t\t\t</div>\n\t\t\t\t\t\t\n\t\t\t\t\t\n\t\t\t\t</div>\n\t\t\t</div>\n\t\t</div>\n\t</div>\n</div>\n\n\n\n\t<h1
        id=\"header\"><a href=\"http://www.whosay.com/TomHanks\">Tom Hanks</a></h1>\n\n\t\n\t\n\t\n\t\n\n\t<div
        id=\"page\">\n\t\t\n\n\t\t\n    \t<div id=\"content\">\n    \t\t\r\r\r\r\r\r\r\r\r\r\r\r\r\r\r\r\r\r\t<div
        id=\"mediaCenterMainNavWrap\">\r\r\t\t<ul id=\"mediaCenterMainNav\"><li class=\"first\"><a
        href=\"http://www.whosay.com/TomHanks?tab=trending\">Home</a><i></i></li><li><a
        href=\"http://www.whosay.com/TomHanks?tab=latest\">Latest</a><i></i></li><li
        ><a href=\"http://www.whosay.com/TomHanks/photos\">Photos</a><i></i></li><li
        ><a href=\"http://www.whosay.com/TomHanks/videos\">Videos</a><i></i></li>\r\t\t\t\t\r\t\t\t\r\t\t\t\t\r\t\t\t\r\t\t\t\r\t\t\r\t\t\r\t\t\t<li
        class=\"mainNavDropMenu\" id=\"socialDropMenuListItem\"><a href=\"#\">Social<em>*</em></a>\r\t\t\t\t<ul
        id=\"socialDropMenu\">\r\t\t\t\t\t<li class=\"facebook\"><a href=\"http://www.facebook.com/profile.php?id=129453496320\"
        target=\"_blank\" title=\"Tom Hanks on Facebook\"><span class=\"socialMenuIcon\">Facebook</span><span>View
        on Facebook</span></a></li><li class=\"twitter\"><a href=\"http://www.twitter.com/tomhanks\"
        target=\"_blank\" title=\"@tomhanks on Twitter\"><span class=\"socialMenuIcon\">Twitter</span><span>View
        on Twitter</span></a></li><li class=\"youtube\"><a href=\"http://www.youtube.com/tomhankschannel\"
        target=\"_blank\" title=\"Tom Hanks on YouTube\"><span class=\"socialMenuIcon\">YouTube</span><span>View
        on YouTube</span></a></li>\r\t\t\t\t\t<i></i>\r\t\t\t\t</ul>\r\t\t\t</li>\r\t\t\r\t\t\t\t\r\t\t\t\r\t\t</ul>\r\r\t</div>\r\n\n
        \   \t\t\n    \t\t\n\t\t\t\n\t\t\t\n\t\t\t\t\n\n\n\n\n\n\n\n\n\n\n\n\n\n\n\t\t\t\n\n\t
        \   \t<div id=\"contentMain\">\n\t    \t\t\n\t\t    \t\t\n\n\t\t\t\t\t\t\n\t\t\t\t\t\t\t\n\t\t
        \   \t\t\t\t\n\t\t    \t\t\t\t\t\n\t\t\t\t\t\t\t\t\t\n\t\t\t\t\t\t\t\t\n\t\t\t\t\t\t\t\t\t\n\t\t\t\t\t\t\t\t\n\t\t\t\t\t\t\t\t\t\n\t\t\t\t\t\t\t\t\n\t\t\t\t\t\t\t\t\t\n\t\t\t\t\t\t\t\t\n\t\t\t\t\t\t\t\t\t\n\t\t\t\t\t\t\t\t\n\t\t\t\t\t\t\t\t\t\n\t\t\t\t\t\t\t\t\n\t\t\t\t\t\t\t\t\t\n\t\t\t\t\t\t\t\t\n\t\t\t\t\t\t\t\t\t\n\t\t\t\t\t\t\t\t\n\t\t\t\t\t\t\t\t\t\n\t\t\t\t\t\t\t\t\n\t\t\t\t\t\t\t\t\t\n\t\t\t\t\t\t\t\t\n\t\t\t\t\t\t\t\t\t\n\t\t\t\t\t\t\t\t\n\t\t\t\t\t\t\t\t\t\n\t\t\t\t\t\t\t\t\n\t\t\t\t\t\t\t\t\t\n\t\t\t\t\t\t\t\t\n\t\t\t\t\t\t\t\t\t\n\t\t\t\t\t\t\t\t\n\t\t\t\t\t\t\t\t\t\n\t\t\t\t\t\t\t\t\n\t\t\t\t\t\t\t\t\t\n\t\t\t\t\t\t\t\t\n\t\t\t\t\t\t\t\t\t\n\t\t\t\t\t\t\t\t\n\t\t\t\t\t\t\t\t\t\n\t\t\t\t\t\t\t\t\n\t\t\t\t\t\t\t\t\t\n\t\t\t\t\t\t\t\t\n\t\t\t\t\t\t\t\t\t\n\t\t\t\t\t\t\t\t\n\t\t\t\t\t\t\t\t\t\n\t\t\t\t\t\t\t\t\n\t\t\t\t\t\t\t\t\t\n\t\t\t\t\t\t\t\t\n\t\t\t\t\t\t\t\t\t\n\t\t\t\t\t\t\t\t\n\t\t\t\t\t\t\t\t\t\n\t\t\t\t\t\t\t\t\n\t\t\t\t\t\t\t\t\t\n\t\t\t\t\t\t\t\t\n\t\t\t\t\t\t\t\t\t\n\t\t\t\t\t\t\t\t\n\t\t\t\t\t\t\t\t\t\n\t\t\t\t\t\t\t\t\t\t\n\t\t\t\t\t\t\t\t\t\t\n\t\t\t\t\t\t\t\t\t\n\t\t\t\t\t\t\t\t\n\t\t\t\t\t\t\t\t\t\n\t\t\t\t\t\t\t\t\n\t\t\t\t\t\t\t\t\t\n\t\t\t\t\t\t\t\t\n\t\t\t\t\t\t\t\t\t\n\t\t\t\t\t\t\t\t\n\t\t\t\t\t\t\t\t\t\n\t\t\t\t\t\t\t\t\n\t\t\t\t\t\t\t\t\t\n\t\t\t\t\t\t\t\t\n\t\t\t\t\t\t\t\t\t\n\t\t\t\t\t\t\t\t\n\t\t\t\t\t\t\t\t\t\n\t\t\t\t\t\t\t\t\n\t\t\t\t\t\t\t\t\t\n\t\t\t\t\t\t\t\t\n\t\t\t\t\t\t\t\t\t\n\t\t\t\t\t\t\t\t\n\t\t\t\t\t\t\t\t\t\n\t\t\t\t\t\t\t\t\n\t\t\t\t\t\t\t\t\t\n\t\t\t\t\t\t\t\t\n\t\t\t\t\t\t\t\t\t\n\t\t\t\t\t\t\t\t\n\t\t\t\t\t\t\t\t\t\n\t\t\t\t\t\t\t\t\n\t\t
        \   \t\t\t\t\n\t\t\t\t\t\t\t\n\t\t\t\t\t\t\t<div id=\"contentMedia\" class=\"content-media-type-image
        \ \">\n\t\t\t    \t\t\t\t<div id=\"mediaLoading\" class=\"hidden\">LOADING</div>\n\t\t\t
        \   \t\t\t\t<ul id=\"contentMediaNavTools\">\n\t\t\t\t    \t\t\t\t<li id=\"contentMediaNavNewerButton\"><a
        id=\"contentMediaNavNewerLink\" href=\"http://www.whosay.com/TomHanks/photos/149114\"><span>Newer</span></a></li>\n\t\t\t\t
        \   \t\t\t\t<li id=\"contentMediaNavOlderButton\"><a id=\"contentMediaNavOlderLink\"
        href=\"http://www.whosay.com/TomHanks/photos/143301\"><span>Older</span></a></li>\n\t\t\t\t\t
        \   \t\t</ul>\n\t\t\t\t\t    \t\t<ul id=\"contentMediaTools\">\n\t\t\t\t\t\t\t\t\t\n\t\t\t\t\t\t\t\t\t\t<li
        class=\"content-toolbar-tool\" id=\"contentEmbedToolbarTool\">\n\t\t\t\t\t\t\t\t\t\t\t<a
        id=\"contentEmbedButton\" class=\"disabled\" href=\"#embed\"><em>Embed</em></a>\n\t\t\t\t\t\t\t\t\t\t</li>\n\t\t\t\t\t\t\t\t\t\n\t\t\t\t\t\t\t\t\t<li
        class=\"content-toolbar-tool\" id=\"contentFullSizeToolbarTool\">\n\t\t\t\t\t\t\t\t\t\t<a
        id=\"contentFullSizeButton\" href=\"#fullSize\"><em>Full Size</em></a>\n\t\t\t\t\t\t\t\t\t</li>\n\t\t\t\t\t\t\t\t</ul>\n\t\t\t\t\t\t\t\t<div
        id=\"contentImageContainer\">\n\t\t\t\t\t\t\t\t\t<a id=\"nextImage\" href=\"http://www.whosay.com/TomHanks/photos/143301\">\n\t\t\t\t\t\t\t\t
        \   \t<div id=\"contentImageMask\"></div>\n\t\t\t\t\t\t\t\t\t\t\n\t\t\t\t\t\t\t\t\t\t\t\n\t\t\t\t\t\t\t\t\t\t\n\t\t\t\t\t\t\t\t\t\t<img
        id=\"contentImage\" src=\"http://media.whosay.com/148406/148406_la.jpg\" alt=\"Tom
        Hanks&#039; photo: \" />\n\t\t\t\t\t\t\t\t\t</a>\n\t\t\t\t\t\t\t\t</div>\n\t\t\t
        \   \t\t\t\t<div id=\"contentVideo\">\n\t\t\t    \t\t\t\t\t\n\t\t\t    \t\t\t\t</div>\n\t\t\t\t\t\t\t</div>\n\t\t\t\t\t\t\n\n\t\t\t\t\t\t<div
        id=\"contentOpenGraphActionNoticeContainer\">\n\t\t\t\t\t\t\t<div id=\"contentOpenGraphActionNotice\"
        class=\"collapsed\">Posted to Facebook Timeline <span id=\"contentOpenGraphActionRemoveLabel\">(<a
        id=\"contentOpenGraphActionRemove\" href=\"#remove\">remove</a>)</span></div>\n\t\t\t\t\t\t</div>\n\n\t\t\t\t\t\t\n\t\t\t\t\t\t\t\n\t\t\t\t\t\t\t\n\t\t\t\t\t\t\t\t\n\t\t\t\t\t\t\t\n\t\t\t\t\t\t\n\t\t\t\t\t\t<div
        id=\"contentMeta\" class=\"clearfix \">\n\n\t\t\t\t\t\t\t<div id=\"contentLike\"
        class=\"clearfix\">\n\t\t\t\t\t\t\t\t<div id=\"contentLikeButtonWrap\">\n\n\t\t\t\t\t\t\t\t\t\n\t\t\t\t\t\t\t\t\t<a
        href=\"#like\" id=\"contentLikeButton\"  class=\"like-button likable\"\n\t\t\t\t\t\t\t\t\t\t\t\t\t\t\t\t\t\t\ttitle=\"Like
        Tom Hanks&#039; photo\"\n\t\t\t\t\t\t\t\t\t\t\t\t\t\t\t\t\t\t\tdata-mediaId=\"148406\"\n\t\t\t\t\t\t\t\t\t\t\t\t\t\t\t\t\t\t\tdata-ogUrl=\"http://www.whosay.com/TomHanks/photos/148406\"\n\t\t\t\t\t\t\t\t\t\t\t\t\t\t\t\t\t\t\tdata-mediaTypeId=\"10\"\n\t\t\t\t\t\t\t\t\t\t\t\t\t\t\t\t\t\t\tdata-memberNamePossessive=\"Tom
        Hanks'\"\n\t\t\t\t\t\t\t\t\t\t\t\t\t\t\t\t\t\t\tdata-memberId=\"1335\"\n\t\t\t\t\t\t\t\t\t\t\t\t\t\t\t\t\t\t\tdata-memberName=\"Tom
        Hanks\"\n\t\t\t\t\t\t\t\t\t\t\t\t\t\t\t\t\t\t\tdata-contentId=\"\"\n\t\t\t\t\t\t\t\t\t\t\t\t\t\t\t\t\t\t\tdata-contentTypeId=\"0\">\n\t\t\t\t\t\t\t\t\t\t<span
        class=\"like-icon\"></span>\n\t\t\t\t\t\t\t\t\t</a>\n\t\t\t\t\t\t\t\t\t<div
        class=\"like-button-cloud \">\n\t\t\t\t\t\t\t\t\t\t<div class=\"like-button-nub\">\n\t\t\t\t\t\t\t\t\t\t\t<em
        class=\"like-button-nub-border\"></em>\n\t\t\t\t\t\t\t\t\t\t\t<em class=\"like-button-nub-inner\"></em>\n\t\t\t\t\t\t\t\t\t\t</div>\n\t\t\t\t\t\t\t\t\t\t<div
        class=\"like-button-cloud-count\">8</div>\n\t\t\t\t\t\t\t\t\t</div>\n\t\t\t\t\t\t\t\t</div>\n\n\t\t\t\t\t\t\t\t\n\t\t\t\t\t\t\t\t<div
        id=\"contentLikeText\">\n\t\t\t\t\t\t\t\t\t<p>\n\t\t\t\t\t\t\t\t\t\n\t\t\t\t\t\t\t\t\t\t\n\t\t\t\t\t\t\t\t\t\t\n\t\t\t\t\t\t\t\t\t\t\tTell
        <em>Tom Hanks</em> you like this\n\t\t\t\t\t\t\t\t\t\t\n\t\t\t\t\t\t\t\t\t\n\t\t\t\t\t\t\t\t\t</p>\n\t\t\t\t\t\t\t\t</div>\n\t\t\t\t\t\t\t</div>\n\n\t\t\t\t\t\t\t\n\t\t\t\t\t\t\t\n\t\t\t\t\t\t\t\n\t\t\t\t\t\t\t\n\t\t\t\t\t\t\t\t\n\t\t\t\t\t\t\t\n\t\t\t\t\t\t\t\n\t\t\t\t\t\t\t\n\n\t\t\t\t\t\t\t<div
        id=\"contentInfo\" class=\" content-has-categories\">\n\n\t\t\t\t\t\t\t\t<!--
        \ -->\n\n\t\t\t\t\t\t\t\t\n\t\t\t\t\t\t\t\t\n\n\t\t\t\t\t\t\t\t\n\t\t\t\t\t\t\t\t\t\n\t\t\t\t\t\t\t\t\t\t<div
        id=\"contentDescriptionDrawer\">\n\t\t\t\t\t\t\t\t\t\t\t<div id=\"contentDescriptionContainer\"><p
        id=\"contentDescription\" class=\"no-caption\">\n\t\t\t\t\t\t\t\t\t\t<span
        id=\"contentDate\">2012-03-22</span><span id=\"contentCaption\"></span>\n\t\t\t\t\t\t\t\t\t</p>\n\n\t\t\t\t\t\t\t\t\t<div
        id=\"contentMediaEditorialContainer\">\n\t\t\t\t\t\t\t\t\t\t<h2>WhoSay Caption</h2>\n\t\t\t\t\t\t\t\t\t\t<span
        id=\"contentMediaEditorial\"></span>\n\t\t\t\t\t\t\t\t\t</div>\n\n\t\t\t\t\t\t\t\t\t<div
        id=\"contentCategories\" class=\"tag-container\">\n\t\t\t\t\t\t\t\t\t\t<span
        class=\"label\">Categories</span>\n\t\t\t\t\t\t\t\t\t\t<ul id=\"contentCategoryList\"><li><a
        href=\"http://www.whosay.com/TomHanks/categories/inspirational\">inspirational</a></li></ul>\n\t\t\t\t\t\t\t\t\t</div>\n\n\t\t\t\t\t\t\t\t\t<div
        id=\"contentTags\" class=\"tag-container\">\n\t\t\t\t\t\t\t\t\t\t<span class=\"label\">Tags</span>\n\t\t\t\t\t\t\t\t\t\t<ul
        id=\"contentTagList\"></ul>\n\t\t\t\t\t\t\t\t\t</div></div>\n\t\t\t\t\t\t\t\t\t\t</div>\n\t\t\t\t\t\t\t\t\t\t<a
        href=\"#showMore\" id=\"contentDescriptionDrawerShowMore\"><span>Show more</span></a>\n\t\t\t\t\t\t\t\t\t\n\t\t\t\t\t\t\t\t\t\n\t\t\t\t\t\t\t\t\n\n\t\t\t\t\t\t\t\t\n\t\t\t\t\t\t\t\t\t\n\t\t\t\t\t\t\t\t\t\n\t\t\t\t\t\t\t\t\n\n\t\t\t\t\t\t\t</div>\n\n\t\t\t\t\t\t\t<div
        id=\"contentToolbar\" class=\"shareBarMediaCenter shareBar\" data-url=\"http://www.whosay.com/TomHanks/photos/148406\"
        data-title=\"Tom Hanks&#039; photo\" data-twitterScreenName=\"tomhanks\" data-client-name=\"Tom
        Hanks\" data-media-type-id=\"10\">\n\t\t\t\t\t\t\t</div>\n\n\t\t\t\t\t\t\t\n\t\t\t\t\t\t\t\t<div
        id=\"recentCommentWrap\"></div>\n\t\t\t\t\t\t\t\n\n\t\t\t\t\t\t</div>\n\n\t\t\t\t\t\t\n\t\t\t\t\t\t\t\n\t\t\t\t\t\t\t\t<div
        class=\"commentsHeader\">\n\t\t\t    \t\t\t\t\t<h2>Comments</h2>\n\t\t\t    \t\t\t\t\t\n\t\t\t\t\t\t\t\t\t\t\n\t\t\t\t\t\t\t\t\t\t\t<a
        href=\"#login\" class=\"comment-login\">Please log in to leave a comment.</a>\n\t\t\t\t\t\t\t\t\t\t\n\t\t\t\t\t\t\t\t\t\n\t\t\t
        \   \t\t\t\t</div>\n\t\t\t    \t\t\t\t<a name=\"comments\"></a>\n\t\t\t\t\t\t\t\t<div
        id=\"disqus_thread\" style=\"padding:1em;\" data-page=\"media center\" data-media-type=\"photo\"></div>\n\t\t\t\t\t\t\t\t\n\t\t\t\t\t\t\t\t\t\t\n\t\t\t\t\t\t\t\t\t\t\t<a
        href=\"#login\" class=\"comment-login\">Please log in to leave a comment.</a>\n\t\t\t\t\t\t\t\t\t\t\n\t\t\t\t\t\t\t\t\n\n\t\t\t\t\t\t\t
        \   <script type=\"text/javascript\">\n\t\t\t\t\t\t\t    \tvar disqus_shortname,
        disqus_identifier, disqus_title;\n\t\t\t\t\t\t\t    \tdisqus_shortname = 'whosay';\n\t\t\t\t\t\t\t
        \   \tdisqus_identifier = 'http:\\/\\/www.whosay.com\\/TomHanks\\/photos\\/148406';\n\t\t\t\t\t\t\t
        \   \t\n\t\t\t\t\t\t\t    \t\t\n\t\t\t\t\t\t\t    \t\t\t\n\t\t\t\t\t\t\t    \t\t\n\t\t\t\t\t\t\t
        \   \t\t\n\t\t\t\t\t\t\t    \t\t\n\t\t\t\t\t\t\t    \t\n\t\t\t\t\t\t    \t\tdisqus_title
        = 'Tom Hanks\\' photo ';\n\t\t\t\t\t\t\t    </script>\n\t\t\t\t\t\t\t\n\t\t\t\t\t\t\t\n\t\t\t\t\t\t\n\t\t\t\t\t\n\t\t\t\t\t\n\t\t\t\t\n\n\n\t
        \   \t</div>\n\n\t    \t<ul id=\"contentWidgets\">\n\n\t\t\t\t<li class=\"content-widget
        content-widget-Subscribe\">\n\t\t\t\t\t\n\n\n\n\n\n\n\n\n\n\n\n\n\n\n\n\n\n\n\n\n\n\n<style
        type=\"text/css\">\n\t#subscribe_wrap .hide,\n\t#subscribe_wrap .fan-reg-addl-slides
        form .fan-reg-error-msg.hide,\n\t.fan-reg.loading { display: none; }\n\t.yui3-widget-mask
        {\n \t\tbackground-color: black;\n    \topacity: 0;\n    \t-ms-filter:\"progid:DXImageTransform.Microsoft.Alpha(Opacity=90)\";\n\t}\n\t.yui3-panel
        { outline: 0; }\n\t.yui3-panel-content .yui3-widget-hd { font-weight: bold;
        }\n\t.yui3-panel-content .yui3-widget-bd { padding: 15px; }\n</style>\n\n<div
        id=\"subscribe_wrap\" class=\"subscribe_wrap\">\n\t<input type=\"hidden\"
        name=\"client_id\" id=\"client_id\" value=\"1335\" />\n\t<span class=\"get_latest\">Get
        the latest from Tom Hanks</span>\n\t<span class=\"subscribe_meta\">Photos,
        videos &amp; more</span>\n\t\t\n            \n            \t<a class=\"subscribe_btn
        subscribable\" id=\"subscribe_btn\" href=\"#\" title=\"Follow Tom Hanks on
        WhoSay\" data-member-id=\"1335\" data-member-name=\"Tom Hanks\" data-media-id=\"148406\">\n
        \               \t<span>Follow</span>\n                </a>\n            \n
        \           \n        \n\n\t\n\n\n\n\n\n\n\n\n\n\n\n\n\n<div class=\"fan-reg
        confirmation fan-reg-addl-slides fan-reg-fourth-slide hide\">\n\t<a class=\"fan-reg-close-btn\"
        href=\"#\" title=\"Close\"><span>Close</span></a>\n\t<div class=\"fan-reg-beta-tag\"><span>WhoSay
        beta</span></div>\n\t<div class=\"fan-reg-inner\">\n\t\t<div class=\"fan-reg-addl-slides-content\">\n\t\t\t<h3>Congratulations!</h3>\n\t\t\t<p>We
        sent an email to <strong id=\"fan-reg-email-address\" class=\"email-address\"></strong>
        for confirmation. If you don't see the email in a few minutes, please check
        your spam folder.</p>\n\t\t</div>\n\t</div>\n</div>\n\n\t<script id=\"suggested-accounts-li\"
        type=\"text/template\">\n\t    <li class=\"fan-reg-more-account\">\n\t        <div
        class=\"client-image-wrapper\" style=\"\">\n                <a href=\"{public_root_url}\"
        title=\"{name}\" target=\"_blank\">\n\t               <img src=\"{photo_url}\"
        alt=\"\" width=\"200px\" height=\"200px\" />\n\t           </a>\n            </div>\n\t
        \       <span class=\"fan-reg-more-account-name\">{name}</span>\n\t        <a
        class=\"fan-reg-more-subscribe-btn\" title=\"Follow {name}\" href=\"#\" data-member-id=\"{id}\"
        data-member-name=\"{name}\"><span>Follow</span></a>\n\t    </li>\n    </script>\n</div>\n<div
        id=\"subscribeWidgetBottom\">\n\t<div id=\"fbConnectWidget\" >\n\t\t<a id=\"fbConnectWidgetBtn\"
        class=\"fb-connect-btn\" href=\"#\" title=\"Log In to WhoSay with Facebook\">\n\t\t\t<i
        class=\"fb-connect-icon\"></i>\n\t\t\t<span class=\"fb-connect-text\">Log
        In with Facebook</span>\n\t\t</a>\n\t</div>\n\t<div id=\"facepile\">\n    \t<div
        class=\"fb-facepile fb-facepile-widget\" data-max-rows=\"1\" data-width=\"293\"
        style=\"background-color:#F6F6F6;min-height:45px;\"></div>\n    </div>\n</div>\n\t\t
        \   \t</li>\n\n\t    \t\t\n\t    \t\t<li class=\"content-widget content-widget-LatestPosts\">\n\t\t\t\t\t<h2><em>Latest</em>
        Posts</h2>\n\t\t\t\t\t\n\n\n\n\n\n\n\n\n\n\n\n\n\n\n\n\n\n\n\n\n\n\n\n\n\n\t\n\t\n\n\t\t\n\t\t\t\n\t\t\t\t\n\t\t\t\n\t\t\t\t\n\t\t\t\n\t\t\t\t\n\t\t\t\n\t\t\t\t\n\t\t\t\n\t\t\t\t\n\t\t\t\n\t\t\t\t\n\t\t\t\n\t\t\t\t\n\t\t\t\n\t\t\t\t\n\t\t\t\n\t\t\t\t\n\t\t\t\n\t\t\t\t\n\t\t\t\n\t\t\t\t\n\t\t\t\n\t\t\t\t\n\t\t\t\n\t\t\t\t\n\t\t\t\n\t\t\t\t\n\t\t\t\n\t\t\t\t\n\t\t\t\n\t\t\t\t\n\t\t\t\n\t\t\t\t\n\t\t\t\n\t\t\t\t\n\t\t\t\n\t\t\t\t\n\t\t\t\n\t\t\t\t\n\t\t\t\n\t\t\t\t\n\t\t\t\n\t\t\t\t\n\t\t\t\n\t\t\t\t\n\t\t\t\n\t\t\t\t\n\t\t\t\n\t\t\t\t\n\t\t\t\n\t\t\t\t\n\t\t\t\n\t\t\t\t\n\t\t\t\t\t\n\t\t\t\t\n\t\t\t\n\t\t\t\t\n\t\t\t\n\t\t\t\t\n\t\t\t\n\t\t\t\t\n\t\t\t\n\t\t\t\t\n\t\t\t\n\t\t\t\t\n\t\t\t\n\t\t\t\t\n\t\t\t\n\t\t\t\t\n\t\t\t\n\t\t\t\t\n\t\t\t\n\t\t\t\t\n\t\t\t\n\t\t\t\t\n\t\t\t\n\t\t\t\t\n\t\t\t\n\t\t\t\t\n\t\t\t\n\t\t\t\t\n\t\t\t\n\t\t\n\n\t\t\n\t\t\t\n\t\t\t\t<div
        id=\"mediaCenterLatestPostsWidget\" class=\"media-center-thumbnail-carousel-container
        media-center-latestposts-carousel-container\">\n\n\t\t\t\t\t<div class=\"media-center-thumbnail-container\">\n\t\t\t\t\t\t\n\t\t\t\t\t\t\n\t\t\t\t\t\t\t\n\t\t\t\t\t\t\n\t\t\t\t\t\t<ol
        class=\"media-center-thumbnail-list\" style=\"margin-left: -2525.0px;\"><li
        class=\"media-center-thumbnail-item \" title=\"Thanks to the Hot Racking&#039;s
        crew of the &#034;Mighty Montpelier&#034;.  Loved the tour. Submariners are
        bodacious.  Hanx\">\n\t\t\t\t\t\t\t\t\t\n\t\t\t\t\t\t\t\t\t\n\t\t\t\t\t\t\t\t\t<a
        href=\"http://www.whosay.com/TomHanks/photos/199883\">\n\t\t\t\t\t\t\t\t\t\t<img
        id=\"mediaCenterLatestPostsWidgetThumbnail199883\"  />\n\t\t\t\t\t\t\t\t\t\t\n\t\t\t\t\t\t\t\t\t</a>\n\t\t\t\t\t\t\t\t</li><li
        class=\"media-center-thumbnail-item \" title=\"Was in London and ate here
        twice.  Various Locations but I go to the one in Harvey Nicks.  Hanx\">\n\t\t\t\t\t\t\t\t\t\n\t\t\t\t\t\t\t\t\t\n\t\t\t\t\t\t\t\t\t<a
        href=\"http://www.whosay.com/TomHanks/photos/199394\">\n\t\t\t\t\t\t\t\t\t\t<img
        id=\"mediaCenterLatestPostsWidgetThumbnail199394\"  />\n\t\t\t\t\t\t\t\t\t\t\n\t\t\t\t\t\t\t\t\t</a>\n\t\t\t\t\t\t\t\t</li><li
        class=\"media-center-thumbnail-item \" title=\"A great movie in fabulous local
        cinema in Ghent area of Norfolk VA. Judge by the marquis alone!  Hanx\">\n\t\t\t\t\t\t\t\t\t\n\t\t\t\t\t\t\t\t\t\n\t\t\t\t\t\t\t\t\t<a
        href=\"http://www.whosay.com/TomHanks/videos/196728\">\n\t\t\t\t\t\t\t\t\t\t<img
        id=\"mediaCenterLatestPostsWidgetThumbnail196728\"  />\n\t\t\t\t\t\t\t\t\t\t\n\t\t\t\t\t\t\t\t\t\t\t<span
        class=\"video-overlay\">Video</span>\n\t\t\t\t\t\t\t\t\t\t\n\t\t\t\t\t\t\t\t\t</a>\n\t\t\t\t\t\t\t\t</li><li
        class=\"media-center-thumbnail-item \" title=\"27 years, been meaning to hit
        the Tip Top Tap.  Too late!  Closed in the 60&#039;s.  Cool sign, though.
        \ Hanx\">\n\t\t\t\t\t\t\t\t\t\n\t\t\t\t\t\t\t\t\t\n\t\t\t\t\t\t\t\t\t<a href=\"http://www.whosay.com/TomHanks/photos/195404\">\n\t\t\t\t\t\t\t\t\t\t<img
        id=\"mediaCenterLatestPostsWidgetThumbnail195404\"  />\n\t\t\t\t\t\t\t\t\t\t\n\t\t\t\t\t\t\t\t\t</a>\n\t\t\t\t\t\t\t\t</li><li
        class=\"media-center-thumbnail-item \" title=\"Crack in the Chicago Sky -
        fitting for the week we  lost the friend we loved. Nora signed her notes:
        \ xxo  Hanx\">\n\t\t\t\t\t\t\t\t\t\n\t\t\t\t\t\t\t\t\t\n\t\t\t\t\t\t\t\t\t<a
        href=\"http://www.whosay.com/TomHanks/photos/194133\">\n\t\t\t\t\t\t\t\t\t\t<img
        id=\"mediaCenterLatestPostsWidgetThumbnail194133\"  />\n\t\t\t\t\t\t\t\t\t\t\n\t\t\t\t\t\t\t\t\t</a>\n\t\t\t\t\t\t\t\t</li><li
        class=\"media-center-thumbnail-item \" title=\"Look at this photo.  Anyone
        know what it means?  Anyone?  I&#039;m stumped. Hanx\">\n\t\t\t\t\t\t\t\t\t\n\t\t\t\t\t\t\t\t\t\n\t\t\t\t\t\t\t\t\t<a
        href=\"http://www.whosay.com/TomHanks/photos/190724\">\n\t\t\t\t\t\t\t\t\t\t<img
        id=\"mediaCenterLatestPostsWidgetThumbnail190724\"  />\n\t\t\t\t\t\t\t\t\t\t\n\t\t\t\t\t\t\t\t\t</a>\n\t\t\t\t\t\t\t\t</li><li
        class=\"media-center-thumbnail-item \" title=\"Or as Woody would say &#034;Play
        nice.&#034; Hanx\">\n\t\t\t\t\t\t\t\t\t\n\t\t\t\t\t\t\t\t\t\n\t\t\t\t\t\t\t\t\t<a
        href=\"http://www.whosay.com/TomHanks/photos/190281\">\n\t\t\t\t\t\t\t\t\t\t<img
        id=\"mediaCenterLatestPostsWidgetThumbnail190281\"  />\n\t\t\t\t\t\t\t\t\t\t\n\t\t\t\t\t\t\t\t\t</a>\n\t\t\t\t\t\t\t\t</li><li
        class=\"media-center-thumbnail-item \" title=\"Who&#034;s hungry?  I&#039;m
        buying!  Such a deal!  Hanx\">\n\t\t\t\t\t\t\t\t\t\n\t\t\t\t\t\t\t\t\t\n\t\t\t\t\t\t\t\t\t<a
        href=\"http://www.whosay.com/TomHanks/photos/189572\">\n\t\t\t\t\t\t\t\t\t\t<img
        id=\"mediaCenterLatestPostsWidgetThumbnail189572\"  />\n\t\t\t\t\t\t\t\t\t\t\n\t\t\t\t\t\t\t\t\t</a>\n\t\t\t\t\t\t\t\t</li><li
        class=\"media-center-thumbnail-item \" title=\"I was a few too many timezones
        away, but new names will be etched on the item carried in this photo.  Hanx\">\n\t\t\t\t\t\t\t\t\t\n\t\t\t\t\t\t\t\t\t\n\t\t\t\t\t\t\t\t\t<a
        href=\"http://www.whosay.com/TomHanks/photos/187090\">\n\t\t\t\t\t\t\t\t\t\t<img
        id=\"mediaCenterLatestPostsWidgetThumbnail187090\"  />\n\t\t\t\t\t\t\t\t\t\t\n\t\t\t\t\t\t\t\t\t</a>\n\t\t\t\t\t\t\t\t</li><li
        class=\"media-center-thumbnail-item \" title=\"As a Kings fan since the purple
        and gold uniforms, i offer this photo/thought. Hanx\">\n\t\t\t\t\t\t\t\t\t\n\t\t\t\t\t\t\t\t\t\n\t\t\t\t\t\t\t\t\t<a
        href=\"http://www.whosay.com/TomHanks/photos/183764\">\n\t\t\t\t\t\t\t\t\t\t<img
        id=\"mediaCenterLatestPostsWidgetThumbnail183764\"  />\n\t\t\t\t\t\t\t\t\t\t\n\t\t\t\t\t\t\t\t\t</a>\n\t\t\t\t\t\t\t\t</li><li
        class=\"media-center-thumbnail-item \" title=\"Another Furst:  KINGDOM OF
        SHADOWS.  Paris 1938. Can&#039;t help but aim to read ALL Furst&#039;s historical
        spy novels. Hanx\">\n\t\t\t\t\t\t\t\t\t\n\t\t\t\t\t\t\t\t\t\n\t\t\t\t\t\t\t\t\t<a
        href=\"http://www.whosay.com/TomHanks/photos/180699\">\n\t\t\t\t\t\t\t\t\t\t<img
        id=\"mediaCenterLatestPostsWidgetThumbnail180699\"  />\n\t\t\t\t\t\t\t\t\t\t\n\t\t\t\t\t\t\t\t\t</a>\n\t\t\t\t\t\t\t\t</li><li
        class=\"media-center-thumbnail-item \" title=\"A bowl of mussels, a pint of
        Cisk (pronounced &#034;Chisk&#034;) and this view means you&#039;re at dinner
        in Malta!  Lucky you. Hanx\">\n\t\t\t\t\t\t\t\t\t\n\t\t\t\t\t\t\t\t\t\n\t\t\t\t\t\t\t\t\t<a
        href=\"http://www.whosay.com/TomHanks/photos/178252\">\n\t\t\t\t\t\t\t\t\t\t<img
        id=\"mediaCenterLatestPostsWidgetThumbnail178252\"  />\n\t\t\t\t\t\t\t\t\t\t\n\t\t\t\t\t\t\t\t\t</a>\n\t\t\t\t\t\t\t\t</li><li
        class=\"media-center-thumbnail-item \" title=\"In Malta?  Get to know THIS
        MAN -on right.  Seek his favor. Obey him. (Fear Him). You have been warned.
        \ Hanx\">\n\t\t\t\t\t\t\t\t\t\n\t\t\t\t\t\t\t\t\t\n\t\t\t\t\t\t\t\t\t<a href=\"http://www.whosay.com/TomHanks/photos/177380\">\n\t\t\t\t\t\t\t\t\t\t<img
        id=\"mediaCenterLatestPostsWidgetThumbnail177380\"  />\n\t\t\t\t\t\t\t\t\t\t\n\t\t\t\t\t\t\t\t\t</a>\n\t\t\t\t\t\t\t\t</li><li
        class=\"media-center-thumbnail-item \" title=\"Worked with Angus Maginnes,
        who happened to play GOLD LEADER in a little movie called STAR WARS.  A legend.
        \ Hanx\">\n\t\t\t\t\t\t\t\t\t\n\t\t\t\t\t\t\t\t\t\n\t\t\t\t\t\t\t\t\t<a href=\"http://www.whosay.com/TomHanks/photos/176623\">\n\t\t\t\t\t\t\t\t\t\t<img
        id=\"mediaCenterLatestPostsWidgetThumbnail176623\"  />\n\t\t\t\t\t\t\t\t\t\t\n\t\t\t\t\t\t\t\t\t</a>\n\t\t\t\t\t\t\t\t</li><li
        class=\"media-center-thumbnail-item \" title=\"I read you:  NIGHT, PILLARS
        OF THE EARTH,  &amp; UNBROKEN all superb.  Working nights gave me time for
        another Furst. Hanx\">\n\t\t\t\t\t\t\t\t\t\n\t\t\t\t\t\t\t\t\t\n\t\t\t\t\t\t\t\t\t<a
        href=\"http://www.whosay.com/TomHanks/photos/176068\">\n\t\t\t\t\t\t\t\t\t\t<img
        id=\"mediaCenterLatestPostsWidgetThumbnail176068\"  />\n\t\t\t\t\t\t\t\t\t\t\n\t\t\t\t\t\t\t\t\t</a>\n\t\t\t\t\t\t\t\t</li><li
        class=\"media-center-thumbnail-item \" title=\"Malta?  Fabulous place.  Easy
        to get around too.  Just follow the signs! Check out Marsaxlokk! Hanx\">\n\t\t\t\t\t\t\t\t\t\n\t\t\t\t\t\t\t\t\t\n\t\t\t\t\t\t\t\t\t<a
        href=\"http://www.whosay.com/TomHanks/photos/173474\">\n\t\t\t\t\t\t\t\t\t\t<img
        id=\"mediaCenterLatestPostsWidgetThumbnail173474\"  />\n\t\t\t\t\t\t\t\t\t\t\n\t\t\t\t\t\t\t\t\t</a>\n\t\t\t\t\t\t\t\t</li><li
        class=\"media-center-thumbnail-item \" title=\"Happy Mother&#039;s Day, Mom.
        \ Thanks for everything.  Love. Tommy.  Hanx\">\n\t\t\t\t\t\t\t\t\t\n\t\t\t\t\t\t\t\t\t\n\t\t\t\t\t\t\t\t\t<a
        href=\"http://www.whosay.com/TomHanks/photos/171859\">\n\t\t\t\t\t\t\t\t\t\t<img
        id=\"mediaCenterLatestPostsWidgetThumbnail171859\"  />\n\t\t\t\t\t\t\t\t\t\t\n\t\t\t\t\t\t\t\t\t</a>\n\t\t\t\t\t\t\t\t</li><li
        class=\"media-center-thumbnail-item \" title=\"My morning commute. Maybe I
        should get a bike. Hanx\">\n\t\t\t\t\t\t\t\t\t\n\t\t\t\t\t\t\t\t\t\n\t\t\t\t\t\t\t\t\t<a
        href=\"http://www.whosay.com/TomHanks/videos/169247\">\n\t\t\t\t\t\t\t\t\t\t<img
        id=\"mediaCenterLatestPostsWidgetThumbnail169247\"  />\n\t\t\t\t\t\t\t\t\t\t\n\t\t\t\t\t\t\t\t\t\t\t<span
        class=\"video-overlay\">Video</span>\n\t\t\t\t\t\t\t\t\t\t\n\t\t\t\t\t\t\t\t\t</a>\n\t\t\t\t\t\t\t\t</li><li
        class=\"media-center-thumbnail-item \" title=\"Top billing? Great venue! First
        show. What a Babe! Hanx\">\n\t\t\t\t\t\t\t\t\t\n\t\t\t\t\t\t\t\t\t\n\t\t\t\t\t\t\t\t\t<a
        href=\"http://www.whosay.com/TomHanks/photos/165794\">\n\t\t\t\t\t\t\t\t\t\t<img
        id=\"mediaCenterLatestPostsWidgetThumbnail165794\"  />\n\t\t\t\t\t\t\t\t\t\t\n\t\t\t\t\t\t\t\t\t</a>\n\t\t\t\t\t\t\t\t</li><li
        class=\"media-center-thumbnail-item \" title=\"Can I join this car pool?  Hanx\">\n\t\t\t\t\t\t\t\t\t\n\t\t\t\t\t\t\t\t\t\n\t\t\t\t\t\t\t\t\t<a
        href=\"http://www.whosay.com/TomHanks/videos/162872\">\n\t\t\t\t\t\t\t\t\t\t<img
        id=\"mediaCenterLatestPostsWidgetThumbnail162872\"  />\n\t\t\t\t\t\t\t\t\t\t\n\t\t\t\t\t\t\t\t\t\t\t<span
        class=\"video-overlay\">Video</span>\n\t\t\t\t\t\t\t\t\t\t\n\t\t\t\t\t\t\t\t\t</a>\n\t\t\t\t\t\t\t\t</li><li
        class=\"media-center-thumbnail-item \" title=\"\">\n\t\t\t\t\t\t\t\t\t\n\t\t\t\t\t\t\t\t\t\n\t\t\t\t\t\t\t\t\t<a
        href=\"http://www.whosay.com/TomHanks/photos/154843\">\n\t\t\t\t\t\t\t\t\t\t<img
        id=\"mediaCenterLatestPostsWidgetThumbnail154843\"  />\n\t\t\t\t\t\t\t\t\t\t\n\t\t\t\t\t\t\t\t\t</a>\n\t\t\t\t\t\t\t\t</li><li
        class=\"media-center-thumbnail-item \" title=\"Night or day, great food!  Mole
        tacos!  Hanx.\">\n\t\t\t\t\t\t\t\t\t\n\t\t\t\t\t\t\t\t\t\n\t\t\t\t\t\t\t\t\t<a
        href=\"http://www.whosay.com/TomHanks/photos/153876\">\n\t\t\t\t\t\t\t\t\t\t<img
        id=\"mediaCenterLatestPostsWidgetThumbnail153876\"  />\n\t\t\t\t\t\t\t\t\t\t\n\t\t\t\t\t\t\t\t\t</a>\n\t\t\t\t\t\t\t\t</li><li
        class=\"media-center-thumbnail-item \" title=\"\">\n\t\t\t\t\t\t\t\t\t\n\t\t\t\t\t\t\t\t\t\n\t\t\t\t\t\t\t\t\t<a
        href=\"http://www.whosay.com/TomHanks/photos/150976\">\n\t\t\t\t\t\t\t\t\t\t<img
        id=\"mediaCenterLatestPostsWidgetThumbnail150976\"  />\n\t\t\t\t\t\t\t\t\t\t\n\t\t\t\t\t\t\t\t\t</a>\n\t\t\t\t\t\t\t\t</li><li
        class=\"media-center-thumbnail-item \" title=\"\">\n\t\t\t\t\t\t\t\t\t\n\t\t\t\t\t\t\t\t\t\n\t\t\t\t\t\t\t\t\t<a
        href=\"http://www.whosay.com/TomHanks/photos/150973\">\n\t\t\t\t\t\t\t\t\t\t<img
        id=\"mediaCenterLatestPostsWidgetThumbnail150973\"  />\n\t\t\t\t\t\t\t\t\t\t\n\t\t\t\t\t\t\t\t\t</a>\n\t\t\t\t\t\t\t\t</li><li
        class=\"media-center-thumbnail-item \" title=\"\">\n\t\t\t\t\t\t\t\t\t\n\t\t\t\t\t\t\t\t\t\n\t\t\t\t\t\t\t\t\t<a
        href=\"http://www.whosay.com/TomHanks/photos/150273\">\n\t\t\t\t\t\t\t\t\t\t<img
        id=\"mediaCenterLatestPostsWidgetThumbnail150273\"  />\n\t\t\t\t\t\t\t\t\t\t\n\t\t\t\t\t\t\t\t\t</a>\n\t\t\t\t\t\t\t\t</li><li
        class=\"media-center-thumbnail-item \" title=\"Jasonderulo, Jordin Sparks,
        Hanx, and Rita Wilson. Guess who gets voted off.  Hanx!\">\n\t\t\t\t\t\t\t\t\t\n\t\t\t\t\t\t\t\t\t\n\n\t\t\t\t\t\t\t\t\t\n\t
        \   \t\t\t\t\t\t\t\t\n\t    \t\t\t\t\t\t\t\t\t\n\t    \t\t\t\t\t\t\t\t\n\t
        \   \t\t\t\t\t\t\t\t\n\t    \t\t\t\t\t\t\t\n\n\n\t\t\t\t\t\t\t\t\t\n\t\t\t\t\t\t\t\t\t<a
        href=\"http://www.whosay.com/TomHanks/photos/149114\">\n\t\t\t\t\t\t\t\t\t\t<img
        id=\"mediaCenterLatestPostsWidgetThumbnail149114\" src=\"http://media.whosay.com/149114/149114_smsq.jpg\"
        />\n\t\t\t\t\t\t\t\t\t\t\n\t\t\t\t\t\t\t\t\t</a>\n\t\t\t\t\t\t\t\t</li><li
        class=\"media-center-thumbnail-item media-center-thumbnail-item-selected\"
        title=\"\">\n\t\t\t\t\t\t\t\t\t\n\t\t\t\t\t\t\t\t\t\n\n\t\t\t\t\t\t\t\t\t\n\t
        \   \t\t\t\t\t\t\t\t\n\t    \t\t\t\t\t\t\t\t\t\n\t    \t\t\t\t\t\t\t\t\n\t
        \   \t\t\t\t\t\t\t\t\n\t    \t\t\t\t\t\t\t\n\n\n\t\t\t\t\t\t\t\t\t\n\t\t\t\t\t\t\t\t\t<a
        href=\"http://www.whosay.com/TomHanks/photos/148406\">\n\t\t\t\t\t\t\t\t\t\t<img
        id=\"mediaCenterLatestPostsWidgetThumbnail148406\" src=\"http://media.whosay.com/148406/148406_smsq.jpg\"
        />\n\t\t\t\t\t\t\t\t\t\t\n\t\t\t\t\t\t\t\t\t</a>\n\t\t\t\t\t\t\t\t</li><li
        class=\"media-center-thumbnail-item \" title=\"Never bring your kid to the
        show!  Hanx.\">\n\t\t\t\t\t\t\t\t\t\n\t\t\t\t\t\t\t\t\t\n\n\t\t\t\t\t\t\t\t\t\n\t
        \   \t\t\t\t\t\t\t\t\n\t    \t\t\t\t\t\t\t\t\t\n\t    \t\t\t\t\t\t\t\t\n\t
        \   \t\t\t\t\t\t\t\t\n\t    \t\t\t\t\t\t\t\n\n\n\t\t\t\t\t\t\t\t\t\n\t\t\t\t\t\t\t\t\t<a
        href=\"http://www.whosay.com/TomHanks/photos/143301\">\n\t\t\t\t\t\t\t\t\t\t<img
        id=\"mediaCenterLatestPostsWidgetThumbnail143301\" src=\"http://media.whosay.com/143301/143301_smsq.jpg\"
        />\n\t\t\t\t\t\t\t\t\t\t\n\t\t\t\t\t\t\t\t\t</a>\n\t\t\t\t\t\t\t\t</li><li
        class=\"media-center-thumbnail-item \" title=\"Can you name this hero of the
        American Revolution?  I had to be told. Hanx\">\n\t\t\t\t\t\t\t\t\t\n\t\t\t\t\t\t\t\t\t\n\t\t\t\t\t\t\t\t\t<a
        href=\"http://www.whosay.com/TomHanks/photos/142612\">\n\t\t\t\t\t\t\t\t\t\t<img
        id=\"mediaCenterLatestPostsWidgetThumbnail142612\"  />\n\t\t\t\t\t\t\t\t\t\t\n\t\t\t\t\t\t\t\t\t</a>\n\t\t\t\t\t\t\t\t</li><li
        class=\"media-center-thumbnail-item \" title=\"Typewriter of the day. Royal
        &#039;Apollo 10&#039; model from 1969. Electric that got us to the moon!  It&#039;s
        noisy but types fine. Hanx\">\n\t\t\t\t\t\t\t\t\t\n\t\t\t\t\t\t\t\t\t\n\t\t\t\t\t\t\t\t\t<a
        href=\"http://www.whosay.com/TomHanks/photos/139914\">\n\t\t\t\t\t\t\t\t\t\t<img
        id=\"mediaCenterLatestPostsWidgetThumbnail139914\"  />\n\t\t\t\t\t\t\t\t\t\t\n\t\t\t\t\t\t\t\t\t</a>\n\t\t\t\t\t\t\t\t</li><li
        class=\"media-center-thumbnail-item \" title=\"Enlarge to see crush of fans
        heralding my backstage entrance to Oscar Show. Hanx\">\n\t\t\t\t\t\t\t\t\t\n\t\t\t\t\t\t\t\t\t\n\t\t\t\t\t\t\t\t\t<a
        href=\"http://www.whosay.com/TomHanks/photos/137356\">\n\t\t\t\t\t\t\t\t\t\t<img
        id=\"mediaCenterLatestPostsWidgetThumbnail137356\"  />\n\t\t\t\t\t\t\t\t\t\t\n\t\t\t\t\t\t\t\t\t</a>\n\t\t\t\t\t\t\t\t</li><li
        class=\"media-center-thumbnail-item \" title=\"Oscar Preview!  Look for this
        on Sunday&#039;s show!  Don&#039;t ask why!  Hanx\">\n\t\t\t\t\t\t\t\t\t\n\t\t\t\t\t\t\t\t\t\n\t\t\t\t\t\t\t\t\t<a
        href=\"http://www.whosay.com/TomHanks/photos/136671\">\n\t\t\t\t\t\t\t\t\t\t<img
        id=\"mediaCenterLatestPostsWidgetThumbnail136671\"  />\n\t\t\t\t\t\t\t\t\t\t\n\t\t\t\t\t\t\t\t\t</a>\n\t\t\t\t\t\t\t\t</li><li
        class=\"media-center-thumbnail-item \" title=\"Oh, Man. Dangle a carrot, DQ!!
        \ Hanx\">\n\t\t\t\t\t\t\t\t\t\n\t\t\t\t\t\t\t\t\t\n\t\t\t\t\t\t\t\t\t<a href=\"http://www.whosay.com/TomHanks/photos/129433\">\n\t\t\t\t\t\t\t\t\t\t<img
        id=\"mediaCenterLatestPostsWidgetThumbnail129433\"  />\n\t\t\t\t\t\t\t\t\t\t\n\t\t\t\t\t\t\t\t\t</a>\n\t\t\t\t\t\t\t\t</li><li
        class=\"media-center-thumbnail-item \" title=\"Thumb is all better, no?  It
        DOES grow back. Took 7 months. Hanx\">\n\t\t\t\t\t\t\t\t\t\n\t\t\t\t\t\t\t\t\t\n\t\t\t\t\t\t\t\t\t<a
        href=\"http://www.whosay.com/TomHanks/photos/125018\">\n\t\t\t\t\t\t\t\t\t\t<img
        id=\"mediaCenterLatestPostsWidgetThumbnail125018\"  />\n\t\t\t\t\t\t\t\t\t\t\n\t\t\t\t\t\t\t\t\t</a>\n\t\t\t\t\t\t\t\t</li><li
        class=\"media-center-thumbnail-item \" title=\"Monty.  Deep brown eyes, noble
        demeanor, finest dog ever.  A sad day.  Goodbye Big Boy.  Hanx\">\n\t\t\t\t\t\t\t\t\t\n\t\t\t\t\t\t\t\t\t\n\t\t\t\t\t\t\t\t\t<a
        href=\"http://www.whosay.com/TomHanks/photos/118753\">\n\t\t\t\t\t\t\t\t\t\t<img
        id=\"mediaCenterLatestPostsWidgetThumbnail118753\"  />\n\t\t\t\t\t\t\t\t\t\t\n\t\t\t\t\t\t\t\t\t</a>\n\t\t\t\t\t\t\t\t</li><li
        class=\"media-center-thumbnail-item \" title=\"Lunch?  Combo plate!  Hanx\">\n\t\t\t\t\t\t\t\t\t\n\t\t\t\t\t\t\t\t\t\n\t\t\t\t\t\t\t\t\t<a
        href=\"http://www.whosay.com/TomHanks/photos/114837\">\n\t\t\t\t\t\t\t\t\t\t<img
        id=\"mediaCenterLatestPostsWidgetThumbnail114837\"  />\n\t\t\t\t\t\t\t\t\t\t\n\t\t\t\t\t\t\t\t\t</a>\n\t\t\t\t\t\t\t\t</li><li
        class=\"media-center-thumbnail-item \" title=\"Oldest ornament on our tree.
        From 1985! Hanx.\">\n\t\t\t\t\t\t\t\t\t\n\t\t\t\t\t\t\t\t\t\n\t\t\t\t\t\t\t\t\t<a
        href=\"http://www.whosay.com/TomHanks/photos/108736\">\n\t\t\t\t\t\t\t\t\t\t<img
        id=\"mediaCenterLatestPostsWidgetThumbnail108736\"  />\n\t\t\t\t\t\t\t\t\t\t\n\t\t\t\t\t\t\t\t\t</a>\n\t\t\t\t\t\t\t\t</li><li
        class=\"media-center-thumbnail-item \" title=\"Jewish friend sent me this.
        Happy Chanukah!  Chanx!\">\n\t\t\t\t\t\t\t\t\t\n\t\t\t\t\t\t\t\t\t\n\t\t\t\t\t\t\t\t\t<a
        href=\"http://www.whosay.com/TomHanks/photos/108729\">\n\t\t\t\t\t\t\t\t\t\t<img
        id=\"mediaCenterLatestPostsWidgetThumbnail108729\"  />\n\t\t\t\t\t\t\t\t\t\t\n\t\t\t\t\t\t\t\t\t</a>\n\t\t\t\t\t\t\t\t</li><li
        class=\"media-center-thumbnail-item \" title=\"Any better?  I dunno. Hanx\">\n\t\t\t\t\t\t\t\t\t\n\t\t\t\t\t\t\t\t\t\n\t\t\t\t\t\t\t\t\t<a
        href=\"http://www.whosay.com/TomHanks/photos/105566\">\n\t\t\t\t\t\t\t\t\t\t<img
        id=\"mediaCenterLatestPostsWidgetThumbnail105566\"  />\n\t\t\t\t\t\t\t\t\t\t\n\t\t\t\t\t\t\t\t\t</a>\n\t\t\t\t\t\t\t\t</li><li
        class=\"media-center-thumbnail-item \" title=\"Now that&#039;s a good thumb.
        Hanx\">\n\t\t\t\t\t\t\t\t\t\n\t\t\t\t\t\t\t\t\t\n\t\t\t\t\t\t\t\t\t<a href=\"http://www.whosay.com/TomHanks/photos/101812\">\n\t\t\t\t\t\t\t\t\t\t<img
        id=\"mediaCenterLatestPostsWidgetThumbnail101812\"  />\n\t\t\t\t\t\t\t\t\t\t\n\t\t\t\t\t\t\t\t\t</a>\n\t\t\t\t\t\t\t\t</li></ol>\n\t\t\t\t\t</div>\n\n\t\t\t\t\t<a
        class=\"media-center-thumbnail-carousel-nav media-center-thumbnail-carousel-nav-newer
        disabled\" href=\"#newer\" title=\"Newer\"><span><em>Newer</em></span></a>\n\t\t\t\t\t<a
        class=\"media-center-thumbnail-carousel-nav media-center-thumbnail-carousel-nav-older
        disabled\" href=\"#older\" title=\"Older\"><span><em>Older</em></span></a>\n\t\t\t\t</div>\n\t\t\t\n\t\t\t\n\t\t\n\n\t\n\t\n\n\n\t\t\t\t</li>\n\n\t\t\t\t\n\n\t\t\t\t\n\t\t\t\t\t\n\t\t\t\t\t<li
        class=\"content-widget content-widget-FacebookLikeBox\">\n\t\t\t\t\t\t\n\n\t\t\t\t\t\t\n\t\t\t\t\t\t\n\n\n\n\n\n\n\n\n\n\n\n\n\n\n\n\n\n\t\n\t\n\t\t<div
        id=\"mediaCenterFacebookLikeBoxWidget42814\" class=\"media-center-facebook-like-widget\">\n\t\t\t<fb:like-box
        href=\"www.facebook.com/tomhanks\" width=\"274\" height=\"75\" colorscheme=\"light\"
        show_faces=\"false\" stream=\"false\" header=\"true\"></fb:like-box>\n\t\t</div>\n\t\t\n\t\n\t\n\n\t\t\t\t\t</li>\n\t\t\t\t\n\t\t\t\t\t\n\t\t\t\t\t<li
        class=\"content-widget content-widget-TwitterProfile\">\n\t\t\t\t\t\t\n\n\t\t\t\t\t\t\n\t\t\t\t\t\t\n\n\n\n\n\n\n\n\n\n\n\n\n\n\n\n\n\n\n\n\n\t\n\t\t<div
        id=\"mediaCenterTwitterProfileWidget42813\"></div>\n\t\n\t\n\n\t\t\t\t\t</li>\n\t\t\t\t\n\t\t\t</ul>\n\t\t</div>\n\n\t\t\n\n\t\t\n\t\t
        \t\n\t\t\t\t<div id=\"contentEmbedDialog\" class=\"loading\">\n\t\t\t\t\t<div
        class=\"content-embed-dialog-liner\">\n\t\t\t\t\t\t<a id=\"contentEmbedDialogClose\"
        href=\"#close\" title=\"Close\">Close</a>\n\t\t\t\t\t\t<div class=\"title\">Embed
        this photo</div>\n\t\t\t\t\t\t<form name=\"contentEmbedDialogForm\" action=\"#embed\">\n\t\t\t\t\t\t\t\n\n\n\n\n\n\n\n\n\n\n\n\n\n\n\n\t\n\t\t\n\t\n\t\n\n<p>\n\t<em>Content
        Usage Guidelines:</em>  Online use of this image is permitted, but only if
        (a) the entire code below is embedded in the user&apos;s site, and (b) the
        use includes the text link &quot;<em><span id=\"embedDisplayName\">Tom Hanks</span>
        on WhoSay</em>&quot;, which <em>must link back</em> to this Site.\n</p>\n<p>\n\tNo
        advertisements or other material or links may appear in the image. You must
        retain any copyright and other proprietary notices that appear on the image.\n</p>\n<p>\n\tFor
        use of content in print, on-air or in any capacity beyond online embedding,
        you must <span id=\"embedContactUsLink\"><a class=\"content-embed-contact-link\"
        href=\"/contact?vanityUrlRoot=TomHanks&amp;mediaTypeId=10&amp;mediaId=148406\"
        target=\"_blank\">contact us</a></span> for additional approval.\n</p>\n<p>\n\tAny
        use of content appearing on this Site is subject to the Site&apos;s: <strong><span
        id=\"embedTermsOfUse\"><a class=\"content-embed-terms-link\" href=\"http://www.whosay.com/terms-of-use\"
        target=\"_blank\">Terms of Use</a></span></strong> and to the rights of the
        copyright owner.\n</p>\n\n\t\t\t\t\t\t\t<p class=\"content-embed-dialog-instructions\">Copy
        and paste the embed code below. Customizing the size will update the code.</p>\n\t\t\t\t\t\t\t<textarea
        name=\"code\" readonly=\"readonly\"></textarea>\n\t\t\t\t\t\t\t<div class=\"content-embed-dialog-options\">\n\t\t\t\t\t\t\t\tCustomize
        size: <label><input type=\"text\" name=\"width\" value=\"\" maxlength=\"3\"
        />px width</label> X <label><input type=\"text\" name=\"height\" value=\"\"
        maxlength=\"3\" />px height</label>\n\t\t\t\t\t\t\t</div>\n\t\t\t\t\t\t</form>\n\t\t\t\t\t</div>\n\t\t\t\t</div>\n\t\t\t\n\t\t\n\n\n\n
        \   \n\t</div>\n\n\n\t<div id=\"footer\">\n\t<div class=\"container\">\n\t\t<div
        class=\"content\">\n\t\t\t<div>\n\t\t\t\t<ul id=\"bottomNav\">\n\t\t\t\t\t<li><a
        href=\"http://www.whosay.com/home/trending\">Trending on WhoSay</a></li>\n\t\t\t\t\t<li><a
        href=\"http://www.whosay.com/home/latest\">Latest on WhoSay</a></li>\n\n\t\t\t\t\t\n\t\t\t\t\t\t<li><a
        href=\"http://www.whosay.com/channels/film-television\">Film &amp; Television</a></li>\n\t\t\t\t\t\n\t\t\t\t\t\t<li><a
        href=\"http://www.whosay.com/channels/music\">Music</a></li>\n\t\t\t\t\t\n\t\t\t\t\t\t<li><a
        href=\"http://www.whosay.com/channels/sports\">Sports</a></li>\n\t\t\t\t\t\n\t\t\t\t\t\t<li><a
        href=\"http://www.whosay.com/channels/comedy\">Comedy</a></li>\n\t\t\t\t\t\n\t\t\t\t\t\t<li><a
        href=\"http://www.whosay.com/channels/fashion\">Fashion</a></li>\n\t\t\t\t\t\n\t\t\t\t\t\t<li><a
        href=\"http://www.whosay.com/channels/arts-culture\">Arts &amp; Culture</a></li>\n\t\t\t\t\t\n\t\t\t\t\t\n\t\t\t\t</ul>\n\t\t\t\t<ul
        id=\"whosaySocialIcons\">\n\t\t\t\t\t<li class=\"whosaySocialIcon\" id=\"twitterSocialIcon\"><a
        href=\"https://twitter.com/intent/user?screen_name=WhoSay\" title=\"Follow
        @WhoSay on Twitter\" target=\"_blank\"><span>Follow @WhoSay on Twitter</a></span></li>\n\t\t\t\t\t<li
        class=\"whosaySocialIcon\" id=\"facebookSocialIcon\"><a href=\"http://www.facebook.com/WhoSay\"
        title=\"Like WhoSay on Facebook\" target=\"_blank\"><span>Like WhoSay on Facebook</span></a></li>\n\t\t\t\t</ul>\n\n\t\t\t</div>\n\n\t\t\t<div
        class=\"bottom-border\">\n\t\t\t\t<div class=\"whosayFooter\">\n\t\t\t\t\t\n\t\t\t\t\t\t<p
        id=\"footerCopyrightNotice\">&copy; 2012 Tom Hanks | All rights reserved.
        | <a href=\"http://www.whosay.com/home\" title=\"Photos and videos directly
        from Celebrities and Influencers\">WhoSay</a> | <a href=\"http://www.whosay.com/privacy\">Privacy
        Policy</a> | <a href=\"http://www.whosay.com/terms-of-use\">Terms of Use</a>
        | <a href=\"http://support.whosay.com/faq\" target=\"_blank\">FAQ</a></p>\n\t\t\t\t\t\t\n\t\t\t\t\t\n\t\t\t\t\t<p
        id=\"footerLegalText\">Material posted on or through this Site is protected
        by Federal law, and the use of any such material, including by means of downloading
        or copying, without the express written approval of the copyright owner is
        subject to fines and imprisonment. Comments or postings by third parties on
        the Site do not represent the views or opinions of the Host or WhoSay Inc.,
        and neither Host nor WhoSay Inc. shall be responsible for any such comments
        or postings, or for any website not controlled by Host or WhoSay Inc.</p>\n\t\t\t\t\t<p
        id=\"footerCookieText\">This Site uses cookies. If you agree to this, continue
        using this Site. Otherwise, change your cookie settings <a href=\"http://www.whosay.com/privacy#cookies\">here</a>.</p>\n\t\t\t\t</div>\n\t\t\t</div>\n\n\t\t</div>\n\n\t</div>\n\t</div>\n\n\n\n\n\t\n\n\n\n\n\n\n\n\n\n\n\n\n\n\n\n\n\n\n\n\n\n\n\n<div
        class=\"fan-account-module modal loading\" id=\"fanLoginWrap\">\n\t<a class=\"fan-reg-close-btn\"
        href=\"#\" title=\"Close\"><span>Close</span></a>\n\t<div class=\"fan-account-module-body
        clearfix\" id=\"fanLoginBody\">\n\t\t<div class=\"fan-account-module-top sky\">\n\t\t\t<h2
        class=\"fan-account-module-logo\">WhoSay</h2>\n\t\t</div>\n\t\t<div class=\"fan-account-module-content\">\n\t\t\t<div
        class=\"fan-account-module-title\">Log in to WhoSay</div>\n\t\t\t<div class=\"response-message
        yui-hidden\"></div>\n\t\t\t<button class=\"fb-connect-btn fb-connect-btn-huge\"
        data-click-source=\"buttonTop\">\n\t\t\t\t<i class=\"fb-connect-icon\"></i>\n\t\t\t\t<span
        class=\"fb-connect-text\">Log in with Facebook</span>\n\t\t\t</button>\n\t\t\t<span
        class=\"alt-login\">or log in with <a id=\"fan-reg-twit-btn\" href=\"#\" title=\"Log
        In with Twitter\">Twitter</a></span>\n\t\t</div>\n\t</div>\n</div>\n\t<div
        class=\"fan-account-module modal loading\" id=\"emailModalWrapper\">\n\t<div
        class=\"fan-account-module-body clearfix\" id=\"emailModalBody\">\n\t\t<div
        class=\"fan-account-module-header\" id=\"fanLoginHeader\">\n\t\t\t<h2 class=\"fan-account-module-title\">Almost
        finished!</h2>\n\t\t\t<p>In order for you to receive updates, we need a valid
        email address.</p>\n\t\t</div>\n\t\t<form class=\"clearfix\">\n\t\t\t<span
        class=\"fan-reg-error-msg hide\">The email address you entered is not valid.</span>\n\t\t\t<div>\n\t\t\t\t<input
        class=\"fan-reg-email-field\" type=\"email\" placeholder=\"Email Address\"
        id=\"subscription-email-address\" required />\n\t\t\t</div>\n\t\t\t<input
        class=\"fan-reg-email-sub-btn sky\" type=\"submit\" value=\"Submit\" id=\"email-submit\"
        />\n\t\t</form>\n\t</div>\n</div>\n\t\n\n\n\n\n\n\n\n\n\n\n\n\n\n\n\n\n\n\n\n\t\n<link
        rel=\"stylesheet\" type=\"text/css\" href=\"http://combo.whosaystatic.com/combo/20121016.540c338/css/common/modals/whosay-info-modal-min.css;\"
        media=\"screen, print\" />\n\n<div class=\"fan-whosay-info-module modal loading\"
        id=\"fanWhoSayInfoWrap\">\n\t<div class=\"fan-whosay-info-module-top\" id=\"fanWhoSayInfoTop\">\n\t\t<div
        class=\"fan-whosay-info-logo\"></div>\n\t\t<a class=\"fan-whosay-info-close-btn\"
        href=\"#\" title=\"Close\"><span>Close</span></a>\n\t</div>\n\n\t<div class=\"fan-whosay-info-module-body
        clearfix\" id=\"fanWhoSayInfoBody\">\n\t\t<div class=\"fan-whosay-info-module-body-top\">\n\t\t\t<div
        class=\"fan-whosay-info-module-title\">Create Your Own Celebrity Network</div>\n\t\t\t<div
        class=\"fan-whosay-info-module-title-info\">Your favorite actors, athletes
        &amp; musicians share their work, their lives, their favorite things</div>\n\t\t</div>\n\t\t<div
        class=\"whosay-steps clearfix\">\n\t\t\t<div id=\"step-one\" class=\"step\">\n\t\t\t\t<div
        class=\"step-number\">1</div>\n\t\t\t\t<div id=\"step-one-image\"></div>\n\t\t\t\t<div
        id=\"step-one-text\">Celebrities share their personal photos and videos</div>\n\t\t\t</div>\n\t\t\t<div
        id=\"step-two\" class=\"step\">\n\t\t\t\t<div class=\"step-number\">2</div>\n\t\t\t\t<div
        id=\"step-two-image\"></div>\n\t\t\t\t<div id=\"step-two-text\">Add your favorite
        athletes, actors &amp; musicians</div>\n\t\t\t</div>\n\t\t\t<div id=\"step-three\"
        class=\"step\">\n\t\t\t\t<div class=\"step-number\">3</div>\n\t\t\t\t<div
        id=\"step-three-image\"></div>\n\t\t\t\t<div id=\"step-three-text\">You get
        your own celebrity network</div>\n\t\t\t</div>\n\t\t</div>\n\t</div>\n\t<div
        class=\"fan-whosay-info-module-bottom\" id=\"fanWhoSayInfoBottom\">\n\t\t<div
        id=\"whosay-info-module-links\">\n\t\t\t<a id=\"no-thanks-link\" href=\"#no-thanks\">No
        Thanks</a>\n\t\t\t<a id=\"get-started-link\" class=\"sky button\" href=\"/interests\"><span>Get
        Started &raquo;</span></a>\n\t\t</div>\n\n\t</div>\n</div>\n\n\n\t\n\t\t\n\t\t\n\t\t\n\t\t\n\t\t\n\t\t\n\t\t\n\t\t\n\t\t\n\t\t\n\t\t\n\t\t\n\t\t\n\t\t\n
        \   \t\n\t\t\n\t\t\n\t\t\n\t\t\n\t\t\n\t\t\n\t\t\n\t\t\n\t\t\n\t\t\n\t\t\n\t\t\n\t\t\n\t\t\n\t\t\n\t\t\n\t<script
        type=\"text/javascript\" src=\"http://combo.whosaystatic.com/combo/20121016.540c338/lib/yui_2.9.0/yahoo-dom-event/yahoo-dom-event-min.js;20121016.540c338/lib/yui_2.9.0/selector/selector-min.js;20121016.540c338/lib/yui_2.9.0/event-delegate/event-delegate-min.js;20121016.540c338/lib/yui_2.9.0/event-mouseenter/event-mouseenter-min.js;20121016.540c338/lib/yui_2.9.0/connection/connection-min.js;20121016.540c338/lib/yui_2.9.0/json/json-min.js;20121016.540c338/lib/yui_2.9.0/animation/animation-min.js;20121016.540c338/lib/yui_2.9.0/get/get-min.js;20121016.540c338/lib/yui_2.9.0/imageloader/imageloader-min.js;20121016.540c338/lib/yui_2.9.0/cookie/cookie-min.js;20121016.540c338/lib/yui_2.9.0/datasource/datasource-min.js;20121016.540c338/lib/yui_2.9.0/datemath/datemath-min.js;20121016.540c338/js/yui_2.9.0-patch-min.js;20121016.540c338/lib/gui/gui-min.js;20121016.540c338/lib/gui/asyncrequest/asyncrequest-min.js;20121016.540c338/lib/jquery/jquery-1.7.0.min-min.js;20121016.540c338/js/linkify-min.js;20121016.540c338/js/mediacenter/scraps-min.js;20121016.540c338/js/mediacenter/thumbnail-carousel-min.js;20121016.540c338/js/mediacenter/track-google-page-view-min.js;20121016.540c338/js/mediacenter/track-com-score-page-view-min.js;20121016.540c338/js/mediacenter/prevent-default-min.js;20121016.540c338/js/mediacenter/element-supports-attribute-min.js;20121016.540c338/js/home/searchAutocomplete-min.js;20121016.540c338/js/mediacenter/subscription-cookies-min.js;20121016.540c338/js/mediacenter/setup-image-loader-min.js;20121016.540c338/js/mediacenter/setup-twitter-widget-min.js;20121016.540c338/js/mediacenter/setup-twitter-profile-widget-min.js;20121016.540c338/js/mediacenter/setup-facebook-item-min.js;20121016.540c338/js/mediacenter/setup-sound-cloud-widget-min.js;\"></script>\n\n\t\n\n\t\n\t\t\n\t\t\t\n\t\t\t\n\t\t\t\n\t\t\t\n\t\t\t\n\t\t\t\n\t\t\t\n\t\t\t\n\t\t\t\n\t\t\t\n\t\t\t\n\t
        \   <script type=\"text/javascript\" src=\"http://combo.whosaystatic.com/combo/20121016.540c338/js/mediacenter/media-panel-min.js;20121016.540c338/js/mediacenter/setup-full-size-button-min.js;20121016.540c338/js/mediacenter/setup-google-plus-one-min.js;20121016.540c338/js/mediacenter/setup-ios-video-min.js;20121016.540c338/js/mediacenter/setup-jump-link-sroll-min.js;20121016.540c338/js/mediacenter/setup-content-drawer-min.js;20121016.540c338/js/mediacenter/publish-open-graph-view-action-min.js;20121016.540c338/js/mediacenter/open-graph-video-min.js;20121016.540c338/js/embed-dialog-min.js;20121016.540c338/js/mediacenter/controller-min.js;\"></script>\n\t\n\n\t\n\t\n\n\t<script
        type=\"text/javascript\">\n\t\t// Google Analytics\n\t\tWGU.MediaCenter.trackGooglePageView(
        'UA-12028902-1', '/TomHanks/photos/148406' );\n\t\t\n\n\t\t// Comscore\n\t\tWGU.MediaCenter.trackComScorePageView(
        '8986565' );\n\n\t\t//Set intial page load cookie\n\t\tWGU.MediaCenter.setupSubscriptionMediaCookie();\n\t</script>\n\n\t\n\n
        \   \t\n   \t    \n       \t\n       \t\t\n       \t\n\n    \t<script type=\"text/javascript\">\n
        \   \t\t(function(){\n    \t\t\tWGU.MediaCenter.preventDefault([\"contentShareTweetButton\",\"contentFullSizeButton\",\"contentEmbedButton\"]);\n\n
        \   \t\t\tYAHOO.util.Event.onDOMReady( function() {\n    \t\t\t\t//For iPad\n
        \   \t\t\t\tif ((navigator.userAgent.indexOf('iPad') != -1)) {\n\t\t\t\t\t\tGUI.addClass(\"content\",
        \"iPad\");\n\t\t\t\t\t}\n    \t\t\t\telse GUI.addClass(\"content\", \"web\");\n\n
        \   \t\t\t\t\n\t    \t\t\t\t\n\t\t    \t\t\t\tWGU.MediaCenter.setupContentDrawer({\n\t\t
        \   \t\t\t\t\tcontainer: 'contentDescriptionDrawer',\n\t\t    \t\t\t\t\tcontent:
        'contentDescriptionContainer',\n\t\t    \t\t\t\t\tshowMore: 'contentDescriptionDrawerShowMore'\n\t\t
        \   \t\t\t\t});\n\n\t\t    \t\t\t\tWGU.MediaCenter.setupController({\n\t\t
        \   \t\t\t\t\t\n\t\t    \t\t\t\t\tcontrollerRoot: '',\n\t\t    \t\t\t\t\tvanityUrlRoot:
        'TomHanks',\n\t\t    \t\t\t\t\tisPrimarySubdomain: false,\n\t\t    \t\t\t\t\tgetMediaBaseUrl:
        '/TomHanks/ajax/media/',\n\t\t    \t\t\t\t\taccountDisplayName: 'Tom Hanks',\n\t\t
        \   \t\t\t\t\taccountDisplayNamePossessive: 'Tom Hanks\\'',\n\t\t    \t\t\t\t\tvideoPlayerBaseUrl:
        'http:\\/\\/cdn1.whosaystatic.com\\/app\\/20121016.540c338/flash/VideoPlayer.swf',\n\t\t
        \   \t\t\t\t\tvideoSmilBaseUrl: '/smil.jsp',\n\t\t    \t\t\t\t\tvideoPlayerAccentColor:
        '72b31b',\n\t\t    \t\t\t\t\tmediaResources: {\n\t\t    \t\t\t\t\t\textraSmallThumbnail:
        'ExtraSmallThumbnail',\n\t\t    \t\t\t\t\t\tlargeThumbnail: 'LargeThumbnail',\n\t\t
        \       \t\t\t\t\tlargeThumbnailWatermarked: 'LargeThumbnailWithWatermark',\n\t\t
        \       \t\t\t\t\tflv480VideoMediaResource: 'Flv480Video'\n\t\t    \t\t\t\t\t},\n\t\t
        \   \t\t\t\t\tgoogleTrackerId: 'UA-12028902-1',\n\t\t    \t\t\t\t\tsecondaryGoogleTrackerId:
        '',\n\t\t    \t\t\t\t\tgoogleVideoTrackerId: 'UA-12028902-14',\n\t\t    \t\t\t\t\tcomScoreTrackerId:
        '8986565'\n\t\t    \t\t\t\t});\n\n\t    \t\t\t\t\t\n\t    \t\t\t\t\tvar embedParams
        = {\n\t    \t\t\t\t\t\tcanonicalUrl:\"http:\\/\\/www.whosay.com\\/TomHanks\\/photos\\/148406\",\n\t
        \   \t\t\t\t\t\taccountHomeUrl:\"http:\\/\\/www.whosay.com\\/TomHanks\",\n\t
        \   \t\t\t\t\t\tdisplayName:\"Tom Hanks\",\n\t    \t\t\t\t\t\tdisplayNamePossessive:\"Tom
        Hanks&#039;\",\n\t    \t\t\t\t\t\tcaption:\"\",\n\t    \t\t\t\t\t\tmediaType:\"image\",\n\t
        \   \t\t\t\t\t\tphotoEmbedPath:\"http://cdn1.whosaystatic.com/widgets/photoembedwidget/photoEmbedWidget.js\",\n\t
        \   \t\t\t\t\t\timageResource:\"LargeThumbnailWithWatermark\",\n\t    \t\t\t\t\t\tcontactLinkBaseUrl:\"/contact?vanityUrlRoot=TomHanks\"\n\t
        \   \t\t\t\t\t};\n\t    \t\t\t\t\t\n    \t\t\t\t\t\t\t\n    \t\t\t\t\t\t\t\tembedParams.refEl
        = \"contentImage\";\n    \t\t\t\t\t\t\t\tembedParams.imageUrl = \"http:\\/\\/media.whosay.com\\/148406\\/148406_lawm.jpg\";\n
        \   \t\t\t\t\t\t\t\n    \t\t\t\t\t\t\t\n    \t\t\t\t\t\t\n\n    \t\t\t\t\t\t\n\t
        \   \t\t\t\t\t\tWGU.MediaCenter.setupEmbedDialog(\"contentEmbedButton\",embedParams);\n\t
        \   \t\t\t\t\t\n\n\t    \t\t\t\t\tWGU.MediaCenter.setupFullSizeButton(\"contentFullSizeButton\",\"http:\\/\\/media.whosay.com\\/148406\\/148406_lalt.jpg\",\"LargeThumbnailWithLogotype\");\n\n\t
        \   \t\t\t\t\t\n\t    \t\t\t\t\n\n\t\t    \t\t\t\n\t\t    \t\t\t\tWGU.MediaCenter.setupJumpLinkSroll(\"recentCommentWrap\",\"#commentsJumpLink\",\"contentComments\");\n\t\t
        \   \t\t\t\n\t\t    \t\t\n\n\t\t    \t\t\n\t\t\t\t\t\n\n\n\n\n\n\n\n\n\n\n\n\n\n\n\n\n\n\n\n\n\n\n\n\n\n\t\n\t\n\t\n\t\tnew
        WGU.MediaCenter.ThumbnailCarousel(\"mediaCenterLatestPostsWidget\",[{\n\t\t\t\t\t\tid:
        \"mediaCenterLatestPostsWidgetThumbnail199883\",\n\t\t\t\t\t\t\n\t    \t\t\t\t\t\n\t\t\t\t\t\t\t\turl:
        \"http://media.whosay.com/199883/199883_smsq.jpg\"\n\t\t\t\t\t\t\t\n\t\t\t\t\t\t\t\n\t\t\t\t\t\t\n\t\t\t\t\t},{\n\t\t\t\t\t\tid:
        \"mediaCenterLatestPostsWidgetThumbnail199394\",\n\t\t\t\t\t\t\n\t    \t\t\t\t\t\n\t\t\t\t\t\t\t\turl:
        \"http://media.whosay.com/199394/1/199394_smsq.jpg\"\n\t\t\t\t\t\t\t\n\t\t\t\t\t\t\t\n\t\t\t\t\t\t\n\t\t\t\t\t},{\n\t\t\t\t\t\tid:
        \"mediaCenterLatestPostsWidgetThumbnail196728\",\n\t\t\t\t\t\t\n\t    \t\t\t\t\t\n\t\t\t\t\t\t\t\n\t\t\t\t\t\t\t\turl:
        \"http://media.whosay.com/196728/196728_sm.jpg\"\n\t\t\t\t\t\t\t\n\t\t\t\t\t\t\n\t\t\t\t\t},{\n\t\t\t\t\t\tid:
        \"mediaCenterLatestPostsWidgetThumbnail195404\",\n\t\t\t\t\t\t\n\t    \t\t\t\t\t\n\t\t\t\t\t\t\t\turl:
        \"http://media.whosay.com/195404/1/195404_smsq.jpg\"\n\t\t\t\t\t\t\t\n\t\t\t\t\t\t\t\n\t\t\t\t\t\t\n\t\t\t\t\t},{\n\t\t\t\t\t\tid:
        \"mediaCenterLatestPostsWidgetThumbnail194133\",\n\t\t\t\t\t\t\n\t    \t\t\t\t\t\n\t\t\t\t\t\t\t\turl:
        \"http://media.whosay.com/194133/194133_smsq.jpg\"\n\t\t\t\t\t\t\t\n\t\t\t\t\t\t\t\n\t\t\t\t\t\t\n\t\t\t\t\t},{\n\t\t\t\t\t\tid:
        \"mediaCenterLatestPostsWidgetThumbnail190724\",\n\t\t\t\t\t\t\n\t    \t\t\t\t\t\n\t\t\t\t\t\t\t\turl:
        \"http://media.whosay.com/190724/190724_smsq.jpg\"\n\t\t\t\t\t\t\t\n\t\t\t\t\t\t\t\n\t\t\t\t\t\t\n\t\t\t\t\t},{\n\t\t\t\t\t\tid:
        \"mediaCenterLatestPostsWidgetThumbnail190281\",\n\t\t\t\t\t\t\n\t    \t\t\t\t\t\n\t\t\t\t\t\t\t\turl:
        \"http://media.whosay.com/190281/190281_smsq.jpg\"\n\t\t\t\t\t\t\t\n\t\t\t\t\t\t\t\n\t\t\t\t\t\t\n\t\t\t\t\t},{\n\t\t\t\t\t\tid:
        \"mediaCenterLatestPostsWidgetThumbnail189572\",\n\t\t\t\t\t\t\n\t    \t\t\t\t\t\n\t\t\t\t\t\t\t\turl:
        \"http://media.whosay.com/189572/1/189572_smsq.jpg\"\n\t\t\t\t\t\t\t\n\t\t\t\t\t\t\t\n\t\t\t\t\t\t\n\t\t\t\t\t},{\n\t\t\t\t\t\tid:
        \"mediaCenterLatestPostsWidgetThumbnail187090\",\n\t\t\t\t\t\t\n\t    \t\t\t\t\t\n\t\t\t\t\t\t\t\turl:
        \"http://media.whosay.com/187090/187090_smsq.jpg\"\n\t\t\t\t\t\t\t\n\t\t\t\t\t\t\t\n\t\t\t\t\t\t\n\t\t\t\t\t},{\n\t\t\t\t\t\tid:
        \"mediaCenterLatestPostsWidgetThumbnail183764\",\n\t\t\t\t\t\t\n\t    \t\t\t\t\t\n\t\t\t\t\t\t\t\turl:
        \"http://media.whosay.com/183764/1/183764_smsq.jpg\"\n\t\t\t\t\t\t\t\n\t\t\t\t\t\t\t\n\t\t\t\t\t\t\n\t\t\t\t\t},{\n\t\t\t\t\t\tid:
        \"mediaCenterLatestPostsWidgetThumbnail180699\",\n\t\t\t\t\t\t\n\t    \t\t\t\t\t\n\t\t\t\t\t\t\t\turl:
        \"http://media.whosay.com/180699/1/180699_smsq.jpg\"\n\t\t\t\t\t\t\t\n\t\t\t\t\t\t\t\n\t\t\t\t\t\t\n\t\t\t\t\t},{\n\t\t\t\t\t\tid:
        \"mediaCenterLatestPostsWidgetThumbnail178252\",\n\t\t\t\t\t\t\n\t    \t\t\t\t\t\n\t\t\t\t\t\t\t\turl:
        \"http://media.whosay.com/178252/178252_smsq.jpg\"\n\t\t\t\t\t\t\t\n\t\t\t\t\t\t\t\n\t\t\t\t\t\t\n\t\t\t\t\t},{\n\t\t\t\t\t\tid:
        \"mediaCenterLatestPostsWidgetThumbnail177380\",\n\t\t\t\t\t\t\n\t    \t\t\t\t\t\n\t\t\t\t\t\t\t\turl:
        \"http://media.whosay.com/177380/1/177380_smsq.jpg\"\n\t\t\t\t\t\t\t\n\t\t\t\t\t\t\t\n\t\t\t\t\t\t\n\t\t\t\t\t},{\n\t\t\t\t\t\tid:
        \"mediaCenterLatestPostsWidgetThumbnail176623\",\n\t\t\t\t\t\t\n\t    \t\t\t\t\t\n\t\t\t\t\t\t\t\turl:
        \"http://media.whosay.com/176623/176623_smsq.jpg\"\n\t\t\t\t\t\t\t\n\t\t\t\t\t\t\t\n\t\t\t\t\t\t\n\t\t\t\t\t},{\n\t\t\t\t\t\tid:
        \"mediaCenterLatestPostsWidgetThumbnail176068\",\n\t\t\t\t\t\t\n\t    \t\t\t\t\t\n\t\t\t\t\t\t\t\turl:
        \"http://media.whosay.com/176068/1/176068_smsq.jpg\"\n\t\t\t\t\t\t\t\n\t\t\t\t\t\t\t\n\t\t\t\t\t\t\n\t\t\t\t\t},{\n\t\t\t\t\t\tid:
        \"mediaCenterLatestPostsWidgetThumbnail173474\",\n\t\t\t\t\t\t\n\t    \t\t\t\t\t\n\t\t\t\t\t\t\t\turl:
        \"http://media.whosay.com/173474/1/173474_smsq.jpg\"\n\t\t\t\t\t\t\t\n\t\t\t\t\t\t\t\n\t\t\t\t\t\t\n\t\t\t\t\t},{\n\t\t\t\t\t\tid:
        \"mediaCenterLatestPostsWidgetThumbnail171859\",\n\t\t\t\t\t\t\n\t    \t\t\t\t\t\n\t\t\t\t\t\t\t\turl:
        \"http://media.whosay.com/171859/1/171859_smsq.jpg\"\n\t\t\t\t\t\t\t\n\t\t\t\t\t\t\t\n\t\t\t\t\t\t\n\t\t\t\t\t},{\n\t\t\t\t\t\tid:
        \"mediaCenterLatestPostsWidgetThumbnail169247\",\n\t\t\t\t\t\t\n\t    \t\t\t\t\t\n\t\t\t\t\t\t\t\n\t\t\t\t\t\t\t\turl:
        \"http://media.whosay.com/169247/169247_sm.jpg\"\n\t\t\t\t\t\t\t\n\t\t\t\t\t\t\n\t\t\t\t\t},{\n\t\t\t\t\t\tid:
        \"mediaCenterLatestPostsWidgetThumbnail165794\",\n\t\t\t\t\t\t\n\t    \t\t\t\t\t\n\t\t\t\t\t\t\t\turl:
        \"http://media.whosay.com/165794/165794_smsq.jpg\"\n\t\t\t\t\t\t\t\n\t\t\t\t\t\t\t\n\t\t\t\t\t\t\n\t\t\t\t\t},{\n\t\t\t\t\t\tid:
        \"mediaCenterLatestPostsWidgetThumbnail162872\",\n\t\t\t\t\t\t\n\t    \t\t\t\t\t\n\t\t\t\t\t\t\t\n\t\t\t\t\t\t\t\turl:
        \"http://media.whosay.com/162872/162872_sm.jpg\"\n\t\t\t\t\t\t\t\n\t\t\t\t\t\t\n\t\t\t\t\t},{\n\t\t\t\t\t\tid:
        \"mediaCenterLatestPostsWidgetThumbnail154843\",\n\t\t\t\t\t\t\n\t    \t\t\t\t\t\n\t\t\t\t\t\t\t\turl:
        \"http://media.whosay.com/154843/154843_smsq.jpg\"\n\t\t\t\t\t\t\t\n\t\t\t\t\t\t\t\n\t\t\t\t\t\t\n\t\t\t\t\t},{\n\t\t\t\t\t\tid:
        \"mediaCenterLatestPostsWidgetThumbnail153876\",\n\t\t\t\t\t\t\n\t    \t\t\t\t\t\n\t\t\t\t\t\t\t\turl:
        \"http://media.whosay.com/153876/153876_smsq.jpg\"\n\t\t\t\t\t\t\t\n\t\t\t\t\t\t\t\n\t\t\t\t\t\t\n\t\t\t\t\t},{\n\t\t\t\t\t\tid:
        \"mediaCenterLatestPostsWidgetThumbnail150976\",\n\t\t\t\t\t\t\n\t    \t\t\t\t\t\n\t\t\t\t\t\t\t\turl:
        \"http://media.whosay.com/150976/150976_smsq.jpg\"\n\t\t\t\t\t\t\t\n\t\t\t\t\t\t\t\n\t\t\t\t\t\t\n\t\t\t\t\t},{\n\t\t\t\t\t\tid:
        \"mediaCenterLatestPostsWidgetThumbnail150973\",\n\t\t\t\t\t\t\n\t    \t\t\t\t\t\n\t\t\t\t\t\t\t\turl:
        \"http://media.whosay.com/150973/150973_smsq.jpg\"\n\t\t\t\t\t\t\t\n\t\t\t\t\t\t\t\n\t\t\t\t\t\t\n\t\t\t\t\t},{\n\t\t\t\t\t\tid:
        \"mediaCenterLatestPostsWidgetThumbnail150273\",\n\t\t\t\t\t\t\n\t    \t\t\t\t\t\n\t\t\t\t\t\t\t\turl:
        \"http://media.whosay.com/150273/150273_smsq.jpg\"\n\t\t\t\t\t\t\t\n\t\t\t\t\t\t\t\n\t\t\t\t\t\t\n\t\t\t\t\t},{\n\t\t\t\t\t\tid:
        \"mediaCenterLatestPostsWidgetThumbnail149114\",\n\t\t\t\t\t\t\n\t    \t\t\t\t\t\n\t\t\t\t\t\t\t\turl:
        \"http://media.whosay.com/149114/149114_smsq.jpg\"\n\t\t\t\t\t\t\t\n\t\t\t\t\t\t\t\n\t\t\t\t\t\t\n\t\t\t\t\t},{\n\t\t\t\t\t\tid:
        \"mediaCenterLatestPostsWidgetThumbnail148406\",\n\t\t\t\t\t\t\n\t    \t\t\t\t\t\n\t\t\t\t\t\t\t\turl:
        \"http://media.whosay.com/148406/148406_smsq.jpg\"\n\t\t\t\t\t\t\t\n\t\t\t\t\t\t\t\n\t\t\t\t\t\t\n\t\t\t\t\t},{\n\t\t\t\t\t\tid:
        \"mediaCenterLatestPostsWidgetThumbnail143301\",\n\t\t\t\t\t\t\n\t    \t\t\t\t\t\n\t\t\t\t\t\t\t\turl:
        \"http://media.whosay.com/143301/143301_smsq.jpg\"\n\t\t\t\t\t\t\t\n\t\t\t\t\t\t\t\n\t\t\t\t\t\t\n\t\t\t\t\t},{\n\t\t\t\t\t\tid:
        \"mediaCenterLatestPostsWidgetThumbnail142612\",\n\t\t\t\t\t\t\n\t    \t\t\t\t\t\n\t\t\t\t\t\t\t\turl:
        \"http://media.whosay.com/142612/142612_smsq.jpg\"\n\t\t\t\t\t\t\t\n\t\t\t\t\t\t\t\n\t\t\t\t\t\t\n\t\t\t\t\t},{\n\t\t\t\t\t\tid:
        \"mediaCenterLatestPostsWidgetThumbnail139914\",\n\t\t\t\t\t\t\n\t    \t\t\t\t\t\n\t\t\t\t\t\t\t\turl:
        \"http://media.whosay.com/139914/139914_smsq.jpg\"\n\t\t\t\t\t\t\t\n\t\t\t\t\t\t\t\n\t\t\t\t\t\t\n\t\t\t\t\t},{\n\t\t\t\t\t\tid:
        \"mediaCenterLatestPostsWidgetThumbnail137356\",\n\t\t\t\t\t\t\n\t    \t\t\t\t\t\n\t\t\t\t\t\t\t\turl:
        \"http://media.whosay.com/137356/137356_smsq.jpg\"\n\t\t\t\t\t\t\t\n\t\t\t\t\t\t\t\n\t\t\t\t\t\t\n\t\t\t\t\t},{\n\t\t\t\t\t\tid:
        \"mediaCenterLatestPostsWidgetThumbnail136671\",\n\t\t\t\t\t\t\n\t    \t\t\t\t\t\n\t\t\t\t\t\t\t\turl:
        \"http://media.whosay.com/136671/1/136671_smsq.jpg\"\n\t\t\t\t\t\t\t\n\t\t\t\t\t\t\t\n\t\t\t\t\t\t\n\t\t\t\t\t},{\n\t\t\t\t\t\tid:
        \"mediaCenterLatestPostsWidgetThumbnail129433\",\n\t\t\t\t\t\t\n\t    \t\t\t\t\t\n\t\t\t\t\t\t\t\turl:
        \"http://media.whosay.com/129433/129433_smsq.jpg\"\n\t\t\t\t\t\t\t\n\t\t\t\t\t\t\t\n\t\t\t\t\t\t\n\t\t\t\t\t},{\n\t\t\t\t\t\tid:
        \"mediaCenterLatestPostsWidgetThumbnail125018\",\n\t\t\t\t\t\t\n\t    \t\t\t\t\t\n\t\t\t\t\t\t\t\turl:
        \"http://media.whosay.com/125018/125018_smsq.jpg\"\n\t\t\t\t\t\t\t\n\t\t\t\t\t\t\t\n\t\t\t\t\t\t\n\t\t\t\t\t},{\n\t\t\t\t\t\tid:
        \"mediaCenterLatestPostsWidgetThumbnail118753\",\n\t\t\t\t\t\t\n\t    \t\t\t\t\t\n\t\t\t\t\t\t\t\turl:
        \"http://media.whosay.com/118753/1/118753_smsq.jpg\"\n\t\t\t\t\t\t\t\n\t\t\t\t\t\t\t\n\t\t\t\t\t\t\n\t\t\t\t\t},{\n\t\t\t\t\t\tid:
        \"mediaCenterLatestPostsWidgetThumbnail114837\",\n\t\t\t\t\t\t\n\t    \t\t\t\t\t\n\t\t\t\t\t\t\t\turl:
        \"http://media.whosay.com/114837/1/114837_smsq.jpg\"\n\t\t\t\t\t\t\t\n\t\t\t\t\t\t\t\n\t\t\t\t\t\t\n\t\t\t\t\t},{\n\t\t\t\t\t\tid:
        \"mediaCenterLatestPostsWidgetThumbnail108736\",\n\t\t\t\t\t\t\n\t    \t\t\t\t\t\n\t\t\t\t\t\t\t\turl:
        \"http://media.whosay.com/108736/1/108736_smsq.jpg\"\n\t\t\t\t\t\t\t\n\t\t\t\t\t\t\t\n\t\t\t\t\t\t\n\t\t\t\t\t},{\n\t\t\t\t\t\tid:
        \"mediaCenterLatestPostsWidgetThumbnail108729\",\n\t\t\t\t\t\t\n\t    \t\t\t\t\t\n\t\t\t\t\t\t\t\turl:
        \"http://media.whosay.com/108729/1/108729_smsq.jpg\"\n\t\t\t\t\t\t\t\n\t\t\t\t\t\t\t\n\t\t\t\t\t\t\n\t\t\t\t\t},{\n\t\t\t\t\t\tid:
        \"mediaCenterLatestPostsWidgetThumbnail105566\",\n\t\t\t\t\t\t\n\t    \t\t\t\t\t\n\t\t\t\t\t\t\t\turl:
        \"http://media.whosay.com/105566/2/105566_smsq.jpg\"\n\t\t\t\t\t\t\t\n\t\t\t\t\t\t\t\n\t\t\t\t\t\t\n\t\t\t\t\t},{\n\t\t\t\t\t\tid:
        \"mediaCenterLatestPostsWidgetThumbnail101812\",\n\t\t\t\t\t\t\n\t    \t\t\t\t\t\n\t\t\t\t\t\t\t\turl:
        \"http://media.whosay.com/101812/1/101812_smsq.jpg\"\n\t\t\t\t\t\t\t\n\t\t\t\t\t\t\t\n\t\t\t\t\t\t\n\t\t\t\t\t}],{\n\t
        \ \t\tnumItemsVisible: 3,\n\t  \t\tnumItemsScroll: 3,\n\t  \t\ttotalItemCount:143,\n\t
        \ \t\tinitialPage:3,\n\t  \t\tlistMediaUrl:'/TomHanks/ajax/media',\n\t  \t\tthumbnailIdPrefix:'mediaCenterLatestPostsWidgetThumbnail',\n\t
        \ \t\tphotoThumbnailResourceName:'SmallSquareThumbnail',\n\t  \t\tvideoThumbnailResourceName:'SmallThumbnail'\n\t
        \ \t});\n\t\n\n\n\n\t\t    \t\t\n\t\t    \t\t\n\t\t    \t\t\t\n\t\t    \t\t\t\n\n\n\n\n\n\n\n\n\n\n\n\n\n\n\n\n\n\t\n\t\n\n\t\t
        \   \t\t\n\t\t    \t\t\t\n\t\t    \t\t\t\n\n\n\n\n\n\n\n\n\n\n\n\n\n\n\n\n\n\n\n\n\t\n\t\n\n\t\t
        \   \t\t\n\t\t\t\t} );\n\n    \t\t\tGUI.on( window, \"load\", function() {\n\t\t\t\t\t\n\t\t\t\t\t\n\n\n\n\n\n\n\n\n\n\n\n\n\n\n\n\n\n\n\n\n\n\n\n\n\n\t\n\t\n\t\n\n\n\n\t\t\t\t\t\n\t\t
        \   \t\t\n\t\t    \t\t\t\n\t\t    \t\t\t\n\n\n\n\n\n\n\n\n\n\n\n\n\n\n\n\n\n\t\n\t\n\t\tWGU.MediaCenter.setupFacebookLikeBox(\"173208492764455\",\"mediaCenterFacebookLikeBoxWidget42814\");\n\t\n\n\t\t
        \   \t\t\n\t\t    \t\t\t\n\t\t    \t\t\t\n\n\n\n\n\n\n\n\n\n\n\n\n\n\n\n\n\n\n\n\n\t\n\t\n\t\tWGU.MediaCenter.setupTwitterProfileWidget(\"mediaCenterTwitterProfileWidget42813\",\"tomhanks\",\"#72b31b\");\n\t\n\n\t\t
        \   \t\t\n\n\t    \t\t} );\n\n   \t\t\t\tvar setupOpenGraphHandling = function()
        {\n\t    \t\t\t\n\t    \t\t\t\n\t    \t\t\t\tWGU.MediaCenter.publishOpenGraphViewAction(
        '/ajax/publish-open-graph-action', 'http:\\/\\/www.whosay.com\\/TomHanks\\/photos\\/148406'
        );\n\t    \t\t\t\n\n\t    \t\t\t\n\t    \t\t\tWGU.MediaCenter.setupOpenGraphVideoHandling(\n\t
        \   \t\t\t\t'/ajax/publish-open-graph-action',\n\t    \t\t\t\t'/ajax/delete-open-graph-action',\n\t
        \   \t\t\t\t'http:\\/\\/www.whosay.com\\/TomHanks\\/photos\\/148406'\n\t    \t\t\t);\n\n\t
        \   \t\t\t\n\t    \t\t\tYUI().use('open-graph-action-notice-module', function(Y)
        {\n\t    \t\t\t\tWhoSay.Modules.OpenGraphActionNotice.setup(\n\t    \t\t\t\t\tY.one('#contentOpenGraphActionNotice'),\n\t
        \   \t\t\t\t\tY.one('#contentOpenGraphActionRemove')\n\t    \t\t\t\t);\n\t
        \   \t\t\t});\n   \t\t\t\t};\n\n   \t\t\t\tYUI().use('login-module', function(Y)
        {\n                   \tWhoSay.Modules.Login.isLoggedIn( function( isLoggedIn
        ) {\n                   \t\tif( isLoggedIn ) {\n                   \t\t\tif(
        WhoSay.Fan.publishOGActionsToFB ) {\n                   \t\t\t\tsetupOpenGraphHandling();\n
        \                  \t\t\t}\n                   \t\t}\n                   \t\telse
        {\n                   \t\t\tY.Global.once('WhoSay:autoLoggedIn', function(event)
        {\n                   \t\t\t\tif( WhoSay.Fan.publishOGActionsToFB ) {\n                   \t\t\t\t\tsetupOpenGraphHandling();\n
        \                  \t\t\t\t}\n                   \t\t\t});\n                   \t\t}\n
        \                  \t});\n               \t});\n\n               \tYUI().use('get',
        function (Y) {\n\t\t\t\t\tlater = Y.later(50, this, function () {\n\t\t        \t\tif
        (WhoSay.Applications.Comments !== void(0)) {\n\t\t\t        \t\tlater.cancel();\n\t\t\t
        \       \t\tWhoSay.Helpers.SimpleReach.collect({ title: WhoSay.Applications.Comments.generateTitle('Tom
        Hanks\\'', 'photo', ''),\n\t\t\t                                                     url:
        'http://www.whosay.com/TomHanks/photos/148406',\n\t\t\t                                                     date:
        '2012-03-22 04:00:00 UTC',\n\t\t\t                                                     authors:
        ['Tom Hanks'],\n\t\t\t                                                     landing_url:
        window.location.href }, Y);\n\t\t\t        \t}\n\t\t            }, [], true);\n\t\t\t
        \t});\n\n    \t\t})();\n\t\t</script>\n\n\t\t\n  \t\t\n\n    \n\n\t\n\n\n\t<noscript>\n\t
        \ <img src=\"http://b.scorecardresearch.com/p?c1=2&c2=8986565&cv=2.0&cj=1\"
        />\n\t</noscript>\n\t<!-- End comScore Tag -->\n\n\t\n\t\n\n</body>\n</html>\n"
    http_version: '1.1'
  recorded_at: Mon, 03 Dec 2012 07:57:04 GMT
- request:
    method: get
    uri: http://t.co//qbJx26r
    body:
      encoding: US-ASCII
      string: ''
    headers:
      accept:
      - ! '*/*'
      user-agent:
      - Ruby
  response:
    status:
      code: 301
      message: Moved Permanently
    headers:
      date:
      - Mon, 03 Dec 2012 07:57:04 GMT
      location:
      - http://twitter.com/twitter/status/76360760606986241/photo/1
      cache-control:
      - private,max-age=300
      expires:
      - Mon, 03 Dec 2012 08:02:04 GMT
      content-length:
      - '0'
      server:
      - tfe
      connection:
      - close
    body:
      encoding: US-ASCII
      string: ''
    http_version: '1.1'
  recorded_at: Mon, 03 Dec 2012 07:57:04 GMT
- request:
    method: get
    uri: http://twitter.com/twitter/status/76360760606986241/photo/1
    body:
      encoding: US-ASCII
      string: ''
    headers:
      accept:
      - ! '*/*'
      user-agent:
      - Ruby
  response:
    status:
      code: 200
      message: OK
    headers:
      x-xss-protection:
      - 1; mode=block
      content-type:
      - text/html;charset=utf-8
      last-modified:
      - Mon, 03 Dec 2012 07:57:04 GMT
      expires:
      - Tue, 31 Mar 1981 05:00:00 GMT
      pragma:
      - no-cache
      cache-control:
      - no-cache, no-store, must-revalidate, pre-check=0, post-check=0
      set-cookie:
      - _twitter_sess=BAh7CiIKZmxhc2hJQzonQWN0aW9uQ29udHJvbGxlcjo6Rmxhc2g6OkZsYXNo%250ASGFzaHsABjoKQHVzZWR7ADoPY3JlYXRlZF9hdGwrCLqzxF87AToMY3NyZl9p%250AZCIlM2Y2ZTUxMWVmYjU0ZmNkNzNjYmVmZDdmOWI0NzlmYjc6B2lkIiVkMTg2%250ANjQxM2FkYTk5ZDg2NzZiNjkzM2NjNjZjM2Y3ZDoOcmV0dXJuX3RvIkBodHRw%250AOi8vdHdpdHRlci5jb20vdHdpdHRlci9zdGF0dXMvNzYzNjA3NjA2MDY5ODYy%250ANDEvcGhvdG8vMQ%253D%253D--0514927f99fd3fbbbb9324b71c1026f934cdd991;
        Path=/; Domain=.twitter.com; HTTPOnly
      - guest_id=v1%3A135452142482600254; Expires=Wed, 3-Dec-2014 07:57:04 GMT; Path=/;
        Domain=.twitter.com
      x-transaction:
      - 1319e2efe3bea10e
      x-frame-options:
      - SAMEORIGIN
      status:
      - 200 OK
      date:
      - Mon, 03 Dec 2012 07:57:04 GMT
      content-length:
      - '56370'
      server:
      - tfe
      connection:
      - close
    body:
      encoding: US-ASCII
      string: ! "<!DOCTYPE html>\n<!--[if IE 8]><html class=\"lt-ie10 ie8\" lang=\"en\"><![endif]-->\n<!--[if
        IE 9]><html class=\"lt-ie10 ie9\" lang=\"en\"><![endif]-->\n<!--[if gt IE
        9]><!--><html lang=\"en\"><!--<![endif]-->\n  <head>\n    \n    \n    \n    \n
        \   \n    \n    \n    <meta charset=\"utf-8\">\n      <title>Twitter / twitter:
        #Photos on Twitter: taking ...</title>\n    <meta http-equiv=\"X-UA-Compatible\"
        content=\"IE=9,chrome=1\">\n\n\n\n\n\n<script>document.domain='twitter.com'</script>\n\n
        \ <meta name=\"description\" content=\"Instantly connect to what&#39;s most
        important to you. Follow your friends, experts, favorite celebrities, and
        breaking news.\">\n\n\n\n<meta name=\"msapplication-TileImage\" content=\"//si0.twimg.com/favicons/win8-tile-144.png\"/>\n<meta
        name=\"msapplication-TileColor\" content=\"#00aced\"/>\n\n  <link href=\"//si0.twimg.com/favicons/favicon.ico\"
        rel=\"shortcut icon\" type=\"image/x-icon\">\n\n\n  <meta name=\"swift-page-name\"
        id=\"swift-page-name\" content=\"big_photo_permalink\">\n\n    <link rel=\"canonical\"
        href=\"https://twitter.com/twitter/status/76360760606986241\">\n\n<link rel=\"search\"
        type=\"application/opensearchdescription+xml\" href=\"/opensearch.xml\" title=\"Twitter\">\n\n
        \     <link rel=\"stylesheet\" href=\"http://a0.twimg.com/a/1354181157/t1/css/t1_core_logged_out.bundle.css\"
        type=\"text/css\" media=\"screen\">\n\n    <link rel=\"stylesheet\" href=\"http://a0.twimg.com/a/1354181157/t1/css/t1_more.bundle.css\"
        type=\"text/css\" media=\"screen\">\n\n\n      <script>\n    \n\n    \n    \n
        \   \n    (function(){function f(a){a=a||window.event;if(!a)return;!a.target&&a.srcElement&&(a.target=a.srcElement);if(!j(a))return;if(!document.addEventListener){var
        b={};for(var c in a)b[c]=a[c];a=b}a.preventDefault=a.stopPropagation=a.stopImmediatePropagation=function(\n){};d.push(a);return!1}function
        g($){i();for(var b=0,c;c=d[b];b++){var e=$(c.target);if(c.type==\"click\"&&c.target.tagName.toLowerCase()==\"a\"){var
        f=$.data(e.get(0),\"events\"),g=f&&f.click,j=!c.target.hostname.match(a)||!c.target.href.match(/#$/);if(!g&&j){window\n.location=c.target.href;continue}}e.trigger(c)}window.swiftActionQueue.wasFlushed=!0}function
        i(){e&&clearTimeout(e);for(var a=0;a<c.length;a++)document[\"on\"+c[a]]=null}function
        j(c){var d=c.target.tagName.toLowerCase();if(d==\"label\")if(c.target.getAttribute\n(\"for\")){var
        e=document.getElementById(c.target.getAttribute(\"for\"));if(e.getAttribute(\"type\")==\"checkbox\")return!1}else
        for(var f=0;f<c.target.childNodes.length;f++)if((c.target.childNodes[f].tagName||\"\").toLowerCase()==\"input\"&&c.target.childNodes[f].getAttribute\n(\"type\")==\"checkbox\")return!1;if(d==\"textarea\"||d==\"input\"&&c.target.getAttribute(\"type\")==\"text\")if(c.type.match(b))return!1;return
        c.metaKey?!1:c.clientX&&c.shiftKey&&d==\"a\"?!1:c.target&&c.target.hostname&&!c.target.hostname.match(a)?!1:!0}var
        a=/^([^\\.]+\\.)*twitter.com$/\n,b=/^key/,c=[\"click\",\"keydown\",\"keypress\",\"keyup\"],d=[],e=null;for(var
        k=0;k<c.length;k++)document[\"on\"+c[k]]=f;setTimeout(i,1e4);window.swiftActionQueue={flush:g,wasFlushed:!1}})();\n
        \ </script>\n\n  </head>\n  <body class=\"t1 logged-out user-style-twitter\"
        dir=\"ltr\">\n    <div id=\"doc\" class=\"route-bigPhotoPermalink\">\n        <div
        class=\"media-gallery-overlay swift\">\n  <div class=\"media-gallery-content
        big-photo-permalink media-slideshow-tweet\">\n      <div class=\"tweet tweet-inverted
        slideshow-tweet js-actionable-tweet\" data-tweet-id=\"76360760606986241\"
        data-item-id=\"76360760606986241\"   data-screen-name=\"twitter\" data-user-id=\"783214\"
        \ >\n  <div class=\"tweet-image\">\n      <img height=\"48\" width=\"48\"
        src='http://a0.twimg.com/profile_images/2284174758/v65oai7fxn47qv9nectx_normal.png'
        alt='Twitter' class='user-profile-link js-action-profile-avatar' data-user-id='783214'/>\n\n
        \ </div>\n  <div class=\"tweet-content\">\n    <div class=\"tweet-row\">\n
        \     <span class='tweet-user-name'>\n  <a class='tweet-screen-name user-profile-link
        js-action-profile-name' data-user-id='783214' href='/twitter' title='Twitter'>twitter</a>\n
        \ <span class='tweet-full-name'>Twitter</span>\n</span>\n\n      <small class=\"time\">\n
        \   <a href=\"/twitter/status/76360760606986241\" class=\"tweet-timestamp
        js-permalink js-nav\" title=\"11:53 AM - 2 Jun 11\" ><span class=\"_timestamp
        js-short-timestamp \" data-time=\"1307040799\" data-long-form=\"true\">2 Jun
        11</span></a>\n</small>\n\n    </div>\n    <div class=\"tweet-row\">\n      <div
        class=\"tweet-text js-tweet-text\">\n      <a href=\"/search?q=%23Photos&amp;src=hash\"
        data-query-source=\"hashtag_click\" class=\"twitter-hashtag pretty-link js-nav\"
        dir=\"ltr\" ><s>#</s><b>Photos</b></a> on Twitter: taking flight <a href=\"http://t.co/qbJx26r\"
        class=\"twitter-timeline-link\" data-pre-embedded=\"true\" dir=\"ltr\" >pic.twitter.com/qbJx26r</a>\n\n\n</div>\n
        \   </div>\n    <div class=\"tweet-row stream-item-footer\">\n      <a class=\"details
        with-icn js-details\" href=\"/twitter/status/76360760606986241\">\n        <b><span
        class=\"simple-details-link\">Details</span></b>\n      </a>\n      <ul class=\"tweet-actions
        js-actions\">\n  <li class=\"action-reply-container\">\n    <a class=\"with-icn
        js-action-reply\" data-modal=\"tweet-reply\" href=\"#\" title=\"Reply\">\n
        \     <i class=\"sm-reply\"></i>\n      <b>Reply</b>\n    </a>\n  </li>\n
        \ <li class=\"action-rt-container\">\n    <a class=\"with-icn js-toggle-rt
        \" data-modal=\"tweet-retweet\" href=\"#\">\n      <i class=\"sm-rt\"></i>\n
        \     \n      <b><span class=\"undo-retweet\" title=\"Undo retweet\">Retweeted</span><span
        class=\"retweet\" title=\"Retweet\">Retweet</span></b>\n    </a>\n  </li>\n
        \ <li class=\"action-del-container\">\n    <a class=\"with-icn js-action-del\"
        href=\"#\" title=\"Delete\">\n      <i class=\"sm-trash\"></i>\n      <b>Delete</b>\n
        \   </a>\n  </li>\n  <li class=\"action-fav-container\">\n    <a class=\"with-icn
        js-toggle-fav\" href=\"#\">\n      <i class=\"sm-fav\"></i>\n        <b><span
        class=\"unfavorite\" title=\"Undo favorite\">Favorited</span><span class=\"favorite\"
        title=\"Favorite\">Favorite</span></b>\n    </a>\n  </li>\n\n\n  \n</ul>\n
        \   </div>\n    <div class=\"tweet-row\">\n      \n\n    </div>\n  </div>\n
        \   \n  <div class=\"proxy-tweet-container\">\n    \n\n\n  \n\n  <div class=\"tweet
        original-tweet js-stream-tweet js-actionable-tweet js-hover js-profile-popup-actionable
        js-original-tweet  \n\n\n has-cards\n has-native-media\n with-social-proof\n\n\n\n\"
        \ndata-feedback-key=\"\"\ndata-tweet-id=\"76360760606986241\"\n\n\ndata-item-id=\"76360760606986241\"\n\n\n
        data-screen-name=\"twitter\" data-name=\"Twitter\" data-user-id=\"783214\"\n\n\n\n\n
        \ data-card-type=\"photo\"\n  \n  \n\n\ndata-expanded-footer=\"&lt;div class=&quot;js-tweet-details-fixer
        tweet-details-fixer&quot;&gt;&#10;          &lt;div class=&quot;cards-media-container
        &quot;&gt;&lt;div data-card-url=&quot;//twitter.com/twitter/status/76360760606986241/photo/1/large&quot;
        data-card-type=&quot;photo&quot; class=&quot;cards-base cards-multimedia&quot;
        data-element-context=&quot;platform_photo_card&quot;&gt;&#10;  &lt;div class=&quot;media&quot;&gt;&#10;
        \   &#10;    &lt;a target=&quot;_blank&quot; class=&quot;twitter-timeline-link&quot;
        href=&quot;//twitter.com/twitter/status/76360760606986241/photo/1/large&quot;&gt;&#10;
        \     &lt;img src=&quot;http://pbs.twimg.com/media/AQ9JtQsCEAA7dEN.jpg&quot;
        alt=&quot;Embedded image permalink&quot; width=&quot;435&quot; height=&quot;289&quot;
        &gt;&#10;    &lt;/a&gt;&#10;  &lt;/div&gt;&#10;  &lt;div class=&quot;cards-content&quot;&gt;&#10;
        \   &lt;div class=&quot;byline&quot;&gt;&#10;      &#10;    &lt;/div&gt;&#10;
        \   &#10;  &lt;/div&gt;&#10;  &#10;&lt;/div&gt;&#10;&#10;&#10;&lt;/div&gt;&#10;&#10;
        \   &lt;div class=&quot;js-tweet-media-container &quot;&gt;&lt;/div&gt;&#10;
        \ &lt;div class=&quot;js-machine-translated-tweet-container&quot;&gt;&lt;/div&gt;&#10;
        \ &lt;div class=&quot;js-tweet-stats-container tweet-stats-container already-open&quot;&gt;&#10;
        \ &lt;/div&gt;&#10;  &lt;div class=&quot;client-and-actions&quot;&gt;&#10;
        \   &lt;span class=&quot;metadata&quot;&gt;&#10;      &lt;span title=&quot;11:53
        AM - 2 Jun 11&quot;&gt;11:53 AM - 2 Jun 11&lt;/span&gt;&#10;&#10;      &#10;&#10;
        \     &#10;&#10;        &amp;middot; &lt;button class=&quot;embed-link btn-link&quot;&gt;Embed
        this Tweet&lt;/button&gt;&#10;&#10;&#10;          &lt;span class=&quot;flag-container
        flag-cards&quot;&gt;&#10;  &lt;button type=&quot;button&quot; class=&quot;flaggable
        btn-link&quot;&gt;&#10;    Flag media&#10;  &lt;/button&gt;&#10;  &lt;span
        class=&quot;flagged hidden&quot;&gt;&#10;    Flagged&#10;    &lt;span&gt;&#10;
        \     &lt;a target=&quot;_blank&quot; href=&quot;//support.twitter.com/articles/20069937&quot;&gt;&#10;
        \       (learn more)&#10;      &lt;/a&gt;&#10;    &lt;/span&gt;&#10;  &lt;/span&gt;&#10;&lt;/span&gt;&#10;
        \         &#10;          &#10;&#10;    &lt;/span&gt;&#10;  &lt;/div&gt;&#10;&lt;/div&gt;&#10;\"\n\n\n\n\n\n>\n\n
        \   \n    <i class=\"dogear\"></i>\n\n    \n    <div class=\"content\">\n\n
        \     \n      <div class=\"stream-item-header\">\n        <small class=\"time\">\n
        \   <a href=\"/twitter/status/76360760606986241\" class=\"tweet-timestamp
        js-permalink js-nav\" title=\"11:53 AM - 2 Jun 11\" ><span class=\"_timestamp
        js-short-timestamp \" data-time=\"1307040799\" data-long-form=\"true\">2 Jun
        11</span></a>\n</small>\n\n          <a  class=\"account-group js-account-group
        js-action-profile js-user-profile-link js-nav\" href=\"/twitter\" data-user-id=\"783214\">\n
        \   <img class=\"avatar js-action-profile-avatar\" src=\"http://a0.twimg.com/profile_images/2284174758/v65oai7fxn47qv9nectx_normal.png\"
        alt=\"Twitter\">\n    <strong class=\"fullname js-action-profile-name show-popup-with-id\">Twitter<i
        class=\"verified\"><span class=\"hidden-elements\">Verified</span></i></strong>\n
        \   <span>&rlm;</span><span class=\"username js-action-profile-name\"><s>@</s><b>twitter</b></span>\n
        \ </a>\n\n      </div>\n\n      \n        <p class=\"js-tweet-text\">\n              <a
        href=\"/search?q=%23Photos&amp;src=hash\" data-query-source=\"hashtag_click\"
        class=\"twitter-hashtag pretty-link js-nav\" dir=\"ltr\" ><s>#</s><b>Photos</b></a>
        on Twitter: taking flight <a href=\"http://t.co/qbJx26r\" class=\"twitter-timeline-link\"
        data-pre-embedded=\"true\" dir=\"ltr\" >pic.twitter.com/qbJx26r</a>\n\n\n
        \       </p>\n\n      \n      <div class=\"stream-item-footer\">\n        \n
        \       \n\n<div class=\"context\">\n</div>\n\n\n          \n          <a
        class=\"details with-icn js-details\" href=\"/twitter/status/76360760606986241\">\n
        \           <span class=\"details-icon js-icon-container\">\n                <i
        class=\"sm-image\"></i>\n            </span>\n            <b>\n              <span
        class=\"expand-stream-item js-view-details\">\n                  View photo\n
        \             </span>\n              <span class=\"collapse-stream-item js-hide-details\">\n
        \                 Hide photo\n              </span>\n            </b>\n          </a>\n\n
        \       \n        <ul class=\"tweet-actions js-actions\">\n  <li class=\"action-reply-container\">\n
        \   <a class=\"with-icn js-action-reply\" data-modal=\"tweet-reply\" href=\"#\"
        title=\"Reply\">\n      <i class=\"sm-reply\"></i>\n      <b>Reply</b>\n    </a>\n
        \ </li>\n  <li class=\"action-rt-container\">\n    <a class=\"with-icn js-toggle-rt
        \" data-modal=\"tweet-retweet\" href=\"#\">\n      <i class=\"sm-rt\"></i>\n
        \     \n      <b><span class=\"undo-retweet\" title=\"Undo retweet\">Retweeted</span><span
        class=\"retweet\" title=\"Retweet\">Retweet</span></b>\n    </a>\n  </li>\n
        \ <li class=\"action-del-container\">\n    <a class=\"with-icn js-action-del\"
        href=\"#\" title=\"Delete\">\n      <i class=\"sm-trash\"></i>\n      <b>Delete</b>\n
        \   </a>\n  </li>\n  <li class=\"action-fav-container\">\n    <a class=\"with-icn
        js-toggle-fav\" href=\"#\">\n      <i class=\"sm-fav\"></i>\n        <b><span
        class=\"unfavorite\" title=\"Undo favorite\">Favorited</span><span class=\"favorite\"
        title=\"Favorite\">Favorite</span></b>\n    </a>\n  </li>\n\n\n  \n</ul>\n
        \     </div>\n\n      \n      <div class=\"expanded-content js-tweet-details-dropdown\">\n</div>\n\n\n
        \   </div>\n  </div>\n\n\n  </div>\n\n</div>\n\n        <div class=\"media-gallery-image-wrapper\">\n
        \         <img class=\"large media-slideshow-image\" alt=\"\" src=\"http://pbs.twimg.com/media/AQ9JtQsCEAA7dEN.jpg:large\"
        height=\"466\" width=\"700\">\n        </div>\n  </div>\n</div>\n      \n
        \   </div>\n       <div class=\"alert-messages hidden\" id=\"message-drawer\">\n
        \   <div class=\"message \">\n  <div class=\"message-inside\">\n    <span
        class=\"message-text\"></span><a class=\"dismiss\" href=\"#\">&times;</a>\n
        \ </div>\n</div>\n</div>\n\n    <div class=\"gallery-overlay\"></div>\n<div
        class=\"gallery-container\">\n  <div class=\"gallery-close-target\"></div>\n
        \ <div class=\"swift-media-gallery\">\n    <div class=\"modal-header\">\n
        \     <a class=\"dismiss close-action\" href=\"#\"><i class=\"close-medium\"></i></a>\n
        \     <h2 class=\"modal-title\"></h2>\n    </div>\n    <div class=\"gallery-media\"></div>\n
        \   <div class=\"gallery-nav nav-prev\">\n      <span class=\"nav-prev-handle\"></span>\n
        \   </div>\n    <div class=\"gallery-nav nav-next\">\n      <span class=\"nav-next-handle\"></span>\n
        \   </div>\n    <div class=\"tweet-inverted gallery-tweet\"></div>\n  </div>\n</div>\n\n<div
        class=\"modal-overlay\"></div>\n\n<div class=\"hidden-elements\">\n  <div
        id=\"flash-preload\"></div>\n  <iframe class=\"tweet-post-iframe\" name=\"tweet-post-iframe\"></iframe>\n\n</div>\n\n\n\n<div
        id=\"goto-user-dialog\" class=\"modal-container\">\n  <div class=\"modal modal-small
        draggable\">\n    <div class=\"modal-content\">\n      <button type=\"button\"
        class=\"modal-btn modal-close\"><i class=\"close-medium\"><span class=\"hidden-elements\">Close</span></i></button>\n\n
        \     <div class=\"modal-header\">\n        <h3 class=\"modal-title\">Go to
        a person's profile</h3>\n      </div>\n\n      <div class=\"modal-body\">\n
        \       <div class=\"modal-inner\">\n          <form class=\"goto-user-form\">\n
        \           <input class=\"input-block username-input\" type=\"text\" placeholder=\"Start
        typing a name to jump to a profile\">\n            <ul class=\"dropdown-menu
        autocomplete-results\">\n  <li class=\"dropdown-link dropdown-account template-row
        autocomplete-item\">\n    <img width=\"24\" height=\"24\" class=\"avatar size24\">\n
        \   <strong class=\"fullname\"></strong>\n    <span class=\"pretty-link\"><s>@</s><b
        class=\"username\"></b></span>\n  </li>\n</ul>\n          </form>\n        </div>\n
        \     </div>\n\n    </div>\n  </div>\n</div>\n\n\n  <div id=\"retweet-tweet-dialog\"
        class=\"modal-container\">\n  <div class=\"close-modal-background-target\"></div>\n
        \ <div class=\"modal draggable\">\n    <div class=\"modal-content\">\n      <button
        class=\"modal-btn modal-close\"><i class=\"close-medium\"><span class=\"hidden-elements\">Close</span></i></button>\n\n
        \     <div class=\"modal-header\">\n        <h3 class=\"modal-title\">Retweet
        this to your followers?</h3>\n      </div>\n\n      <div class=\"modal-body
        modal-tweet\"></div>\n\n      <div class=\"modal-footer\">\n        <button
        class=\"btn cancel-action\">Cancel</button>\n        <button class=\"btn primary-btn
        retweet-action\">Retweet</button>\n      </div>\n    </div>\n  </div>\n</div>\n\n
        \ <div id=\"delete-tweet-dialog\" class=\"modal-container\">\n  <div class=\"close-modal-background-target\"></div>\n
        \ <div class=\"modal draggable\">\n    <div class=\"modal-content\">\n      <button
        class=\"modal-btn modal-close\"><i class=\"close-medium\"><span class=\"hidden-elements\">Close</span></i></button>\n\n
        \     <div class=\"modal-header\">\n        <h3 class=\"modal-title\">Are
        you sure you want to delete this Tweet?</h3>\n      </div>\n\n      <div class=\"modal-body
        modal-tweet\"></div>\n\n      <div class=\"modal-footer\">\n        <button
        class=\"btn cancel-action\">Cancel</button>\n        <button class=\"btn primary-btn
        delete-action\">Delete</button>\n      </div>\n    </div>\n  </div>\n</div>\n\n\n\n<div
        id=\"keyboard-shortcut-dialog\" class=\"modal-container\">\n  <div class=\"close-modal-background-target\"></div>\n
        \ <div class=\"modal modal-large draggable\">\n    <div class=\"modal-content\">\n
        \     <button type=\"button\" class=\"modal-btn modal-close js-dimiss\"><i
        class=\"close-medium\"><span class=\"hidden-elements\">Close</span></i></button>\n\n
        \     \n      <div class=\"modal-header\">\n        <h3 class=\"modal-title\">Keyboard
        shortcuts</h3>\n      </div>\n\n      \n      <div class=\"modal-body\">\n\n
        \       <div class=\"keyboard-shortcuts clearfix\" id=\"keyboard-shortcut-menu\">\n\n
        \         <table class=\"modal-table\">\n            <tbody>\n              <tr>\n
        \               <td class=\"shortcut\">\n                  <b class=\"sc-key\">Enter</b>\n
        \               </td>\n                <td class=\"shortcut-label\">Open Tweet
        details</td>\n              </tr>\n              <tr>\n                <td
        class=\"shortcut\">\n                  <b class=\"sc-key\">G</b> <b class=\"sc-key\">F</b>\n
        \               </td>\n                <td class=\"shortcut-label\">Go to
        user...</td>\n              </tr>\n              <tr>\n                <td
        class=\"shortcut\">\n                  <b class=\"sc-key\">?</b>\n                </td>\n
        \               <td class=\"shortcut-label\">This menu</td>\n              </tr>\n
        \             <tr>\n                <td class=\"shortcut\">\n                  <b
        class=\"sc-key\">J</b>\n                </td>\n                <td class=\"shortcut-label\">Next
        Tweet</td>\n              </tr>\n              <tr>\n                <td class=\"shortcut\">\n
        \                 <b class=\"sc-key\">K</b>\n                </td>\n                <td
        class=\"shortcut-label\">Previous Tweet</td>\n              </tr>\n              <tr>\n
        \               <td class=\"shortcut\">\n                  <b class=\"sc-key\">Space</b>\n
        \               </td>\n                <td class=\"shortcut-label\">Page down</td>\n
        \             </tr>\n              <tr>\n                <td class=\"shortcut\">\n
        \                 <b class=\"sc-key\">/</b>\n                </td>\n                <td
        class=\"shortcut-label\">Search</td>\n              </tr>\n              <tr>\n
        \               <td class=\"shortcut\">\n                  <b class=\"sc-key\">.</b>\n
        \               </td>\n                <td class=\"shortcut-label\">Load new
        Tweets</td>\n              </tr>\n            </tbody>\n          </table>\n
        \       </div>\n      </div>\n    </div>\n  </div>\n</div>\n\n\n\n\n\n  \n
        \ \n\n     <div id=\"geo-disabled-dropdown\">\n      <ul class=\"dropdown-menu\"
        tabindex=\"-1\">\n  <li class=\"dropdown-caret\">\n    <span class=\"caret-outer\"></span>\n
        \   <span class=\"caret-inner\"></span>\n  </li>\n  <li class=\"geo-not-enabled-yet\">\n
        \   <h2>Add a location to your Tweets</h2>\n    <p>\n      When you tweet
        with a location, Twitter stores that location.&#32;\n      You can switch
        location on/off before each Tweet and always have the option to delete your
        location history.\n      <a href=\"http://support.twitter.com/forums/26810/entries/78525\"
        target=\"_blank\">Learn more</a>\n    </p>\n    <div>\n      <button type=\"button\"
        class=\"geo-turn-on btn primary-btn\">Turn location on</button>\n      <button
        type=\"button\" class=\"geo-not-now btn-link\">Not now</button>\n    </div>\n
        \ </li>\n</ul>\n\n    </div>\n\n  <div id=\"geo-enabled-dropdown\">\n    <ul
        class=\"dropdown-menu\" tabindex=\"-1\">\n  <li class=\"dropdown-caret\">\n
        \   <span class=\"caret-outer\"></span>\n    <span class=\"caret-inner\"></span>\n
        \ </li>\n  <li class=\"geo-query-location\">\n    <input type=\"text\" autocomplete=\"off\"
        placeholder=\"Search for a neighborhood or city\">\n    <i class=\"generic-search\"></i>\n
        \ </li>\n  <li class=\"geo-dropdown-status\"></li>\n  <li class=\"dropdown-link
        geo-turn-off-item geo-focusable\">\n    <i class=\"close\"></i>Turn off location\n
        \ </li>\n</ul>\n\n  </div>\n\n\n  <!-- REMOVE old-design and new-design classes
        PROF-617 -->\n<div id=\"profile_popup\" class=\"modal-container old-design\">\n
        \ <div class=\"close-modal-background-target\"></div>\n  <div class=\"modal
        modal-small draggable\">\n    <div class=\"modal-content clearfix\">\n      <button
        class=\"modal-btn modal-close\"><i class=\"close-medium\"><span class=\"hidden-elements\">Close</span></i></button>\n
        \     <div class=\"modal-header\">\n        <h3 class=\"modal-title\">Profile
        summary</h3>\n      </div>\n\n      <div class=\"modal-body profile-modal\">\n\n
        \     </div>\n\n      <div class=\"loading\">\n        <img src=\"http://a0.twimg.com/a/1354181157/images/bigger_spinner.gif\">\n
        \     </div>\n    </div>\n  </div>\n</div>\n  <div id=\"list-membership-dialog\"
        class=\"modal-container\">\n  <div class=\"close-modal-background-target\"></div>\n
        \ <div class=\"modal modal-small draggable\">\n    <div class=\"modal-content\">\n
        \     <button class=\"modal-btn modal-close\"><i class=\"close-medium\"><span
        class=\"hidden-elements\">Close</span></i></button>\n      <div class=\"modal-header\">\n
        \       <h3 class=\"modal-title\">Your lists</h3>\n      </div>\n      <div
        class=\"modal-body\">\n        <div class=\"list-membership-content\"></div>\n
        \       <span class=\"spinner lists-spinner\" title=\"Loading&hellip;\"></span>\n
        \     </div>\n    </div>\n  </div>\n</div>\n  <div id=\"list-operations-dialog\"
        class=\"modal-container\">\n  <div class=\"close-modal-background-target\"></div>\n
        \ <div class=\"modal modal-medium draggable\">\n    <div class=\"modal-content\">\n
        \     <button class=\"modal-btn modal-close\"><i class=\"close-medium\"><span
        class=\"hidden-elements\">Close</span></i></button>\n      <div class=\"modal-header\">\n
        \       <h3 class=\"modal-title\">Create a new list</h3>\n      </div>\n      <div
        class=\"modal-body\">\n        \n<div class=\"list-editor\">\n  <div class=\"field\">\n
        \   <label for=\"list-name\">List name</label>\n    <input type=\"text\" class=\"text\"
        name=\"name\" value=\"\" />\n  </div>\n  <div class=\"field\" style=\"display:none\">\n
        \   <label for=\"list-link\">List link</label>\n    <span></span>\n  </div>\n
        \ <hr/>\n\n  <div class=\"field\">\n    <label for=\"description\">Description</label>\n
        \   <textarea name=\"description\"></textarea>\n    <span class=\"help-text\">Under
        100 characters, optional</span>\n  </div>\n  <hr/>\n\n  <div class=\"field\">\n
        \   <label for=\"mode\">Privacy</label>\n    <div class=\"options\">\n      <label
        for=\"list-public-radio\">\n        <input class=\"radio\" type=\"radio\"
        name=\"mode\" id=\"list-public-radio\" value=\"public\" checked=\"checked\"
        \ />\n        <b>Public</b> &middot; Anyone can follow this list\n      </label>\n
        \     <label for=\"list-private-radio\">\n        <input class=\"radio\" type=\"radio\"
        name=\"mode\" id=\"list-private-radio\" value=\"private\"  />\n        <b>Private</b>
        &middot; Only you can access this list\n      </label>\n    </div>\n  </div>\n
        \ <hr/>\n\n  <div class=\"list-editor-save\">\n    <div class=\"button btn
        btn-primary update-list-button\" data-list-id=\"\">Save list</div>\n  </div>\n\n</div>\n
        \     </div>\n    </div>\n  </div>\n</div>\n\n  <div id=\"activity-popup-dialog\"
        class=\"modal-container\">\n  <div class=\"close-modal-background-target\"></div>\n
        \ <div class=\"modal draggable\">\n    <div class=\"modal-content clearfix\">\n
        \     <button type=\"button\" class=\"modal-btn modal-close\"><i class=\"close-medium\"><span
        class=\"hidden-elements\">Close</span></i></button>\n\n      <div class=\"modal-header\">\n
        \       <h3 class=\"modal-title\"></h3>\n      </div>\n\n      <div class=\"modal-body\">\n
        \       <div class=\"activity-tweet clearfix\"></div>\n        <div class=\"loading\">\n
        \         <img src=\"http://a0.twimg.com/a/1354181157/images/bigger_spinner.gif\">\n
        \       </div>\n        <div class=\"activity-content clearfix\"></div>\n
        \     </div>\n    </div>\n  </div>\n</div>\n\n\n<div id=\"confirm_dialog\"
        class=\"modal-container\">\n  <div class=\"close-modal-background-target\"></div>\n
        \ <div class=\"modal draggable\">\n    <div class=\"modal-content\">\n      <button
        class=\"modal-btn modal-close\"><i class=\"close-medium\"><span class=\"hidden-elements\">Close</span></i></button>\n
        \     <div class=\"modal-header\">\n        <h3 class=\"modal-title\"></h3>\n
        \     </div>\n      <div class=\"modal-body\">\n        <p class=\"modal-body-text\"></p>\n
        \     </div>\n      <div class=\"modal-footer\">\n        <button class=\"btn\"
        id=\"confirm_dialog_cancel_button\"></button>\n        <button id=\"confirm_dialog_submit_button\"
        class=\"btn primary-btn modal-submit\"></button>\n      </div>\n    </div>\n
        \ </div>\n</div>\n\n\n\n\n  \n  <div id=\"signin-or-signup-dialog\">\n    <div
        id=\"signin-or-signup\" class=\"modal-container\">\n      <div class=\"close-modal-background-target\"></div>\n
        \     <div class=\"modal modal-medium draggable\">\n        <div class=\"modal-content\">\n
        \         <button class=\"modal-btn modal-close\"><i class=\"close-medium\"><span
        class=\"hidden-elements\">Close</span></i></button>\n          <div class=\"modal-header\">\n
        \           <h3 class=\"modal-title modal-long-title signup-only\">Sign up
        for Twitter &amp; follow @twitter</h3>\n            <h3 class=\"modal-title
        not-signup-only\">Sign in to Twitter</h3>\n          </div>\n          <div
        class=\"modal-body signup-only\">\n            <form action=\"/signup\" class=\"clearfix
        signup\" method=\"post\">\n  <div class=\"holding name\">\n    <input type=\"text\"
        autocomplete=\"off\" name=\"user[name]\" maxlength=\"20\">\n    <span class=\"holder\">Full
        name</span>\n  </div>\n  <div class=\"holding email\">\n    <input class=\"email-input\"
        type=\"text\" autocomplete=\"off\" name=\"user[email]\">\n    <span class=\"holder\">Email</span>\n
        \ </div>\n  <div class=\"holding password\">\n    <input type=\"password\"
        name=\"user[user_password]\">\n    <span class=\"holder\">Password</span>\n
        \ </div>\n    <input name=\"follow\" type=\"hidden\" value=\"twitter\">\n
        \ <input type=\"hidden\" value=\"permalink\" name=\"context\">\n  <input type=\"hidden\"
        value=\"534b1f63cb6170dbcb7348a3f71287218ec2c895\" name=\"authenticity_token\"/>\n
        \ <input name=\"follows\" type=\"hidden\" value=\"\">\n  <input type=\"submit\"
        class=\"btn signup-btn js-submit js-signup-btn\" value=\"Sign up\">\n</form>\n\n
        \         </div>\n          <div class=\"modal-body not-signup-only\">\n            <form
        action=\"/sessions\" class=\"signin\" method=\"post\">\n  <fieldset>\n\n  <div
        class=\"clearfix holding\">\n    <span class=\"username js-username holder\">Username
        or email</span>\n    <input class=\"js-username-field email-input\" type=\"text\"
        name=\"session[username_or_email]\" autocomplete=\"on\" value=\"\" tabindex=1>\n
        \   <p class=\"help-text-inline\">Forgot your <a href=\"/account/resend_password\"
        tabindex=\"-1\">username</a>?</p>\n  </div>\n\n  <div class=\"clearfix holding\">\n
        \   <span class=\"password holder\">Password</span>\n    <input class=\"js-password-field\"
        type=\"password\" name=\"session[password]\" tabindex=2>\n    <p class=\"help-text-inline\">Forgot
        your <a href=\"/account/resend_password\" tabindex=\"-1\">password</a>?</p>\n
        \ </div>\n\n  <input type=\"hidden\" value=\"534b1f63cb6170dbcb7348a3f71287218ec2c895\"
        name=\"authenticity_token\"/>\n\n</fieldset>\n\n  <div class=\"clearfix\">\n\n
        \ <input type=\"hidden\" name=\"scribe_log\">\n  <input type=\"hidden\" name=\"redirect_after_login\"
        value=\"/twitter/status/76360760606986241/photo/1\">\n  <input type=\"hidden\"
        value=\"534b1f63cb6170dbcb7348a3f71287218ec2c895\" name=\"authenticity_token\"/>\n
        \ <button type=\"submit\" class=\"submit btn primary-btn\" tabindex=4>Sign
        in</button>\n\n  <fieldset class=\"subchck\">\n    <label class=\"remember\">\n
        \     <input type=\"checkbox\" value=\"1\" name=\"remember_me\"  tabindex=3>\n
        \     Remember me\n    </label>\n  </fieldset>\n\n</div>\n\n  <div class=\"divider\"></div>\n
        \ <p>\n    <a class=\"forgot\" href=\"/account/resend_password\">Forgot password?</a><br
        />\n    <a class=\"mobile has-sms\" href=\"/account/complete\">Already using
        Twitter via text message?</a>\n  </p>\n</form>\n\n            <div class=\"signup\">\n
        \             <h2>Not on Twitter? Sign up, tune into the things you care about,
        and get updates as they happen.</h2>\n              <form action=\"/signup\"
        class=\"signup\" method=\"get\">\n    <input name=\"follow\" type=\"hidden\"
        value=\"twitter\">\n    <input type=\"hidden\" name=\"context\" value=\"permalink\">\n
        \   <input type=\"hidden\" value=\"534b1f63cb6170dbcb7348a3f71287218ec2c895\"
        name=\"authenticity_token\"/>\n  <button class=\"btn promotional signup-btn\"
        type=\"submit\">Sign up &raquo;</button>\n</form>\n\n            </div>\n
        \         </div>\n        </div>\n      </div>\n    </div>\n  </div>\n\n  <div
        id=\"sms-codes-dialog\" class=\"modal-container\">\n  <div class=\"close-modal-background-target\"></div>\n
        \ <div class=\"modal modal-medium draggable\">\n    <div class=\"modal-content\">\n
        \     <button class=\"modal-btn modal-close\"><i class=\"close-medium\"><span
        class=\"hidden-elements\">Close</span></i></button>\n      <div class=\"modal-header\">\n
        \       <h3 class=\"modal-title\">Two-way (sending and receiving) short codes:</h3>\n
        \     </div>\n      <div class=\"modal-body\">\n        \n<table id=\"sms_codes\"
        cellpadding=\"0\" cellspacing=\"0\">\n  <thead>\n    <tr>\n      <th>Country</th>\n
        \     <th>Code</th>\n      <th>For customers of</th>\n    </tr>\n  </thead>\n
        \ <tbody>\n    <tr>\n      <td>United States</td>\n      <td>40404</td>\n
        \     <td>(any)</td>\n    </tr>\n    <tr>\n      <td>Canada</td>\n      <td>21212</td>\n
        \     <td>(any)</td>\n    </tr>\n    <tr>\n      <td>United Kingdom</td>\n
        \     <td>86444</td>\n      <td>Vodafone, Orange, 3, O2</td>\n    </tr>\n
        \   <tr>\n      <td>Brazil</td>\n      <td>40404</td>\n      <td>Nextel, TIM</td>\n
        \   </tr>\n    <tr>\n      <td>Haiti</td>\n      <td>40404</td>\n      <td>Digicel,
        Voila</td>\n    </tr>\n    <tr>\n      <td>Ireland</td>\n      <td>51210</td>\n
        \     <td>Vodafone, O2</td>\n    </tr>\n    <tr>\n      <td>India</td>\n      <td>53000</td>\n
        \     <td>Bharti Airtel, Videocon, Reliance</td>\n    </tr>\n    <tr>\n      <td>Indonesia</td>\n
        \     <td>89887</td>\n      <td>AXIS, 3, Telkomsel, Indosat, XL Axiata</td>\n
        \   </tr>\n    <tr>\n      <td rowspan=\"2\">Italy</td>\n      <td>4880804</td>\n
        \     <td>Wind</td>\n    </tr>\n    <tr>\n      <td>3424486444</td>\n      <td>Vodafone</td>\n
        \   </tr>\n  </tbody>\n  <tfoot>\n    <tr>\n      <td colspan=\"3\">\n        &raquo;
        <a target=\"_blank\" href=\"http://support.twitter.com/articles/14226-how-to-find-your-twitter-short-code-or-long-code\">See
        SMS short codes for other countries</a>\n      </td>\n    </tr>\n  </tfoot>\n</table>\n
        \     </div>\n    </div>\n  </div>\n</div>\n\n  </body>\n</html>\n  <input
        type=\"hidden\" id=\"init-data\" class=\"json-data\" value=\"{&quot;macawSwift&quot;:true,&quot;assetsBasePath&quot;:&quot;http:\\/\\/a0.twimg.com\\/a\\/1354181157\\/&quot;,&quot;environment&quot;:&quot;production&quot;,&quot;sandboxes&quot;:{&quot;jsonp&quot;:&quot;https:\\/\\/si0.twimg.com\\/a\\/1354181157\\/jsonp_sandbox.html&quot;,&quot;detailsPane&quot;:&quot;https:\\/\\/si0.twimg.com\\/a\\/1354181157\\/details_pane_content_sandbox.html&quot;},&quot;formAuthenticityToken&quot;:&quot;534b1f63cb6170dbcb7348a3f71287218ec2c895&quot;,&quot;loggedIn&quot;:false,&quot;screenName&quot;:null,&quot;scribeBufferSize&quot;:3,&quot;pageName&quot;:&quot;big_photo_permalink&quot;,&quot;sectionName&quot;:&quot;permalink&quot;,&quot;scribeMetrics&quot;:0,&quot;internalReferer&quot;:null,&quot;useNewScribeEndpoint&quot;:true,&quot;experiments&quot;:{},&quot;geoEnabled&quot;:false,&quot;typeaheadData&quot;:{&quot;accounts&quot;:{&quot;localQueriesEnabled&quot;:false,&quot;remoteQueriesEnabled&quot;:false,&quot;blockedIds&quot;:[],&quot;enabled&quot;:false},&quot;savedSearches&quot;:{&quot;enabled&quot;:false,&quot;items&quot;:[]},&quot;topics&quot;:{&quot;localQueriesEnabled&quot;:false,&quot;remoteQueriesEnabled&quot;:false,&quot;enabled&quot;:false},&quot;showDebugInfo&quot;:false},&quot;pushStatePageLimit&quot;:500000,&quot;routes&quot;:{&quot;profile&quot;:&quot;\\/&quot;},&quot;pushState&quot;:true,&quot;asyncSocialProof&quot;:true,&quot;href&quot;:&quot;\\/twitter\\/status\\/76360760606986241\\/photo\\/1&quot;,&quot;current_user_has_new_profile_design&quot;:null,&quot;searchPathWithQuery&quot;:&quot;\\/search?q=query&amp;src=typd&quot;,&quot;smsDeviceVerified&quot;:null,&quot;deviceEnabled&quot;:false,&quot;hasPushDevice&quot;:null,&quot;initialState&quot;:{&quot;title&quot;:&quot;Twitter
        \\/ twitter: #Photos on Twitter: taking ...&quot;,&quot;section&quot;:null,&quot;module&quot;:&quot;app\\/pages\\/permalink_photo&quot;,&quot;cache_ttl&quot;:300,&quot;body_class_names&quot;:&quot;t1
        logged-out user-style-twitter&quot;,&quot;doc_class_names&quot;:&quot;route-bigPhotoPermalink&quot;,&quot;page_container_class_names&quot;:&quot;wrapper
        wrapper-big_photo_permalink white&quot;},&quot;includeEmbedLink&quot;:true,&quot;embedData&quot;:{&quot;status&quot;:{&quot;created_at&quot;:&quot;Thu
        Jun 02 18:53:19 +0000 2011&quot;,&quot;id&quot;:76360760606986241,&quot;id_str&quot;:&quot;76360760606986241&quot;,&quot;text&quot;:&quot;#Photos
        on Twitter: taking flight http:\\/\\/t.co\\/qbJx26r&quot;,&quot;source&quot;:&quot;web&quot;,&quot;truncated&quot;:false,&quot;in_reply_to_status_id&quot;:null,&quot;in_reply_to_status_id_str&quot;:null,&quot;in_reply_to_user_id&quot;:null,&quot;in_reply_to_user_id_str&quot;:null,&quot;in_reply_to_screen_name&quot;:null,&quot;user&quot;:{&quot;id&quot;:783214,&quot;id_str&quot;:&quot;783214&quot;,&quot;name&quot;:&quot;Twitter&quot;,&quot;screen_name&quot;:&quot;twitter&quot;,&quot;location&quot;:&quot;San
        Francisco, CA&quot;,&quot;url&quot;:&quot;http:\\/\\/blog.twitter.com\\/&quot;,&quot;description&quot;:&quot;Your
        official source for news, updates and tips from Twitter, Inc.&quot;,&quot;protected&quot;:false,&quot;followers_count&quot;:14905650,&quot;friends_count&quot;:1143,&quot;listed_count&quot;:74215,&quot;created_at&quot;:&quot;Tue
        Feb 20 14:35:54 +0000 2007&quot;,&quot;favourites_count&quot;:20,&quot;utc_offset&quot;:-28800,&quot;time_zone&quot;:&quot;Pacific
        Time (US &amp; Canada)&quot;,&quot;geo_enabled&quot;:true,&quot;verified&quot;:true,&quot;statuses_count&quot;:1482,&quot;lang&quot;:&quot;en&quot;,&quot;contributors_enabled&quot;:true,&quot;is_translator&quot;:false,&quot;profile_background_color&quot;:&quot;ACDED6&quot;,&quot;profile_background_image_url&quot;:&quot;http:\\/\\/a0.twimg.com\\/profile_background_images\\/657090062\\/l1uqey5sy82r9ijhke1i.png&quot;,&quot;profile_background_image_url_https&quot;:&quot;https:\\/\\/si0.twimg.com\\/profile_background_images\\/657090062\\/l1uqey5sy82r9ijhke1i.png&quot;,&quot;profile_background_tile&quot;:true,&quot;profile_image_url&quot;:&quot;http:\\/\\/a0.twimg.com\\/profile_images\\/2284174758\\/v65oai7fxn47qv9nectx_normal.png&quot;,&quot;profile_image_url_https&quot;:&quot;https:\\/\\/si0.twimg.com\\/profile_images\\/2284174758\\/v65oai7fxn47qv9nectx_normal.png&quot;,&quot;profile_banner_url&quot;:&quot;https:\\/\\/si0.twimg.com\\/profile_banners\\/783214\\/1347405327&quot;,&quot;profile_link_color&quot;:&quot;038543&quot;,&quot;profile_sidebar_border_color&quot;:&quot;EEEEEE&quot;,&quot;profile_sidebar_fill_color&quot;:&quot;F6F6F6&quot;,&quot;profile_text_color&quot;:&quot;333333&quot;,&quot;profile_use_background_image&quot;:true,&quot;default_profile&quot;:false,&quot;default_profile_image&quot;:false,&quot;following&quot;:null,&quot;follow_request_sent&quot;:null,&quot;notifications&quot;:null},&quot;geo&quot;:null,&quot;coordinates&quot;:null,&quot;place&quot;:null,&quot;contributors&quot;:null,&quot;retweet_count&quot;:913,&quot;favorited&quot;:false,&quot;retweeted&quot;:false,&quot;possibly_sensitive&quot;:false},&quot;in_reply_to_status&quot;:null,&quot;embed_code_url&quot;:&quot;\\/twitter\\/oembed\\/76360760606986241.json&quot;},&quot;tweetId&quot;:&quot;76360760606986241&quot;,&quot;endpoint&quot;:null,&quot;uncappedConversation&quot;:null}\">\n
        \   <input type=\"hidden\" class=\"loadrunner-alias json-data\" value=\"{&quot;$bundle/core.e777f5548b65c281be350b48053ab458de915b5c.js&quot;:[&quot;components/flight/lib/utils&quot;,&quot;components/flight/lib/registry&quot;,&quot;components/flight/lib/debug&quot;,&quot;components/flight/lib/compose&quot;,&quot;components/flight/lib/advice&quot;,&quot;components/flight/lib/component&quot;,&quot;core/component&quot;,&quot;core/registry&quot;,&quot;core/clock&quot;,&quot;core/compose&quot;,&quot;core/advice&quot;,&quot;core/parameterize&quot;,&quot;core/i18n&quot;,&quot;components/flight/lib/logger&quot;,&quot;core/logger&quot;,&quot;core/utils&quot;,&quot;debug/debug&quot;,&quot;app/utils/querystring&quot;,&quot;app/utils/params&quot;,&quot;app/utils/auth_token&quot;,&quot;app/data/scribe_transport&quot;,&quot;app/data/client_event&quot;,&quot;app/data/with_scribe&quot;,&quot;app/data/scribe_monitor&quot;,&quot;app/data/ddg&quot;,&quot;app/ui/with_interaction_data&quot;,&quot;app/utils/scribe_item_types&quot;,&quot;app/utils/scribe_association_types&quot;,&quot;app/data/with_interaction_data_scribe&quot;,&quot;app/data/tweet_actions_scribe&quot;,&quot;app/data/user_actions_scribe&quot;,&quot;app/data/with_card_metadata&quot;,&quot;app/data/item_actions_scribe&quot;,&quot;app/data/navigation_scribe&quot;,&quot;app/boot/scribing&quot;,&quot;app/utils/full_path&quot;,&quot;app/ui/navigation&quot;,&quot;app/utils/time&quot;,&quot;app/data/navigation&quot;,&quot;app/ui/with_dropdown&quot;,&quot;app/ui/language_dropdown&quot;,&quot;app/ui/google&quot;,&quot;app/utils/cookie&quot;,&quot;app/ui/impression_cookies&quot;,&quot;app/data/with_auth_token&quot;,&quot;app/data/with_data&quot;,&quot;app/data/promoted_logger&quot;,&quot;app/ui/message_drawer&quot;,&quot;$lib/bootstrap_tooltip.js&quot;,&quot;app/ui/tooltips&quot;,&quot;app/boot/common&quot;,&quot;app/ui/with_position&quot;,&quot;app/ui/with_scrollbar_width&quot;,&quot;$lib/jquery.event.drag.js&quot;,&quot;app/ui/with_dialog&quot;,&quot;app/ui/dialogs/signin_or_signup&quot;,&quot;app/ui/forms/input_with_placeholder&quot;,&quot;app/ui/signup_call_out&quot;,&quot;app/data/signup_click_scribe&quot;,&quot;app/boot/logged_out&quot;,&quot;app/utils/ttft&quot;],&quot;$bundle/boot.5d1d30b4933604c0fe530eeb425b481279699f67.js&quot;:[&quot;app/data/geo&quot;,&quot;app/data/tweet&quot;,&quot;app/ui/tweet_dialog&quot;,&quot;app/ui/new_tweet_button&quot;,&quot;app/data/tweet_box_scribe&quot;,&quot;lib/twitter-text&quot;,&quot;app/ui/with_character_counter&quot;,&quot;app/utils/with_event_params&quot;,&quot;app/utils/caret&quot;,&quot;app/utils/storage/core&quot;,&quot;$lib/gibberish-aes.js&quot;,&quot;app/utils/crypto/aes&quot;,&quot;app/utils/storage/with_crypto&quot;,&quot;app/utils/storage/with_expiry&quot;,&quot;app/utils/storage/array/with_array&quot;,&quot;app/utils/storage/array/with_max_elements&quot;,&quot;app/utils/storage/array/with_unique_elements&quot;,&quot;app/utils/storage/custom&quot;,&quot;app/ui/with_draft_tweets&quot;,&quot;app/ui/with_text_polling&quot;,&quot;app/ui/with_rtl_tweet_box&quot;,&quot;app/ui/toolbar&quot;,&quot;app/ui/tweet_box&quot;,&quot;$lib/jquery.swfobject.js&quot;,&quot;app/utils/image&quot;,&quot;app/utils/image_thumbnail&quot;,&quot;app/ui/tweet_box_thumbnails&quot;,&quot;app/utils/image_resize&quot;,&quot;app/ui/with_image_selection&quot;,&quot;app/ui/image_selector&quot;,&quot;app/ui/with_autocomplete_helpers&quot;,&quot;app/utils/string&quot;,&quot;app/ui/autocomplete_dropdown&quot;,&quot;app/utils/levenshtein&quot;,&quot;app/utils/cached_ajax&quot;,&quot;app/data/autocomplete&quot;,&quot;app/ui/with_click_outside&quot;,&quot;app/ui/geo_picker&quot;,&quot;app/ui/tweet_box_manager&quot;,&quot;app/boot/tweet_boxes&quot;,&quot;app/ui/user_dropdown&quot;,&quot;app/ui/signin_dropdown&quot;,&quot;app/ui/search_input&quot;,&quot;app/ui/global_nav&quot;,&quot;app/ui/navigation_links&quot;,&quot;app/data/typeahead/with_cache&quot;,&quot;app/utils/typeahead_helpers&quot;,&quot;app/data/with_datasource_helpers&quot;,&quot;app/data/typeahead/accounts_datasource&quot;,&quot;app/data/typeahead/saved_searches_datasource&quot;,&quot;app/data/typeahead/with_external_event_listeners&quot;,&quot;app/data/typeahead/topics_datasource&quot;,&quot;app/data/typeahead/typeahead&quot;,&quot;app/ui/typeahead/with_accounts&quot;,&quot;app/ui/typeahead/with_saved_searches&quot;,&quot;app/ui/typeahead/with_topics&quot;,&quot;app/ui/typeahead/typeahead_dropdown&quot;,&quot;app/ui/typeahead/typeahead_input&quot;,&quot;app/data/typeahead_scribe&quot;,&quot;app/boot/top_bar&quot;,&quot;app/ui/keyboard_shortcuts&quot;,&quot;app/ui/dialogs/keyboard_shortcuts_dialog&quot;,&quot;app/ui/dialogs/with_modal_tweet&quot;,&quot;app/ui/dialogs/retweet_dialog&quot;,&quot;app/ui/dialogs/delete_tweet_dialog&quot;,&quot;app/ui/dialogs/confirm_dialog&quot;,&quot;app/ui/dialogs/list_membership_dialog&quot;,&quot;app/ui/dialogs/list_operations_dialog&quot;,&quot;app/data/direct_messages&quot;,&quot;app/data/direct_messages_scribe&quot;,&quot;app/ui/with_timestamp_updating&quot;,&quot;app/ui/direct_message_dialog&quot;,&quot;app/boot/direct_messages&quot;,&quot;app/data/profile_popup&quot;,&quot;app/data/profile_popup_scribe&quot;,&quot;app/ui/with_user_actions&quot;,&quot;app/ui/with_item_actions&quot;,&quot;app/ui/with_profile_stats&quot;,&quot;app/ui/with_handle_overflow&quot;,&quot;app/ui/profile_popup&quot;,&quot;app/data/user&quot;,&quot;app/data/lists&quot;,&quot;app/boot/profile_popup&quot;,&quot;app/data/autocomplete_scribe&quot;,&quot;app/ui/dialogs/goto_user_dialog&quot;,&quot;app/utils/setup_polling_with_backoff&quot;,&quot;app/ui/page_title&quot;,&quot;app/ui/feedback/feedback_dialog&quot;,&quot;app/ui/feedback/feedback_report_link_handler&quot;,&quot;app/data/feedback/feedback&quot;,&quot;app/ui/search_query_source&quot;,&quot;app/ui/banners/email_banner&quot;,&quot;app/data/email_banner&quot;,&quot;app/ui/dialogs/share_via_email_dialog&quot;,&quot;app/boot/app&quot;],&quot;$bundle/frontpage.746dee557407832afe68cfb79f3d30880deac309.js&quot;:[&quot;app/data/frontpage_scribe&quot;,&quot;app/ui/cookie_warning&quot;,&quot;app/pages/frontpage&quot;,&quot;app/pages/login&quot;],&quot;$bundle/signup.a1207dec29ff88892926b7245c258e95342cb54a.js&quot;:[&quot;app/ui/signup/with_captcha&quot;,&quot;app/utils/common_regexp&quot;,&quot;app/ui/signup/with_signup_validation&quot;,&quot;app/ui/signup/signup_form&quot;,&quot;app/ui/with_password_strength&quot;,&quot;app/data/signup_data&quot;,&quot;app/data/settings&quot;,&quot;app/data/signup_scribe&quot;,&quot;app/ui/signup/suggestions&quot;,&quot;app/ui/signup/small_print_expander&quot;,&quot;app/ui/signin_dropdown&quot;,&quot;app/ui/signup_download/us_phone_number_checker&quot;,&quot;app/pages/signup/signup&quot;],&quot;$bundle/tweets.6bd5c9893c9d261f7d29fb77a5d9cb5ca8c5b9a2.js&quot;:[&quot;app/utils/twt&quot;,&quot;app/ui/dialogs/embed_tweet&quot;,&quot;app/data/tweet_actions&quot;,&quot;app/ui/expando/with_expanding_containers&quot;,&quot;app/ui/expando/expando_helpers&quot;,&quot;app/utils/tweet_helper&quot;,&quot;app/ui/with_tweet_actions&quot;,&quot;app/ui/with_user_actions&quot;,&quot;app/ui/with_item_actions&quot;,&quot;app/ui/tweets&quot;,&quot;app/ui/tweet_injector&quot;,&quot;app/ui/expando/with_expanding_social_activity&quot;,&quot;app/utils/caret&quot;,&quot;app/ui/expando/expanding_tweets&quot;,&quot;app/data/url_resolver&quot;,&quot;app/ui/media/phoenix_shim&quot;,&quot;app/ui/media/types&quot;,&quot;$lib/easyXDM.js&quot;,&quot;app/utils/easy_xdm&quot;,&quot;app/utils/sandboxed_ajax&quot;,&quot;app/ui/media/with_legacy_icons&quot;,&quot;app/utils/third_party_application&quot;,&quot;app/ui/media/legacy_embed&quot;,&quot;app/ui/media/with_legacy_embeds&quot;,&quot;app/ui/media/with_flag_action&quot;,&quot;app/ui/media/with_hidden_display&quot;,&quot;app/ui/media/with_legacy_media&quot;,&quot;app/ui/media/with_native_media&quot;,&quot;app/ui/media/media_tweets&quot;],&quot;$bundle/timeline.8e4cb4143b3af9896b23eaf6addc2471921aa303.js&quot;:[&quot;app/data/trends&quot;,&quot;app/utils/scribe_event_initiators&quot;,&quot;app/data/trends_scribe&quot;,&quot;app/ui/trends/trends&quot;,&quot;app/ui/trends/trends_dialog&quot;,&quot;app/boot/trends&quot;,&quot;app/ui/infinite_scroll_watcher&quot;,&quot;app/data/timeline&quot;,&quot;app/boot/timeline&quot;,&quot;app/data/activity_popup&quot;,&quot;app/ui/dialogs/activity_popup&quot;,&quot;app/data/activity_popup_scribe&quot;,&quot;app/boot/activity_popup&quot;,&quot;app/data/conversations&quot;,&quot;app/data/media_settings&quot;,&quot;app/ui/dialogs/sensitive_flag_confirmation&quot;,&quot;app/ui/user_actions&quot;,&quot;app/boot/tweets&quot;,&quot;app/boot/help_pips_enable&quot;,&quot;app/data/help_pips&quot;,&quot;app/data/help_pips_scribe&quot;,&quot;app/ui/help_pip&quot;,&quot;app/ui/help_pips_injector&quot;,&quot;app/boot/help_pips&quot;,&quot;app/ui/expando/close_all_button&quot;,&quot;app/ui/timelines/with_keyboard_navigation&quot;,&quot;app/ui/with_focus_highlight&quot;,&quot;app/ui/timelines/with_base_timeline&quot;,&quot;app/ui/timelines/with_old_items&quot;,&quot;app/utils/chrome&quot;,&quot;app/ui/timelines/with_traveling_ptw&quot;,&quot;app/ui/timelines/with_autoplaying_timeline&quot;,&quot;app/ui/timelines/with_polling&quot;,&quot;app/ui/timelines/with_new_items&quot;,&quot;app/ui/timelines/with_tweet_pagination&quot;,&quot;app/ui/timelines/with_activity_supplements&quot;,&quot;app/ui/timelines/tweet_timeline&quot;,&quot;app/boot/tweet_timeline&quot;,&quot;app/ui/who_to_follow/with_user_recommendations&quot;,&quot;app/ui/who_to_follow/who_to_follow_dashboard&quot;,&quot;app/ui/who_to_follow/who_to_follow_timeline&quot;,&quot;app/data/who_to_follow&quot;,&quot;app/data/who_to_follow_scribe&quot;,&quot;app/ui/promptbird&quot;,&quot;app/utils/oauth_popup&quot;,&quot;app/data/promptbird&quot;,&quot;app/data/promptbird_scribe&quot;,&quot;app/ui/dashboard_tweetbox&quot;,&quot;app/utils/boomerang&quot;,&quot;app/ui/profile_stats&quot;,&quot;app/pages/home&quot;,&quot;app/boot/wtf_module&quot;,&quot;app/boot/connect&quot;,&quot;app/pages/connect/interactions&quot;,&quot;app/pages/connect/mentions&quot;,&quot;app/pages/connect/network_activity&quot;,&quot;app/ui/profile/head&quot;,&quot;app/utils/image/image_loader&quot;,&quot;app/ui/media/card_thumbnails&quot;,&quot;app/data/media_timeline&quot;,&quot;app/ui/media/media_thumbnails&quot;,&quot;app/data/media_thumbnails_scribe&quot;,&quot;app/ui/suggested_users&quot;,&quot;app/data/suggested_users&quot;,&quot;app/ui/gallery/gallery&quot;,&quot;app/data/gallery_scribe&quot;,&quot;app/boot/profile&quot;,&quot;app/pages/profile/tweets&quot;,&quot;app/ui/timelines/with_cursor_pagination&quot;,&quot;app/ui/timelines/user_timeline&quot;,&quot;app/boot/user_timeline&quot;,&quot;app/ui/timelines/follower_request_timeline&quot;,&quot;app/data/follower_request&quot;,&quot;app/pages/profile/follower_requests&quot;,&quot;app/pages/profile/followers&quot;,&quot;app/pages/profile/following&quot;,&quot;app/pages/profile/favorites&quot;,&quot;app/ui/timelines/list_timeline&quot;,&quot;app/boot/list_timeline&quot;,&quot;app/pages/profile/lists&quot;,&quot;app/ui/with_stream_users&quot;,&quot;app/ui/with_removable_stream_items&quot;,&quot;app/ui/similar_to&quot;,&quot;app/pages/profile/similar_to&quot;,&quot;app/data/facets&quot;,&quot;app/ui/facets&quot;,&quot;app/ui/dialogs/iph_search_result_dialog&quot;,&quot;app/boot/search&quot;,&quot;app/data/user_search&quot;,&quot;app/data/user_search_scribe&quot;,&quot;app/ui/user_search&quot;,&quot;app/data/saved_searches&quot;,&quot;app/ui/search_dropdown&quot;,&quot;app/data/story_scribe&quot;,&quot;app/data/onebox_scribe&quot;,&quot;app/ui/with_story_clicks&quot;,&quot;$lib/jquery_autoellipsis.js&quot;,&quot;app/utils/ellipsis&quot;,&quot;app/ui/with_story_ellipsis&quot;,&quot;app/ui/search/news_onebox&quot;,&quot;app/ui/search/user_onebox&quot;,&quot;app/ui/search/event_onebox&quot;,&quot;app/ui/search/media_onebox&quot;,&quot;app/ui/search/spelling_corrections&quot;,&quot;app/ui/search/related_queries&quot;,&quot;app/data/search_assistance_scribe&quot;,&quot;app/pages/search/search&quot;,&quot;app/pages/simple_t1&quot;],&quot;$bundle/permalink.327282f02d565093b67c39d0b73927c41090bec6.js&quot;:[&quot;app/ui/permalink_keyboard_support&quot;,&quot;app/ui/hidden_ancestors&quot;,&quot;app/ui/dialogs/sms_codes&quot;,&quot;app/ui/timelines/conversations/descendant_timeline&quot;,&quot;app/ui/timelines/conversations/ancestor_timeline&quot;,&quot;app/data/permalink_scribe&quot;,&quot;app/pages/permalink&quot;,&quot;app/pages/permalink_photo&quot;],&quot;$bundle/lists_permalink.87cb532673e1f481cfa9abacf2a62b64ccc9204d.js&quot;:[&quot;app/ui/list_members_dashboard&quot;,&quot;app/data/list_members_dashboard&quot;,&quot;app/ui/list_follow_card&quot;,&quot;app/data/list_follow_card&quot;,&quot;app/boot/list_permalink&quot;,&quot;app/pages/list/permalink_tweets&quot;,&quot;app/pages/list/permalink_users&quot;],&quot;$bundle/discover.4da100d3711423c0a0203ba9806bf4ed374c257e.js&quot;:[&quot;app/ui/discover_nav&quot;,&quot;app/boot/discover&quot;,&quot;app/ui/timelines/with_story_pagination&quot;,&quot;app/ui/timelines/discover_timeline&quot;,&quot;app/boot/discover_timeline&quot;,&quot;app/data/discover&quot;,&quot;app/ui/with_discover_expando&quot;,&quot;app/ui/discover&quot;,&quot;app/pages/discover/discover&quot;,&quot;app/ui/people_search_input&quot;,&quot;app/pages/who_to_follow/suggestions&quot;],&quot;$bundle/settings.5027b310a10e47cd7d34f673c41c81d8062951e9.js&quot;:[&quot;app/data/settings&quot;,&quot;app/ui/alert_banner&quot;,&quot;app/boot/settings&quot;,&quot;app/data/settings/account_scribe&quot;,&quot;app/data/form_scribe&quot;,&quot;app/ui/with_forgot_password&quot;,&quot;app/ui/password_dialog&quot;,&quot;app/ui/protected_verified_dialog&quot;,&quot;app/ui/email_field_highlight&quot;,&quot;app/ui/validating_fieldset&quot;,&quot;app/ui/email_confirmation&quot;,&quot;app/ui/timezone_detector&quot;,&quot;app/ui/deactivated&quot;,&quot;app/ui/geo_deletion&quot;,&quot;app/ui/settings_controls&quot;,&quot;app/pages/settings/account&quot;,&quot;app/data/settings/applications_scribe&quot;,&quot;app/ui/oauth_revoker&quot;,&quot;app/pages/settings/applications&quot;,&quot;app/data/settings/confirm_deactivation_scribe&quot;,&quot;app/pages/settings/confirm_deactivation&quot;,&quot;app/data/settings/design_scribe&quot;,&quot;$lib/jquery_color_picker.js&quot;,&quot;app/ui/color_picker&quot;,&quot;app/ui/design&quot;,&quot;app/ui/theme_preview&quot;,&quot;app/ui/theme_picker&quot;,&quot;app/ui/image_uploader&quot;,&quot;app/ui/settings/change_photo&quot;,&quot;$lib/jquery_ui.profile.js&quot;,&quot;$lib/jquery_webcam.js&quot;,&quot;app/ui/settings/with_cropper&quot;,&quot;app/ui/settings/with_webcam&quot;,&quot;app/ui/dialogs/profile_image_upload_dialog&quot;,&quot;app/ui/profile_image_monitor&quot;,&quot;app/data/profile_header_scribe&quot;,&quot;app/boot/header_upload&quot;,&quot;app/pages/settings/design&quot;,&quot;app/data/settings/enhanced_profile_scribe&quot;,&quot;app/ui/capped_file_upload&quot;,&quot;app/ui/settings/enhanced_profile_form&quot;,&quot;app/pages/settings/enhanced_profile&quot;,&quot;app/ui/settings/notifications&quot;,&quot;app/pages/settings/notifications&quot;,&quot;app/ui/password&quot;,&quot;app/ui/password_match_pair&quot;,&quot;app/ui/with_password_strength&quot;,&quot;app/ui/password_strength&quot;,&quot;app/pages/settings/password&quot;,&quot;app/boot/avatar_uploading&quot;,&quot;app/data/settings/profile_scribe&quot;,&quot;app/ui/settings/facebook_iframe_height_adjuster&quot;,&quot;app/ui/field_edit_warning&quot;,&quot;app/ui/dialogs/in_product_help_dialog&quot;,&quot;app/ui/bio_box&quot;,&quot;app/pages/settings/profile&quot;,&quot;app/data/settings/facebook_proxy&quot;,&quot;app/ui/settings/with_facebook_container&quot;,&quot;app/ui/settings/facebook_spinner&quot;,&quot;app/ui/settings/with_facebook_banner&quot;,&quot;app/ui/settings/facebook_login&quot;,&quot;app/ui/settings/facebook_connect&quot;,&quot;app/ui/settings/facebook_missing_permissions&quot;,&quot;app/ui/settings/facebook_mismatched_connection&quot;,&quot;app/ui/settings/facebook_connection_conflict&quot;,&quot;app/ui/settings/facebook_connected&quot;,&quot;app/data/settings/facebook_scribe&quot;,&quot;app/pages/settings/facebook&quot;,&quot;app/data/settings/sms_scribe&quot;,&quot;app/ui/forms/select_box&quot;,&quot;app/ui/settings/sms_phone_create_form&quot;,&quot;app/ui/forms/element_group_toggler&quot;,&quot;app/ui/settings/device_verified_form&quot;,&quot;app/ui/settings/sms_phone_verify_form&quot;,&quot;app/pages/settings/sms&quot;,&quot;app/ui/settings/widgets&quot;,&quot;app/pages/settings/widgets&quot;,&quot;app/ui/settings/widgets_configurator&quot;,&quot;app/pages/settings/widgets_configurator&quot;],&quot;$bundle/events.cd233df7ce1e4a5717222de1e18ea845c88f75d8.js&quot;:[&quot;app/ui/timelines/event_timeline&quot;,&quot;app/ui/page_visibility&quot;,&quot;app/data/page_visibility_scribe&quot;,&quot;app/ui/dialogs/uz_survey&quot;,&quot;app/pages/events/hashtag&quot;],&quot;$bundle/accounts.c39a839f3558fbec5be5af0a667249218bb79ae2.js&quot;:[&quot;app/ui/account/password_reset_controls&quot;,&quot;app/ui/password_match_pair&quot;,&quot;app/ui/with_password_strength&quot;,&quot;app/ui/password_strength&quot;,&quot;app/pages/account/password_reset&quot;,&quot;app/ui/captcha_dialog&quot;,&quot;app/ui/account/resend_password_controls&quot;,&quot;app/ui/validating_fieldset&quot;,&quot;app/data/resend_password&quot;,&quot;app/pages/account/resend_password&quot;,&quot;app/ui/account/verify_personal_information_controls&quot;,&quot;app/pages/account/verify_personal_information&quot;,&quot;app/ui/account/verify_device_token_controls&quot;,&quot;app/pages/account/verify_device_token&quot;],&quot;$bundle/search.d000e3cfe33c1a6cb9cc754f1fe81162bfc05ccc.js&quot;:[&quot;app/ui/dialogs/search_operators_dialog&quot;,&quot;app/pages/search/home&quot;,&quot;app/ui/advanced_search&quot;,&quot;app/pages/search/advanced&quot;,&quot;app/ui/search/user&quot;,&quot;app/pages/search/users&quot;],&quot;$bundle/vitonboarding.03b37ea6973ec9da5c9293e8d7cf2598fbbcc353.js&quot;:[&quot;$lib/jquery.hashchange.js&quot;,&quot;app/ui/vit/verification_step&quot;,&quot;app/ui/vit/mobile_topbar&quot;,&quot;app/pages/vit/onboarding&quot;],&quot;$bundle/mobile_gallery.7b023ff656a2396e3195345d249bb7dac3c26cea.js&quot;:[&quot;app/ui/dialogs/mobile_gallery_download_dialog&quot;,&quot;app/ui/mobile_gallery/gallery_buttons&quot;,&quot;app/ui/forms/mobile_gallery_email_form&quot;,&quot;app/data/mobile_gallery/send_download_link&quot;,&quot;app/pages/mobile_gallery/gallery&quot;,&quot;app/pages/mobile_gallery/apps&quot;,&quot;app/ui/mobile_gallery/firefox_tweet_button&quot;,&quot;app/pages/mobile_gallery/firefox&quot;],&quot;$bundle/signup_download.52cf9997bb2871350ae2efe370323e7921f16599.js&quot;:[&quot;app/ui/signup_download/next_and_skip_buttons&quot;,&quot;app/ui/signup_download/us_phone_number_checker&quot;,&quot;app/pages/signup_download/download&quot;,&quot;app/ui/signup_download/signup_phone_verify_form&quot;,&quot;app/pages/signup_download/verify&quot;],&quot;$bundle/welcome.2eedf7fcf7289ae9c9e44394cb60ed7b6b9ea414.js&quot;:[&quot;app/data/welcome/flow_nav_scribe&quot;,&quot;app/data/welcome/preview_stream&quot;,&quot;app/data/welcome/preview_stream_scribe&quot;,&quot;app/ui/welcome/preview_stream_button&quot;,&quot;app/ui/welcome/preview_stream_dialog&quot;,&quot;app/ui/welcome/internal_link_disabler&quot;,&quot;app/boot/welcome&quot;,&quot;app/data/welcome/intro_scribe&quot;,&quot;app/ui/welcome/with_nav_buttons&quot;,&quot;app/ui/welcome/flow_nav&quot;,&quot;app/ui/welcome/intro_video&quot;,&quot;app/pages/welcome/intro&quot;,&quot;app/data/welcome/interests_picker_scribe&quot;,&quot;app/ui/welcome/with_interests&quot;,&quot;app/ui/welcome/custom_interest&quot;,&quot;app/ui/welcome/interests_header_search&quot;,&quot;app/ui/welcome/interests_picker&quot;,&quot;app/pages/welcome/interests&quot;,&quot;app/data/welcome/invitations&quot;,&quot;app/data/welcome/invitations_scribe&quot;,&quot;app/data/welcome/users_cards&quot;,&quot;app/data/welcome/welcome_cards_scribe&quot;,&quot;app/ui/welcome/import_services_cards&quot;,&quot;app/ui/welcome/interests_category_flow_nav&quot;,&quot;app/ui/welcome/with_unmatched_contacts&quot;,&quot;app/ui/welcome/invite_dialog&quot;,&quot;app/ui/welcome/with_card_scribe_context&quot;,&quot;app/ui/welcome/with_more_results&quot;,&quot;app/ui/welcome/with_similarities&quot;,&quot;app/ui/welcome/with_welcome_search&quot;,&quot;app/ui/welcome/users_cards&quot;,&quot;app/pages/welcome/interests_category&quot;,&quot;app/ui/settings/change_photo&quot;,&quot;app/ui/image_uploader&quot;,&quot;app/ui/profile_image_monitor&quot;,&quot;$lib/jquery_ui.profile.js&quot;,&quot;$lib/jquery_webcam.js&quot;,&quot;app/ui/settings/with_cropper&quot;,&quot;app/ui/settings/with_webcam&quot;,&quot;app/ui/dialogs/profile_image_upload_dialog&quot;,&quot;app/boot/avatar_uploading&quot;,&quot;app/data/settings&quot;,&quot;app/ui/alert_banner&quot;,&quot;app/ui/welcome/profile_flow_nav&quot;,&quot;app/ui/welcome/profile_form&quot;,&quot;app/pages/welcome/profile&quot;],&quot;$bundle/directory.5bb8717366f875004b902864cc429411910c67f8.js&quot;:[&quot;app/ui/history_back&quot;,&quot;app/pages/directory/directory&quot;],&quot;$bundle/boomerang.20c3ddac1d60a7cd6aae2d0f2583d8248a45ca6e.js&quot;:[&quot;$lib/boomerang.js&quot;,&quot;app/utils/boomerang_lib&quot;],&quot;$bundle/html2canvas.82a64ea2711e964e829140881de78438319774a0.js&quot;:[&quot;$lib/html2canvas.js&quot;]}\">\n
        \   <input type=\"hidden\" class=\"swift-boot-module\" value=\"app/pages/permalink_photo\">\n
        \ <input type=\"hidden\" id=\"swift-module-path\" value=\"http://a0.twimg.com/c/swift/en\">\n\n
        \ \n    <script src=\"http://a0.twimg.com/c/swift/init.0e6ab7b4025adcd0762e9274b7ebfb9c8bda806a.js\"></script>\n\n"
    http_version: '1.1'
  recorded_at: Mon, 03 Dec 2012 07:57:05 GMT
- request:
    method: get
    uri: http://mypict.me/mMgLU
    body:
      encoding: US-ASCII
      string: ''
    headers:
      accept:
      - ! '*/*'
      user-agent:
      - Ruby
  response:
    status:
      code: 302
      message: Found
    headers:
      date:
      - Mon, 03 Dec 2012 07:57:05 GMT
      server:
      - Apache/2.2.14 (Ubuntu)
      x-powered-by:
      - PHP/5.3.2-1ubuntu4.11
      location:
      - http://mypict.me/mobile.php?id=336583610
      vary:
      - Accept-Encoding
      content-length:
      - '0'
      connection:
      - close
      content-type:
      - text/html
    body:
      encoding: US-ASCII
      string: ''
    http_version: '1.1'
  recorded_at: Mon, 03 Dec 2012 07:57:05 GMT
- request:
    method: get
    uri: http://mypict.me/mobile.php?id=336583610
    body:
      encoding: US-ASCII
      string: ''
    headers:
      accept:
      - ! '*/*'
      user-agent:
      - Ruby
  response:
    status:
      code: 200
      message: OK
    headers:
      date:
      - Mon, 03 Dec 2012 07:57:06 GMT
      server:
      - Apache/2.2.14 (Ubuntu)
      x-powered-by:
      - PHP/5.3.2-1ubuntu4.11
      set-cookie:
      - PHPSESSID=k577p8b5ki8kc8v1t1bsk5ipd7; path=/
      expires:
      - Thu, 19 Nov 1981 08:52:00 GMT
      cache-control:
      - no-store, no-cache, must-revalidate, post-check=0, pre-check=0
      pragma:
      - no-cache
      vary:
      - Accept-Encoding
      content-length:
      - '6887'
      connection:
      - close
      content-type:
      - text/html
    body:
      encoding: US-ASCII
      string: ! "\n\n\n\n<html>\n<head>\n<title>MyPict.me | Mobile</title>\n<meta
        name=\"viewport\" content=\"width=device-width; initial-scale=1.0; maximum-scale=1.0;
        user-scalable=0;\">\n<link rel=\"stylesheet\" type=\"text/css\" href=\"mobile-styles.css\">\n\n<style
        type=\"text/css\">\n\t#adSpace_bottom { width:100%; margin:0px; padding:0px;
        \n\t\tbackground:none; background-size:100%; \n\t\t/* position:fixed; */ float:none;
        z-index: 2; bottom:0px; \n\t\toverflow:hidden;\n\t\ttext-align:center; vertical-align:bottom;\n\t\tmargin-top:
        10px;\n\t}\t\n\t#adTab img { max-width:100%; max-height:100%; }\n\t\n\t\n\t#containerholder
        { margin:0px; padding:0;}\n\t#container {padding-bottom:90px; margin:0px;
        background:none;}\n</style>\n\n<script type='text/javascript'>\nvar tds_dparam6
        = \"\";\n</script>\n\n<script language=\"javascript\"> \nfunction toggle(divname)
        {\n\tvar ele1 = document.getElementById(divname);\n\t\n\tif(ele1.style.display
        == \"block\") {\n\t\tele1.style.display = \"none\";\n  \t}\n\telse {\n\t\tele1.style.display
        = \"block\";\n\t}\n} \n</script>\n\n</head>\n\n<body onLoad=\"MM_preloadImages('images/mobbtn.jpg');adSpaceSizer()\"
        onresize=\"adSpaceSizer()\">\n                    \n<script type=\"text/javascript\">\n
        \   admarvel_partnerId  = '799a979405bbb74b';\n    admarvel_siteId     = '15154';\n
        \   tds_dparam6         = '';\n</script>\n\n\n<div id=\"container\">\n<div
        id=\"containerholder\">\n<div id=\"wrapper\" align=\"center\">\n\n    <div
        id=\"header\">\n    \t<div id=\"headerLeft\" align=\"left\" style=\"width:100%;
        float:left;\"><a href=\"mobile.php\" title=\"UberSocial\" style=\"float:left;\"><img
        src=\"images/UberTwitter.png\" alt=\"UberSocial\" id=\"logo\" border=0 align=\"left\"
        style=\"float:left;\" /></a>\n<a href=\"mobile-search.php?results=Trending\"
        style=\"float:right;\"><img src=\"images/btn_trending.jpg\" border=\"0\" style=\"padding-top:9px;\"
        \ /></a>\n        </div>\n    </div>\n    \n    <div id=\"1\" style=\"display:none;\"
        class=\"mobilebtn\" align=\"center\">\n    \t<a href=\"mobile-search.php?results=Popular\"
        class=\"mobbtn\" onClick=\"_gaq.push(['_trackEvent', 'Trending', 'Select',
        'Mobile Sort']);\"><div class=\"mobbtnshape\" align=\"center\"><div style=\"padding-top:8px;\">Popular
        Photos</div></div></a>\n        <div class=\"line2\"></div>\n        <a href=\"mobile-search.php?results=Trending\"
        class=\"mobbtn\" onClick=\"_gaq.push(['_trackEvent', 'Recent', 'Select', 'Mobile
        Sort']);\"><div class=\"mobbtnshape\" align=\"center\"><div style=\"padding-top:8px;\">Trending
        Photos</div></div></a>\n        <div class=\"line2\"></div>\n        <a href=\"mobile-search.php?results=Recent\"
        class=\"mobbtn\" onClick=\"_gaq.push(['_trackEvent', 'Recent', 'Select', 'Mobile
        Sort']);\"><div class=\"mobbtnshape\" align=\"center\"><div style=\"padding-top:8px;\">Recent
        Photos</div></div></a>\n    </div>\n    \n                <div style=\"margin-left:-10px\">\n
        \           <script type=\"text/javascript\"  src=\"admarvel_mobile.js\"></script>\n
        \       </div>\n        \n    <div id=\"content\">\n\n\t<div class=\"mainContainer\">\n
        \         <div style=\"width:100%; float:left;\" align=\"center\">\n            <a
        href=\"http://mypict.me.s3.amazonaws.com/upload/images4/upload/0/336/583/336583610.jpg\">\n
        \             <img border=\"0\" src=\"http://mypict.me.s3.amazonaws.com/upload/images4/upload/0/336/583/336583610-500x500.jpg\"
        width=\"300px\" />\n            </a>\n          </div>\n          <div class=\"line\"></div>\n
        \         <div style=\"height:50px; width:50px; float:left;\">\n            <!--
        TWITTER USER PROFILE PICTURE -->       \n            <div id='profPic2'>\n
        \           </div>\n          </div>\n            \n          <div style=\"width:80%;
        float:right;\" align=\"left\">\n            <h3>AngelAlessandra uploaded a
        photo.</h3>\n            <h5>AngelAlessandra tweeted: Come check out phillips
        satin perfect spring fashion show! Getting ready to start again soon!</h5>\n
        \         </div>\n          <div style=\"width:80%; float:right;\" align=\"left\">\n
        \           <h5 style=\"color:#999;\">Photo views: 11482 | Uploaded: Fri,
        March 23 2012, 9:28 pm GMT.</h5>\n            <br>\n          </div>\n          <div
        class=\"line2\"></div>\n          <div style=\"width:80%; float:right; height:30px;
        background:url(images/iconbase.jpg) no-repeat right\" align=\"right\">\n          \t\t<h5
        style=\"color:#999;\">\n                <a onClick=\"return confirm('You sure
        you want to flag this image as inappropriate?');\" href=\"mailto:adops@ubermedia.com?body=Picture
        ID of reported Image: 336583610 | User ID of Reported Image: AngelAlessandra&subject=Inappropriate
        Content\" style=\"text-decoration:none;\"> <img src=\"images/report.png\"
        height=\"25\" width=\"25\" border=\"0\" style=\"float:right; padding-top:1px;\"><p
        style=\"margin:6px; float:right; color:#FFF;\">Report</p></a></h5>\n                \n
        \         </div>\n          \n        </div>\n        \n  \t</div>\n    <br/>\n
        \   <br/>\n    \n    <div class=\"clearFooter\">\n    </div>\n  \n</div> <!--
        Close Wrapper -->\n\n<!--/* OpenX IFrame tag */-->\n<iframe id=\"50608fcc2f182\"
        name=\"50608fcc2f182\" src=\"http://d-as.ubermedia.com/mw/1.0/afr?auid=289549&cb=INSERT_RANDOM_NUMBER_HERE\"
        frameBorder=\"0\" frameSpacing=\"0\" scrolling=\"no\" width=\"320\" height=\"50\"><a
        href=\"http://d-as.ubermedia.com/mw/1.0/rc?cs=50608fcc2f182&cb=INSERT_RANDOM_NUMBER_HERE\"
        ><img src=\"http://d-as.ubermedia.com/mw/1.0/ai?auid=289549&cs=50608fcc2f182&cb=INSERT_RANDOM_NUMBER_HERE\"
        border=\"0\" alt=\"\"></a></iframe>\n\n<div id=\"footer\" align=\"center\">\n\t<h4><a
        href=\"mailto:mypictsupport@ubermedia.com\" target=\"_blank\" class=\"footerLink\">Contact
        Us</a></h4>\n\n<script type=\"text/javascript\">\n\n  var _gaq = _gaq || [];\n
        \ _gaq.push(['_setAccount', 'UA-31812831-1']);\n  _gaq.push(['_trackPageview']);\n\n
        \ (function() {\n    var ga = document.createElement('script'); ga.type =
        'text/javascript'; ga.async = true;\n    ga.src = ('https:' == document.location.protocol
        ? 'https://ssl' : 'http://www') + '.google-analytics.com/ga.js';\n    var
        s = document.getElementsByTagName('script')[0]; s.parentNode.insertBefore(ga,
        s);\n  })();\n\n</script>\n</div>\n\n<script>\nvar profile_image;\nvar profile_desc;\n\nfunction
        showAvatar(data)\n{\n    profile_image = data.profile_image_url;\n\tprofile_desc
        = \"\" + data.description;\n\t\n\tif(profile_desc == \"\") {\n\t\tprofile_desc
        = \"Description could not be found.\";\n\t}\n}\n</script>\n\n<!-- CONNECT
        TO TWITTER -->\n<script src=\"http://api.twitter.com/1/users/show.json?screen_name=AngelAlessandra&callback=showAvatar\"></script>\n\n<!--
        TWITTER PROFILE DESCRIPTION -->\n<script type=\"text/javascript\">\n\tdocument.getElementById('profDesc').innerHTML
        = profile_desc;\n</script>\n\n<!-- TWITTER PROFILE IMAGE -->\n<script type=\"text/javascript\">\n\tdocument.getElementById('profPic').innerHTML
        = '<img src=\"'+profile_image+'\" width=\"48\" height=\"48\" border=\"1\"
        style=\"border:#FFF; float:right; padding:5px; margin:-5px;\" />';\n\tdocument.getElementById('profPic2').innerHTML
        = '<img src=\"'+profile_image+'\" width=\"48\" height=\"48\" border=\"1\"
        style=\"border:#FFF; float:right; padding:5px; margin:-5px;\" />';\n</script>\n
        \   </div>\n</div>\n\n<script type=\"text/javascript\" src=\"adspace.js\"></script>\n\n</body>\n</html>\n\n"
    http_version: '1.1'
  recorded_at: Mon, 03 Dec 2012 07:57:06 GMT
recorded_with: VCR 2.3.0
